=== 異常值列數（依資料代表日期歸月）===
Key: <月>
        月 臺東公路 臺東市區 花蓮公路 花蓮市區
    <char>    <int>    <int>    <int>    <int>
 1: 113/06      123      806     1212      307
 2: 113/07      433      175     2802      577
 3: 113/08      125      238     1467      261
 4: 113/09       89      518     1029      380
 5: 113/10      103      463      991      316
 6: 113/11      120      698     1432      419
 7: 113/12       84      211     1234      253
 8: 114/01       67      129      919      195
 9: 114/02       59      179      970      172
10: 114/03       49      169      991      187
11: 114/04       55      267     1208      208
12: 114/05       34      225     1151      213
13: 114/06       42      250      993      168
14: 114/07       44      270     1075      149
15: 114/08       44      333     1190     1745
16: 114/09       39     1708     1174     3562
17: 114/10       45     2052      510     4098
18: 114/11       36        0      468      162
19: 114/12       26        0      417      217
20: 115/01        0        0        0        0
21: 115/02        0        0        0        0
22: 115/03        0        0        0        0
23: 115/04        0        0        0        0
24: 115/05        0        0        0        0
25: 115/06        0        0        0        0
        月 臺東公路 臺東市區 花蓮公路 花蓮市區

=== 異常值占該月列數之百分比 ===
Key: <月>
        月 臺東公路 臺東市區 花蓮公路 花蓮市區
    <char>    <num>    <num>    <num>    <num>
 1: 113/06     0.17     6.55     4.26     1.22
 2: 113/07     0.70     1.52    10.51     2.77
 3: 113/08     0.17     1.61     5.31     1.01
 4: 113/09     0.10     3.59     3.39     1.06
 5: 113/10     0.13     3.44     3.44     0.95
 6: 113/11     0.13     4.32     4.12     1.18
 7: 113/12     0.09     1.53     3.89     0.64
 8: 114/01     0.09     1.18     3.52     0.90
 9: 114/02     0.09     1.77     3.78     0.78
10: 114/03     0.06     1.38     3.07     0.64
11: 114/04     0.07     1.86     3.71     0.71
12: 114/05     0.04     1.52     3.60     0.76
13: 114/06     0.05     1.65     3.31     0.64
14: 114/07     0.07     2.09     3.75     0.72
15: 114/08     0.07     2.31     4.03     7.55
16: 114/09     0.05    13.21     3.76    10.49
17: 114/10     0.05    13.00     1.59    11.67
18: 114/11     0.10     0.00     1.76     0.60
19: 114/12     0.03     0.00     1.31     0.72
20: 115/01     0.00     0.00     0.00     0.00
21: 115/02     0.00     0.00     0.00     0.00
22: 115/03     0.00     0.00     0.00     0.00
23: 115/04     0.00     0.00     0.00     0.00
24: 115/05     0.00     0.00     0.00     0.00
25: 115/06     0.00     0.00     0.00     0.00
        月 臺東公路 臺東市區 花蓮公路 花蓮市區

=== 四組合計 ===
       資料  總列數 異常列數 占比% 未刷下車 未刷上車
     <char>   <int>    <int> <num>    <int>    <int>
1: 花蓮市區  641978    13589  2.12    11919     1642
2: 臺東市區  330996     8691  2.63     7706      985
3: 花蓮公路  749530    21233  2.83     6850     5761
4: 臺東公路 1890026     1617  0.09      873      732

完成
