
[00-setup] 完成。資料路徑： D:\Github\115_Final-Report/data 
[00-setup] 輸出路徑： D:\Github\115_Final-Report/review/A-資料缺漏與異常/output 

讀取： 公路客運2024_to_202606.csv  欄位： 搭乘路線名稱, 搭乘附屬路線名稱, 搭乘公車路線方向, 上車站牌代碼, 上車站牌名稱, 下車站牌代碼, 下車站牌名稱, 上車計費站序資料, 下車站牌站序, 刷卡上車時間, 刷卡下車時間, 資料代表日期(yyyy-MM-dd) 
讀取： 花蓮縣公車.csv  欄位： 搭乘路線名稱, 搭乘附屬路線名稱, 搭乘公車路線方向, 上車站牌代碼, 上車站牌名稱, 下車站牌代碼, 下車站牌名稱, 上車計費站序資料, 下車站牌站序, 刷卡上車時間, 刷卡下車時間, 資料代表日期(yyyy-MM-dd) 
讀取： 臺東縣公車.csv  欄位： 搭乘路線名稱, 搭乘附屬路線名稱, 搭乘公車路線方向, 上車站牌代碼, 上車站牌名稱, 下車站牌代碼, 下車站牌名稱, 上車計費站序資料, 下車站牌站序, 刷卡上車時間, 刷卡下車時間, 資料代表日期(yyyy-MM-dd) 
讀取完成： 54 secs 

============================================================
花蓮公路
============================================================
距離表共 52 個「路線×附屬×方向」，其中首末站相同（閉合）0 個
Empty data.table (0 rows and 6 cols): 搭乘附屬路線名稱,搭乘公車路線方向,站數,全長_公里,首站名,末站名

負值票證依距離表是否閉合：
     閉合 負值票證 abs平均_公里 環繞平均_公里
   <lgcl>    <int>        <num>         <num>
1:  FALSE      471        15.44           NaN
全體代碼配到 660923 筆；負值 471 筆（0.07%），其中落在閉合表者 0.0%

四案月平均里程（公里）：
Key: <月份>
      月份 甲_abs 乙_丟負值 丙_排除閉合表 丁_閉合用環繞
    <char>  <num>     <num>         <num>         <num>
 1: 113/06  22.44     22.44         22.44         22.44
 2: 113/07  23.56     23.57         23.56         23.56
 3: 113/08  23.41     23.41         23.41         23.41
 4: 113/09  21.72     21.72         21.72         21.72
 5: 113/10  21.06     21.06         21.06         21.06
 6: 113/11  20.72     20.74         20.72         20.72
 7: 113/12  21.67     21.68         21.67         21.67
 8: 114/01  22.63     22.65         22.63         22.63
 9: 114/02  22.45     22.45         22.45         22.45
10: 114/03  21.51     21.51         21.51         21.51
11: 114/04  21.58     21.58         21.58         21.58
12: 114/05  21.43     21.42         21.43         21.43
13: 114/06  22.31     22.31         22.31         22.31
14: 114/07  23.26     23.26         23.26         23.26
15: 114/08  23.25     23.26         23.25         23.25
16: 114/09  20.95     20.96         20.95         20.95
17: 114/10  20.80     20.81         20.80         20.80
18: 114/11  20.63     20.62         20.63         20.63
19: 114/12  20.99     20.99         20.99         20.99
20: 115/01  20.64     20.64         20.64         20.64
21: 115/02  22.95     22.95         22.95         22.95
22: 115/03  20.20     20.20         20.20         20.20
23: 115/04  21.15     21.15         21.15         21.15
24: 115/05  20.46     20.47         20.46         20.46
25: 115/06  21.18     21.19         21.18         21.18
      月份 甲_abs 乙_丟負值 丙_排除閉合表 丁_閉合用環繞
甲−丁：平均 0.00、最大 0.00（113/06）

============================================================
臺東公路
============================================================
距離表共 97 個「路線×附屬×方向」，其中首末站相同（閉合）6 個
   搭乘附屬路線名稱 搭乘公車路線方向  站數 全長_公里     首站名     末站名
             <char>           <char> <int>     <num>     <char>     <char>
1:            8168A                0    14     68.13 台東轉運站 台東轉運站
2:            8101A                0    11    236.78 台東轉運站 台東轉運站
3:            8101B                0     6     97.42 台東轉運站 台東轉運站
4:            8101C                0     7    100.41 台東轉運站 台東轉運站
5:            8101D                0     8    100.84 台東轉運站 台東轉運站
6:              309                0    13    109.82       <NA>       <NA>

負值票證依距離表是否閉合：
     閉合 負值票證 abs平均_公里 環繞平均_公里
   <lgcl>    <int>        <num>         <num>
1:  FALSE      481         5.35           NaN
2:   TRUE    26143       121.21         73.75
全體代碼配到 1764371 筆；負值 26624 筆（1.51%），其中落在閉合表者 98.2%

四案月平均里程（公里）：
Key: <月份>
      月份 甲_abs 乙_丟負值 丙_排除閉合表 丁_閉合用環繞
    <char>  <num>     <num>         <num>         <num>
 1: 113/06  24.60     23.17         22.31         24.15
 2: 113/07  27.52     25.23         24.02         26.56
 3: 113/08  30.07     26.12         24.17         28.26
 4: 113/09  26.29     23.39         21.78         25.14
 5: 113/10  25.28     23.19         21.81         24.52
 6: 113/11  25.11     22.85         21.23         24.35
 7: 113/12  24.71     22.36         21.21         23.36
 8: 114/01  24.74     23.36         22.74         23.96
 9: 114/02  24.51     22.92         22.28         23.58
10: 114/03  23.65     22.19         21.57         22.81
11: 114/04  23.56     22.10         21.47         22.73
12: 114/05  23.55     22.22         21.66         22.78
13: 114/06  24.89     23.18         22.41         23.92
14: 114/07  26.17     24.81         24.21         25.53
15: 114/08  27.36     25.59         24.90         26.39
16: 114/09  23.23     22.14         21.61         22.67
17: 114/10  23.60     22.20         21.56         22.87
18: 114/11  31.54     29.09         28.13         30.25
19: 114/12  22.12     21.41         21.12         21.79
20: 115/01  21.57     21.23         21.07         21.39
21: 115/02  23.62     23.29         23.24         23.44
22: 115/03  21.40     21.06         21.08         21.20
23: 115/04  21.87     21.43         21.46         21.57
24: 115/05  22.10     21.74         21.77         21.85
25: 115/06  22.23     21.99         22.03         22.11
      月份 甲_abs 乙_丟負值 丙_排除閉合表 丁_閉合用環繞
甲−丁：平均 0.72、最大 1.81（113/08）

============================================================
花蓮市區
============================================================
距離表共 33 個「路線×附屬×方向」，其中首末站相同（閉合）6 個
   搭乘附屬路線名稱 搭乘公車路線方向  站數 全長_公里     首站名     末站名
             <char>           <char> <int>     <num>     <char>     <char>
1:             302A                0    27     16.91 新城火車站 新城火車站
2:             302A                1    27     17.33 新城火車站 新城火車站
3:              307                0    27     15.64 花蓮轉運站 花蓮轉運站
4:              307                1    26     15.60 花蓮轉運站 花蓮轉運站
5:              309                0    13    109.82 玉里火車站 玉里火車站
6:              311                0    23     12.44 花蓮轉運站 花蓮轉運站

負值票證依距離表是否閉合：
     閉合 負值票證 abs平均_公里 環繞平均_公里
   <lgcl>    <int>        <num>         <num>
1:  FALSE     1861         8.72           NaN
2:   TRUE    11148        63.63         46.09
全體代碼配到 606362 筆；負值 13009 筆（2.15%），其中落在閉合表者 85.7%

四案月平均里程（公里）：
Key: <月份>
      月份 甲_abs 乙_丟負值 丙_排除閉合表 丁_閉合用環繞
    <char>  <num>     <num>         <num>         <num>
 1: 113/06  18.21     16.66         15.31         18.02
 2: 113/07  17.07     16.05         15.34         16.97
 3: 113/08  18.41     16.37         15.51         17.75
 4: 113/09  17.71     15.74         15.38         16.75
 5: 113/10  17.61     16.00         15.69         16.85
 6: 113/11  15.30     13.96         14.22         14.73
 7: 113/12  16.22     14.55         14.55         15.89
 8: 114/01  13.36     12.34         12.57         13.02
 9: 114/02  13.55     12.54         12.85         13.24
10: 114/03  13.28     12.55         13.22         13.02
11: 114/04  13.31     12.55         13.18         13.04
12: 114/05  12.04     12.04         13.06         12.04
13: 114/06  13.46     12.53         13.23         13.09
14: 114/07  12.67     11.69         12.47         12.29
15: 114/08  13.31     12.25         12.99         12.90
16: 114/09  13.36     12.60         13.44         13.06
17: 114/10  13.14     12.44         13.16         12.87
18: 114/11  11.82     11.39         12.03         11.69
19: 114/12  11.82     11.50         12.20         11.77
20: 115/01  11.03     10.80         11.69         10.83
21: 115/02  11.25     11.13         11.84         11.15
22: 115/03  11.69     11.66         12.29         11.63
23: 115/04  11.47     11.46         12.84         11.41
24: 115/05   9.56      9.25         11.34          9.34
25: 115/06   8.49      8.12         10.05          8.26
      月份 甲_abs 乙_丟負值 丙_排除閉合表 丁_閉合用環繞
甲−丁：平均 0.30、最大 0.96（113/09）

============================================================
臺東市區
============================================================
距離表共 16 個「路線×附屬×方向」，其中首末站相同（閉合）4 個
   搭乘附屬路線名稱 搭乘公車路線方向  站數 全長_公里     首站名     末站名
             <char>           <char> <int>     <num>     <char>     <char>
1:         市區循環                0    31     20.11 台東火車站 台東火車站
2:              101                0    31     20.29 台東火車站 台東火車站
3:              101                1    31     20.16 台東火車站 台東火車站
4:         市區循環                1    31     20.35 台東火車站 台東火車站

負值票證依距離表是否閉合：
     閉合 負值票證 abs平均_公里 環繞平均_公里
   <lgcl>    <int>        <num>         <num>
1:  FALSE     2962         4.44           NaN
全體代碼配到 317648 筆；負值 2962 筆（0.93%），其中落在閉合表者 0.0%

四案月平均里程（公里）：
Key: <月份>
      月份 甲_abs 乙_丟負值 丙_排除閉合表 丁_閉合用環繞
    <char>  <num>     <num>         <num>         <num>
 1: 113/06   8.11      8.11          8.79          8.11
 2: 113/07   8.19      8.19          9.12          8.19
 3: 113/08   8.26      8.26          9.07          8.26
 4: 113/09   7.99      7.99          8.65          7.99
 5: 113/10   7.86      7.86          8.44          7.86
 6: 113/11   7.49      7.49          7.23          7.49
 7: 113/12   7.37      7.45          7.08          7.37
 8: 114/01   7.31      7.36          7.15          7.31
 9: 114/02   7.47      7.53          7.38          7.47
10: 114/03   7.59      7.71          7.73          7.59
11: 114/04   7.91      7.99          8.63          7.91
12: 114/05   7.88      8.02          8.41          7.88
13: 114/06   7.97      8.14          8.52          7.97
14: 114/07   8.09      8.09          8.82          8.09
15: 114/08   8.17      8.17          8.99          8.17
16: 114/09   7.94      8.00          8.64          7.94
17: 114/10   7.92      8.00          8.33          7.92
18: 114/11   7.55      7.55          7.49          7.55
19: 114/12   7.24      7.24          7.10          7.24
20: 115/01   7.29      7.29          7.32          7.29
21: 115/02   7.58      7.58          7.75          7.58
22: 115/03   7.50      7.50          7.67          7.50
23: 115/04   7.93      7.93          8.53          7.93
24: 115/05   7.85      7.85          8.57          7.85
25: 115/06   7.92      7.92          8.83          7.92
      月份 甲_abs 乙_丟負值 丙_排除閉合表 丁_閉合用環繞
甲−丁：平均 0.00、最大 0.00（113/06）

============================================================
時距檢驗（刷卡下車時間 − 刷卡上車時間，小時；時間戳僅到小時）
============================================================

----- 臺東公路 8101A 方向 0 -----

台東轉運站 → 小野柳
   上車碼 上車表站序 下車表站序 票證數 表差_公里 abs_公里 環繞_公里
   <char>      <num>      <num>  <int>     <num>    <num>     <num>
1: 300031          1          3   5297    117.13   117.13    353.91
2: 300030         11          3   5181   -119.65   119.65    117.13
   時距中位_小時 時距平均_小時 時距0小時占比 時距2小時以上占比
           <num>         <num>         <num>             <num>
1:             1             1             0                 0
2:             1             1             0                 0

台東火車站 → 小野柳
   上車碼 上車表站序 下車表站序 票證數 表差_公里 abs_公里 環繞_公里
   <char>      <num>      <num>  <int>     <num>    <num>     <num>
1: 293959         10          3   5231   -113.32   113.32    123.46
   時距中位_小時 時距平均_小時 時距0小時占比 時距2小時以上占比
           <num>         <num>         <num>             <num>
1:             1             1           0.2                 0

阿美族民俗中心 → 成功漁港
   上車碼 上車表站序 下車表站序 票證數 表差_公里 abs_公里 環繞_公里
   <char>      <num>      <num>  <int>     <num>    <num>     <num>
1: 293998          5          6   8397     13.29    13.29    250.07
   時距中位_小時 時距平均_小時 時距0小時占比 時距2小時以上占比
           <num>         <num>         <num>             <num>
1:             1             1             0               0.4

成功漁港 → 三仙台遊憩區
   上車碼 上車表站序 下車表站序 票證數 表差_公里 abs_公里 環繞_公里
   <char>      <num>      <num>  <int>     <num>    <num>     <num>
1: 306025          6          8   7643       5.3      5.3    242.08
   時距中位_小時 時距平均_小時 時距0小時占比 時距2小時以上占比
           <num>         <num>         <num>             <num>
1:             1          0.75            25               0.4

小野柳 → 阿美族民俗中心
   上車碼 上車表站序 下車表站序 票證數 表差_公里 abs_公里 環繞_公里
   <char>      <num>      <num>  <int>     <num>    <num>     <num>
1: 293970          3          5   3709     35.87    35.87    272.65
   時距中位_小時 時距平均_小時 時距0小時占比 時距2小時以上占比
           <num>         <num>         <num>             <num>
1:             0          0.12          88.6               0.2

----- 花蓮市區 309 方向 0 -----

玉里火車站 → 奚卜蘭遊客中心
   上車碼 上車表站序 下車表站序 票證數 表差_公里 abs_公里 環繞_公里
   <char>      <num>      <num>  <int>     <num>    <num>     <num>
1: 304981          1          5   7514     49.37    49.37    159.19
   時距中位_小時 時距平均_小時 時距0小時占比 時距2小時以上占比
           <num>         <num>         <num>             <num>
1:             1          1.27             0              27.3

金剛好事館 → 玉里火車站
   上車碼 上車表站序 下車表站序 票證數 表差_公里 abs_公里 環繞_公里
   <char>      <num>      <num>  <int>     <num>    <num>     <num>
1: 304987          9          1   6523    -77.42    77.42      32.4
   時距中位_小時 時距平均_小時 時距0小時占比 時距2小時以上占比
           <num>         <num>         <num>             <num>
1:             1             1           1.3               1.1

奚卜蘭遊客中心 → 石梯坪
   上車碼 上車表站序 下車表站序 票證數 表差_公里 abs_公里 環繞_公里
   <char>      <num>      <num>  <int>     <num>    <num>     <num>
1: 304985          5          6   3864      4.12     4.12    113.94
   時距中位_小時 時距平均_小時 時距0小時占比 時距2小時以上占比
           <num>         <num>         <num>             <num>
1:             0          0.43            57               0.1

石梯坪 → 北回歸線
   上車碼 上車表站序 下車表站序 票證數 表差_公里 abs_公里 環繞_公里
   <char>      <num>      <num>  <int>     <num>    <num>     <num>
1: 304984          6          7   3982      5.99     5.99    115.81
   時距中位_小時 時距平均_小時 時距0小時占比 時距2小時以上占比
           <num>         <num>         <num>             <num>
1:             0          0.35          64.7                 0

已寫出 output/D1-詮釋-{閉合表清單,負值票證分類,時距對照,四案月平均}.csv
耗時： 3.7 mins 
EXIT=0
