第 16 欄： 刷卡上車時間 
第 20 欄： 刷卡下車時間 
第 30 欄： 資料代表日期(yyyy-MM-dd) 

=== 旗標為 1 的列，隨機 8 筆原始內容（卡號遮蔽）===
      卡號   上車站名        刷卡上車時間 下車站名 刷卡下車時間   旗標 資料代表日期
    <char>     <char>              <POSc>   <char>       <POSc> <char>       <IDat>
1: 2b8413… 台東火車站 2024-08-05 19:00:00      -99   1970-01-01      1   2024-08-05
2: 399f62… 台東火車站 2025-10-21 06:00:00      -99   1970-01-01      1   2025-10-21
3: 35a17d… 台東火車站 2025-08-14 15:00:00      -99   1970-01-01      1   2025-08-14
4: 2b7142…   陽明山莊 2025-10-28 07:00:00      -99   1970-01-01      1   2025-10-28
5: 1bb83b… 台東火車站 2025-05-29 12:00:00      -99   1970-01-01      1   2025-05-29
6: d118a1…   康樂國小 2024-09-05 16:00:00      -99   1970-01-01      1   2024-09-05
7: 2138d0…     拖吊場 2025-10-29 06:00:00      -99   1970-01-01      1   2025-10-29
8: 1c1de7…   康樂國小 2024-10-08 17:00:00      -99   1970-01-01      1   2024-10-08

=== 旗標為 1 的列：資料代表日期是否有效 ===
總列數： 8691   代表日為 1970 者： 0   代表日為 NA 者： 0 
代表日範圍： 2024-06-01 至 2025-10-31 

=== 旗標為 1 的列：刷卡時間 1970 的組成 ===
   上1970 下1970  列數
   <lgcl> <lgcl> <int>
1:  FALSE   TRUE  7706
2:   TRUE  FALSE   985

=== 114/09、114/10 兩個月：旗標為 1 的列數（依資料代表日期歸月）===
       月 旗標1列數
   <char>     <int>
1: 114/08       333
2: 114/09      1708
3: 114/10      2052

=== 114/09 旗標為 1 的列：代表日的逐日分布（前 12 日）===
        代表日  列數
        <Date> <int>
 1: 2025-09-01    63
 2: 2025-09-02    62
 3: 2025-09-03    46
 4: 2025-09-04    65
 5: 2025-09-05    53
 6: 2025-09-06    37
 7: 2025-09-07    39
 8: 2025-09-08    50
 9: 2025-09-09    60
10: 2025-09-10    62
11: 2025-09-11    51
12: 2025-09-12    52
