
========== 花蓮市區　全部乘客 ==========
Key: <月>
        月 旗標占比 人數_含 五次以上%_含 人數_刪 五次以上%_刪    差
    <char>    <num>   <int>        <num>   <int>        <num> <num>
 1: 113/06     1.22   12449         7.69   12353         7.62 -0.07
 2: 113/07     2.77   10051         9.46    9883         9.30 -0.16
 3: 113/08     1.01   11737        11.09   11686        10.93 -0.16
 4: 113/09     1.06   17604         8.67   17504         8.59 -0.08
 5: 113/10     0.95   16473         7.50   16386         7.45 -0.05
 6: 113/11     1.18   18401         6.36   18295         6.26 -0.10
 7: 113/12     0.64   20024         6.75   19923         6.72 -0.03
 8: 114/01     0.90   12584         4.32   12515         4.27 -0.05
 9: 114/02     0.78   12789         4.45   12729         4.40 -0.05
10: 114/03     0.64   16896         4.02   16825         3.97 -0.05
11: 114/04     0.71   17013         4.24   16945         4.21 -0.03
12: 114/05     0.76   17029         3.15   16952         3.16  0.01
13: 114/06     0.64   15003         4.99   14936         4.99  0.00
14: 114/07     0.72   11724         5.42   11675         5.39 -0.03
15: 114/08     7.55   11800         7.35   11708         6.68 -0.67
16: 114/09    10.49   17577         5.21   17456         4.12 -1.09
17: 114/10    11.67   18515         4.52   18412         3.48 -1.04
18: 114/11     0.60   17144         0.69   17104         0.67 -0.02
19: 114/12     0.72   19290         0.61   19234         0.58 -0.03
20: 115/01     0.00   14355         0.58   14355         0.58  0.00
21: 115/02     0.00   12777         0.58   12777         0.58  0.00
22: 115/03     0.00   18803         0.30   18803         0.30  0.00
23: 115/04     0.00   10273         0.35   10273         0.35  0.00
24: 115/05     0.00    6500         0.51    6500         0.51  0.00
25: 115/06     0.00    5509         0.29    5509         0.29  0.00
        月 旗標占比 人數_含 五次以上%_含 人數_刪 五次以上%_刪    差

========== 臺東市區　全部乘客（對照） ==========
Key: <月>
        月 旗標占比 人數_含 五次以上%_含 人數_刪 五次以上%_刪    差
    <char>    <num>   <int>        <num>   <int>        <num> <num>
 1: 113/06     6.55    6509         3.99    6199         3.89 -0.10
 2: 113/07     1.52    6452         3.15    6363         3.17  0.02
 3: 113/08     1.61    8347         3.44    8221         3.38 -0.06
 4: 113/09     3.59    7053         4.89    6944         4.71 -0.18
 5: 113/10     3.44    6570         5.46    6465         5.31 -0.15
 6: 113/11     4.32    7598         6.05    7467         5.68 -0.37
 7: 113/12     1.53    6019         6.36    5964         6.37  0.01
 8: 114/01     1.18    5295         5.67    5242         5.63 -0.04
 9: 114/02     1.77    4819         6.47    4755         6.41 -0.06
10: 114/03     1.38    5633         5.68    5560         5.70  0.02
11: 114/04     1.86    7040         4.53    6939         4.57  0.04
12: 114/05     1.52    7427         4.31    7302         4.33  0.02
13: 114/06     1.65    7551         4.30    7425         4.34  0.04
14: 114/07     2.09    7134         3.59    7009         3.62  0.03
15: 114/08     2.31    8083         2.96    7928         2.94 -0.02
16: 114/09    13.21    5875         5.72    5722         5.03 -0.69
17: 114/10    13.00    7003         5.28    6830         4.58 -0.70
18: 114/11     0.00    5591         5.04    5591         5.04  0.00
19: 114/12     0.00    6487         4.92    6487         4.92  0.00
20: 115/01     0.00    5548         5.37    5548         5.37  0.00
21: 115/02     0.00    5888         3.50    5888         3.50  0.00
22: 115/03     0.00    5880         4.88    5880         4.88  0.00
23: 115/04     0.00    6882         3.88    6882         3.88  0.00
24: 115/05     0.00    8299         4.47    8299         4.47  0.00
25: 115/06     0.00    7011         4.56    7011         4.56  0.00
        月 旗標占比 人數_含 五次以上%_含 人數_刪 五次以上%_刪    差
