
[00-setup] 完成。資料路徑： D:\Github\115_Final-Report/data 
[00-setup] 輸出路徑： D:\Github\115_Final-Report/review/A-資料缺漏與異常/output 

讀取： 公路客運2024_to_202606.csv  欄位： 搭乘路線名稱, 搭乘附屬路線名稱, 搭乘公車路線方向, 上車站牌代碼, 下車站牌代碼, 上車計費站序資料, 下車站牌站序, 原始票證筆數, 資料代表日期(yyyy-MM-dd) 
讀取： 花蓮縣公車.csv  欄位： 搭乘路線名稱, 搭乘附屬路線名稱, 搭乘公車路線方向, 上車站牌代碼, 下車站牌代碼, 上車計費站序資料, 下車站牌站序, 原始票證筆數, 資料代表日期(yyyy-MM-dd) 
讀取： 臺東縣公車.csv  欄位： 搭乘路線名稱, 搭乘附屬路線名稱, 搭乘公車路線方向, 上車站牌代碼, 下車站牌代碼, 上車計費站序資料, 下車站牌站序, 原始票證筆數, 資料代表日期(yyyy-MM-dd) 
讀取完成： 51 secs 


========================================
 花蓮公路 
========================================
票證列數（分析期間內）：獨立腳本範圍 749530 ／整併版範圍 749530 
只在一邊納入的路線：
Empty data.table (0 rows and 5 cols): 搭乘路線名稱,搭乘附屬路線名稱,人次,獨立腳本,整併版
A  配對成功 660923 列；其中 差<0 471 列、差=0 2895 列（獨立腳本丟棄）
B  配對成功 660923 列；差<0 471 列、差=0 2895 列
D  配對成功 660923 列
D2 配對成功 660923 列

逐月平均里程（公里）：
Key: <月份>
      月份 圖片標示     A     B     C     D    D2     E
    <char>    <num> <num> <num> <num> <num> <num> <num>
 1: 113/06     22.4 22.44 22.44 22.31 22.31 22.31 23.44
 2: 113/07     23.6 23.57 23.57 23.40 23.40 23.40 24.81
 3: 113/08     23.4 23.41 23.41 23.28 23.28 23.28 24.36
 4: 113/09     21.7 21.72 21.72 21.60 21.60 21.60 22.65
 5: 113/10     21.1 21.06 21.06 20.91 20.91 20.91 21.89
 6: 113/11     20.7 20.74 20.74 20.64 20.64 20.64 21.76
 7: 113/12     21.7 21.68 21.68 21.59 21.59 21.59 22.66
 8: 114/01     22.6 22.65 22.65 22.48 22.48 22.48 23.86
 9: 114/02     22.5 22.45 22.45 22.38 22.38 22.38 23.35
10: 114/03     21.5 21.51 21.51 21.43 21.43 21.43 22.46
11: 114/04     21.6 21.58 21.58 21.49 21.49 21.49 22.79
12: 114/05     21.4 21.42 21.42 21.34 21.34 21.34 22.41
13: 114/06     22.3 22.31 22.31 22.17 22.17 22.17 23.19
14: 114/07     23.3 23.26 23.26 23.17 23.17 23.17 24.46
15: 114/08     23.3 23.26 23.26 23.13 23.13 23.13 24.33
16: 114/09     21.0 20.96 20.96 20.87 20.87 20.87 22.10
17: 114/10     20.8 20.81 20.81 20.70 20.70 20.70 22.12
18: 114/11     20.6 20.62 20.62 20.56 20.56 20.56 21.93
19: 114/12     21.0 20.99 20.99 20.92 20.92 20.92 22.14
20: 115/01     20.6 20.64 20.64 20.57 20.57 20.57 21.62
21: 115/02     23.0 22.95 22.95 22.86 22.86 22.86 24.38
22: 115/03     20.2 20.20 20.20 20.12 20.12 20.12 21.20
23: 115/04     21.1 21.15 21.15 21.05 21.05 21.05 22.15
24: 115/05     20.5 20.47 20.47 20.40 20.40 20.40 21.41
25: 115/06     21.2 21.19 21.19 21.10 21.10 21.10 22.17
      月份 圖片標示     A     B     C     D    D2     E

========================================
 臺東公路 
========================================
票證列數（分析期間內）：獨立腳本範圍 1890026 ／整併版範圍 1890026 
只在一邊納入的路線：
Empty data.table (0 rows and 5 cols): 搭乘路線名稱,搭乘附屬路線名稱,人次,獨立腳本,整併版
A  配對成功 1764371 列；其中 差<0 27283 列、差=0 10347 列（獨立腳本丟棄）
B  配對成功 1764371 列；差<0 27283 列、差=0 10347 列
D  配對成功 1764371 列
D2 配對成功 1764371 列

逐月平均里程（公里）：
Key: <月份>
      月份 圖片標示     A     B     C     D    D2     E
    <char>    <num> <num> <num> <num> <num> <num> <num>
 1: 113/06     23.2 23.22 23.22 24.57 24.57 24.47 24.57
 2: 113/07     25.4 25.36 25.36 27.62 27.62 27.29 27.09
 3: 113/08     26.3 26.25 26.25 30.02 30.02 29.62 29.27
 4: 113/09     23.4 23.42 23.42 26.50 26.50 26.05 25.68
 5: 113/10     23.2 23.15 23.15 25.50 25.50 25.08 24.71
 6: 113/11     22.9 22.89 22.89 25.29 25.29 24.94 24.48
 7: 113/12     22.5 22.45 22.45 25.07 25.07 24.50 24.10
 8: 114/01     23.5 23.48 23.48 24.81 24.81 24.60 24.44
 9: 114/02     23.0 23.01 23.01 24.60 24.60 24.33 23.95
10: 114/03     22.2 22.19 22.19 23.87 23.87 23.51 23.24
11: 114/04     22.1 22.13 22.13 23.91 23.91 23.45 23.30
12: 114/05     22.3 22.29 22.29 23.81 23.81 23.47 23.31
13: 114/06     23.2 23.15 23.15 24.96 24.96 24.73 24.61
14: 114/07     24.8 24.83 24.83 26.35 26.35 26.07 26.29
15: 114/08     25.5 25.53 25.53 27.53 27.53 27.25 27.23
16: 114/09     22.1 22.13 22.13 23.30 23.30 23.14 23.40
17: 114/10     22.1 22.15 22.15 23.62 23.62 23.45 23.89
18: 114/11     29.1 29.14 29.14 31.70 31.70 31.41 31.81
19: 114/12     21.4 21.43 21.43 22.18 22.18 22.05 22.47
20: 115/01     21.3 21.26 21.26 21.61 21.61 21.49 21.91
21: 115/02     23.3 23.35 23.35 23.67 23.67 23.55 24.19
22: 115/03     21.2 21.15 21.15 21.49 21.49 21.31 21.75
23: 115/04     21.5 21.50 21.50 21.90 21.90 21.79 22.24
24: 115/05     21.8 21.81 21.81 22.13 22.13 22.03 22.43
25: 115/06     22.1 22.08 22.08 22.27 22.27 22.16 22.51
      月份 圖片標示     A     B     C     D    D2     E

========================================
 花蓮市區 
========================================
票證列數（分析期間內）：獨立腳本範圍 630112 ／整併版範圍 641978 
只在一邊納入的路線：
   搭乘路線名稱 搭乘附屬路線名稱  人次 獨立腳本 整併版
         <char>           <char> <int>   <lgcl> <lgcl>
1:         1123             1123 11866    FALSE   TRUE
A  配對成功 606362 列；其中 差<0 12549 列、差=0 3040 列（獨立腳本丟棄）
B  配對成功 606362 列；差<0 12549 列、差=0 3040 列
D  配對成功 606362 列
D2 配對成功 606362 列

逐月平均里程（公里）：
Key: <月份>
      月份 圖片標示     A     B     C     D    D2     E
    <char>    <num> <num> <num> <num> <num> <num> <num>
 1: 113/06     16.3 16.33 16.33 17.28 17.28 17.83 17.63
 2: 113/07     16.3 16.28 16.28 16.76 16.76 16.91 16.73
 3: 113/08     16.6 16.58 16.58 18.43 18.43 18.19 18.00
 4: 113/09     16.1 16.08 16.08 18.16 18.16 17.65 17.53
 5: 113/10     16.3 16.31 16.31 17.96 17.96 17.57 17.50
 6: 113/11     14.2 14.19 14.19 15.54 15.54 15.25 15.19
 7: 113/12     15.1 15.06 15.06 16.54 16.54 16.17 16.15
 8: 114/01     12.6 12.58 12.58 13.47 13.47 13.27 13.26
 9: 114/02     12.8 12.81 12.81 13.71 13.71 13.53 13.52
10: 114/03     12.7 12.72 12.72 13.41 13.41 13.25 13.22
11: 114/04     12.8 12.78 12.78 13.46 13.46 13.28 13.22
12: 114/05     12.1 12.06 12.06 12.03 12.03 12.02 11.97
13: 114/06     12.7 12.74 12.74 13.65 13.65 13.43 13.37
14: 114/07     12.0 11.96 11.96 12.80 12.80 12.62 12.60
15: 114/08     12.5 12.51 12.51 13.49 13.49 13.24 13.20
16: 114/09     12.8 12.77 12.77 13.52 13.52 13.33 13.30
17: 114/10     12.6 12.61 12.61 13.28 13.28 13.12 13.10
18: 114/11     11.4 11.44 11.44 11.75 11.75 11.77 11.72
19: 114/12     11.5 11.50 11.50 11.79 11.79 11.78 11.73
20: 115/01     10.8 10.81 10.81 11.01 11.01 11.01 11.00
21: 115/02     11.1 11.13 11.13 11.20 11.20 11.20 11.20
22: 115/03     11.7 11.67 11.67 11.65 11.65 11.64 11.64
23: 115/04     11.5 11.47 11.47 11.41 11.41 11.40 11.40
24: 115/05      9.2  9.25  9.25  9.47  9.47  9.47  9.47
25: 115/06      8.1  8.12  8.12  8.40  8.40  8.40  8.40
      月份 圖片標示     A     B     C     D    D2     E

========================================
 臺東市區 
========================================
票證列數（分析期間內）：獨立腳本範圍 330996 ／整併版範圍 330996 
只在一邊納入的路線：
     搭乘路線名稱        搭乘附屬路線名稱  人次 獨立腳本 整併版
           <char>                  <char> <int>   <lgcl> <lgcl>
  1:          284                     284 28245    FALSE   TRUE
  2:        262區                   262區 24890    FALSE   TRUE
  3:          652                     652 24107    FALSE   TRUE
  4:          235                     235 23582    FALSE   TRUE
  5:     敦化幹線                敦化幹線 22076    FALSE   TRUE
 ---                                                           
272:         小16 小16 平0610經陽明山國小     7    FALSE   TRUE
273:          513                     513     5    FALSE   TRUE
274:         紅68      紅68去程經中鼎大樓     4    FALSE   TRUE
275:    市民小巴6         市民小巴6大都會     4    FALSE   TRUE
276:  懷恩專車S32             懷恩專車S32     3    FALSE   TRUE
A  配對成功 317648 列；其中 差<0 17273 列、差=0 13465 列（獨立腳本丟棄）
B  配對成功 317648 列；差<0 17273 列、差=0 13465 列
D  配對成功 317648 列
D2 配對成功 317648 列

逐月平均里程（公里）：
Key: <月份>
      月份 圖片標示     A     B     C     D    D2     E
    <char>    <num> <num> <num> <num> <num> <num> <num>
 1: 113/06      8.1  8.08  8.08  7.99  7.99  7.79  7.67
 2: 113/07      8.1  8.14  8.14  8.20  8.20  8.05  7.97
 3: 113/08      8.2  8.23  8.23  8.29  8.29  8.10  8.04
 4: 113/09      7.9  7.93  7.93  7.71  7.71  7.54  7.48
 5: 113/10      7.8  7.82  7.82  7.68  7.68  7.44  7.39
 6: 113/11      7.4  7.40  7.40  7.31  7.31  7.05  6.99
 7: 113/12      7.3  7.31  7.31  7.02  7.02  6.84  6.54
 8: 114/01      7.2  7.19  7.19  7.00  7.00  6.88  6.65
 9: 114/02      7.4  7.41  7.41  7.25  7.25  7.02  6.77
10: 114/03      7.6  7.64  7.64  7.19  7.19  6.98  6.67
11: 114/04      8.0  7.98  7.98  7.69  7.69  7.45  7.17
12: 114/05      8.0  7.96  7.96  7.63  7.63  7.50  7.25
13: 114/06      8.1  8.11  8.11  7.76  7.76  7.60  7.42
14: 114/07      8.0  8.01  8.01  7.90  7.90  7.76  7.69
15: 114/08      8.2  8.15  8.15  8.14  8.14  7.95  7.89
16: 114/09      8.0  7.97  7.97  7.71  7.71  7.53  7.40
17: 114/10      8.0  7.96  7.96  7.68  7.68  7.49  7.29
18: 114/11      7.6  7.55  7.55  7.36  7.36  7.36  7.36
19: 114/12      7.2  7.24  7.24  7.07  7.07  7.07  7.07
20: 115/01      7.3  7.29  7.29  7.06  7.06  7.06  7.06
21: 115/02      7.6  7.58  7.58  7.45  7.45  7.45  7.45
22: 115/03      7.5  7.50  7.50  7.30  7.30  7.30  7.30
23: 115/04      7.9  7.93  7.93  7.73  7.73  7.73  7.73
24: 115/05      7.9  7.85  7.85  7.67  7.67  7.67  7.67
25: 115/06      7.9  7.92  7.92  7.69  7.69  7.69  7.69
      月份 圖片標示     A     B     C     D    D2     E

========================================
摘要：每一步讓 25 個月平均里程移動多少
========================================
      資料集                                  步驟 平均移動_公里 最大移動_公里
      <char>                                <char>         <num>         <num>
 1: 花蓮公路     A 重現獨立腳本（圖片為 1 位小數）          0.00         -0.10
 2: 花蓮公路                    B 票證範圍改整併版          0.00          0.00
 3: 花蓮公路                     C 里程改 abs 含 0         -0.10         -0.17
 4: 花蓮公路        D 配對鍵加路線名稱、本縣距離表          0.00          0.00
 5: 花蓮公路             D2 同站牌依站序差最小選點          0.00          0.00
 6: 花蓮公路 E 整併版實際（站序精確補配、C1 前綴）          1.17          1.52
 7: 花蓮公路                              合計 A→E          1.06          1.43
 8: 臺東公路     A 重現獨立腳本（圖片為 1 位小數）         -0.02         -0.10
 9: 臺東公路                    B 票證範圍改整併版          0.00          0.00
10: 臺東公路                     C 里程改 abs 含 0          1.56          3.77
11: 臺東公路        D 配對鍵加路線名稱、本縣距離表          0.00          0.00
12: 臺東公路             D2 同站牌依站序差最小選點         -0.26         -0.57
13: 臺東公路 E 整併版實際（站序精確補配、C1 前綴）          0.05          0.64
14: 臺東公路                              合計 A→E          1.34          3.02
15: 花蓮市區     A 重現獨立腳本（圖片為 1 位小數）          0.00          0.00
16: 花蓮市區                    B 票證範圍改整併版          0.00          0.00
17: 花蓮市區                     C 里程改 abs 含 0          0.74          2.08
18: 花蓮市區        D 配對鍵加路線名稱、本縣距離表          0.00          0.00
19: 花蓮市區             D2 同站牌依站序差最小選點         -0.11          0.55
20: 花蓮市區 E 整併版實際（站序精確補配、C1 前綴）         -0.05         -0.20
21: 花蓮市區                              合計 A→E          0.57          1.45
22: 臺東市區     A 重現獨立腳本（圖片為 1 位小數）          0.00         -0.10
23: 臺東市區                    B 票證範圍改整併版          0.00          0.00
24: 臺東市區                     C 里程改 abs 含 0         -0.19         -0.45
25: 臺東市區        D 配對鍵加路線名稱、本縣距離表          0.00          0.00
26: 臺東市區             D2 同站牌依站序差最小選點         -0.13         -0.26
27: 臺東市區 E 整併版實際（站序精確補配、C1 前綴）         -0.11         -0.31
28: 臺東市區                              合計 A→E         -0.42         -0.97
      資料集                                  步驟 平均移動_公里 最大移動_公里
    最大移動月份 人次_前 人次_後
          <char>   <int>   <num>
 1:       114/02      NA  657557
 2:       113/06  657557  657557
 3:       113/07  657557  660923
 4:       113/06  660923  660923
 5:       113/06  660923  660923
 6:       115/02  660923  704934
 7:       115/02  657557  704934
 8:       113/08      NA 1726741
 9:       113/06 1726741 1726741
10:       113/08 1726741 1764371
11:       113/06 1764371 1764371
12:       113/12 1764371 1764371
13:       115/02 1764371 1847900
14:       113/08 1726741 1847900
15:       113/06      NA  590773
16:       113/06  590773  590773
17:       113/09  590773  606362
18:       113/06  606362  606362
19:       113/06  606362  606362
20:       113/06  606362  610080
21:       113/09  590773  610080
22:       115/05      NA  286910
23:       113/06  286910  286910
24:       114/03  286910  317648
25:       113/06  317648  317648
26:       113/11  317648  317648
27:       114/03  317648  322192
28:       114/03  286910  322192
    最大移動月份 人次_前 人次_後

已寫出 output/D1-里程差異分解-{逐月,摘要,路線範圍}.csv
耗時： 2.4 mins 
EXIT=0
