
[00-setup] 完成。資料路徑： D:\Github\115_Final-Report/data 
[00-setup] 輸出路徑： D:\Github\115_Final-Report/review/A-資料缺漏與異常/output 

讀取： 公路客運2024_to_202606.csv  欄位： 業者編號, 搭乘路線名稱, 搭乘附屬路線名稱, 搭乘公車路線方向, 上車站牌代碼, 下車站牌代碼, 上車計費站序資料, 下車站牌站序, 原始票證筆數, 資料代表日期(yyyy-MM-dd) 

========================================
 花蓮公路 
========================================
站序配法重現整併版 xlsx：人次最大差 0、里程最大差 0.00 公里

兩種配法交叉：
               配法 票證數  占比 代碼配法平均里程 站序配法平均里程
             <char>  <int> <num>            <num>            <num>
1: 代碼與站序皆配到 660923 88.18            21.51            21.49
2:         皆未配到  44596  5.95              NaN              NaN
3:         只有站序  44011  5.87              NaN            40.45
皆配到的票證：兩法里程一致率 91.50%，平均絕對差 93.2 公尺

只靠站序配到的票證：代碼配不到的原因
                 代碼配不到原因 代碼在距離表他處 票證數 平均里程_公里
                         <char>           <char>  <int>         <num>
1: 上下車代碼皆不在該路線距離表   上下車皆在他處  28225         31.94
2: 上下車代碼皆不在該路線距離表       單側在他處  10771         73.72
3:     下車代碼不在該路線距離表   上下車皆在他處   1732         12.77
4: 上下車代碼皆不在該路線距離表           皆不在   1639         14.94
5:     上車代碼不在該路線距離表   上下車皆在他處    744         28.41
6:     下車代碼不在該路線距離表       單側在他處    492         23.88
7:     上車代碼不在該路線距離表       單側在他處    408         13.04

只靠站序配到的票證：依路線／方向／業者（前 15）
    搭乘路線名稱 搭乘附屬路線名稱 搭乘公車路線方向 業者編號 票證數
          <char>           <char>           <char>   <char>  <int>
 1:         1145             1145                0     1201  29782
 2:         1145             1145                0     1602  11685
 3:         1137             1137                1     1201    925
 4:         1135             1135                1     1201    576
 5:         1140             1140                1     1201    391
 6:         1139            1139C                1     1201    302
 7:         1135            1135A                1     1201    118
 8:         1139             1139                1     1201     90
 9:         1135            1135A                0     1201     71
10:         1139            1139B                1     1201     65
11:         1145             1145                1     1201      6
    平均里程_公里 站序中位數_上 站序中位數_下 皆配到票證數 皆配到平均里程_公里
            <num>         <num>         <num>        <int>               <num>
 1:         41.70             1          60.0            7                0.00
 2:         43.52             1          54.0            7                0.00
 3:         11.74            11          21.0         7917               16.11
 4:         12.03            25          27.5        16819               12.62
 5:         12.80            61          83.0        49992               30.03
 6:         10.20            25          38.0        15859               12.03
 7:         17.66             2          25.0         4566               12.95
 8:          9.71            27          38.0         7953                9.70
 9:          8.89             2          11.0         5743               14.14
10:          6.34            38          48.0         6957               12.16
11:         10.10           104         121.5        31899               45.82

只靠站序配到的票證：里程分布（公里）
   0%   10%   25%   50%   75%   90%  100% 
  0.0   7.4  12.4  26.9  64.7  90.8 119.2 
只靠站序票證逐月占整併版人次：最低 4.3%、最高 9.3%

代碼配到的票證：正向／反向／零
   方向別 票證數  占比 平均里程_abs_公里
   <char>  <int> <num>             <num>
1:   正向 657557 99.49             21.61
2:     零   2895  0.44              0.00
3:   反向    471  0.07             15.44

反向票證依路線／方向（前 15）
    搭乘路線名稱 搭乘附屬路線名稱 搭乘公車路線方向 票證數 反向數 反向占比
          <char>           <char>           <char>  <int>  <int>    <num>
 1:         1139            1139C                0  19633     60      0.3
 2:         1125             1125                1   2617     56      2.1
 3:         1140             1140                0  53203     47      0.1
 4:         1121             1121                0  62731     41      0.1
 5:         1140             1140                1  49992     26      0.1
 6:         1132             1132                0  24944     23      0.1
 7:         1145             1145                1  31899     22      0.1
 8:         1136             1136                1  17573     21      0.1
 9:         1122             1122                1   7972     17      0.2
10:         1135             1135                0  17954     15      0.1
11:         1121             1121                1  57664     14      0.0
12:         1122             1122                0  10070     14      0.1
13:         1136             1136                0  12807     13      0.1
14:         1129             1129                0  12852     12      0.1
15:         1135             1135                1  16819     10      0.1
    正向平均里程_公里 反向平均里程_公里
                <num>             <num>
 1:             10.59              4.99
 2:             14.34              2.24
 3:             30.32             27.58
 4:             20.93             13.64
 5:             30.11             41.35
 6:              9.94              7.45
 7:             45.87             18.10
 8:              6.80             10.24
 9:             21.47             47.50
10:             12.93             12.20
11:             19.91             30.58
12:             22.35             13.33
13:              8.03              5.78
14:              8.42              4.91
15:             12.62             16.27
反向票證逐月占代碼配到票證：最低 0.0%、最高 0.2%（最高月份 115/05）

========================================
 臺東公路 
========================================
站序配法重現整併版 xlsx：人次最大差 0、里程最大差 0.00 公里

兩種配法交叉：
               配法  票證數  占比 代碼配法平均里程 站序配法平均里程
             <char>   <int> <num>            <num>            <num>
1: 代碼與站序皆配到 1757500 92.99            24.16            24.10
2:         只有站序   90400  4.78              NaN            26.95
3:         皆未配到   35255  1.87              NaN              NaN
4:         只有代碼    6871  0.36            32.10              NaN
皆配到的票證：兩法里程一致率 81.55%，平均絕對差 185.6 公尺

只靠站序配到的票證：代碼配不到的原因
                 代碼配不到原因 代碼在距離表他處 票證數 平均里程_公里
                         <char>           <char>  <int>         <num>
1:     下車代碼不在該路線距離表       單側在他處  24402         10.12
2: 上下車代碼皆不在該路線距離表       單側在他處  24386         49.01
3: 上下車代碼皆不在該路線距離表           皆不在  16812         31.15
4:     上車代碼不在該路線距離表       單側在他處  11027         11.75
5:     下車代碼不在該路線距離表   上下車皆在他處   7897         17.72
6:     上車代碼不在該路線距離表   上下車皆在他處   5568         33.95
7: 上下車代碼皆不在該路線距離表   上下車皆在他處    308         38.16

只靠站序配到的票證：依路線／方向／業者（前 15）
    搭乘路線名稱 搭乘附屬路線名稱 搭乘公車路線方向 業者編號 票證數
          <char>           <char>           <char>   <char>  <int>
 1:         1145             1145                0     1201  29782
 2:         8129             8129                1     0816  29039
 3:         1145             1145                0     1602  11685
 4:         8101            8101A                0     1602   8998
 5:         8152            8152A                1     0816   3469
 6:         8129             8129                0     0816   2987
 7:         8101            8101B                0     1602   1449
 8:         8168            8168A                0     0816   1336
 9:         8150             8150                1     0816    953
10:         8129            8129A                0     0816    463
11:         8101            8101C                0     1602    161
12:         8101            8101D                0     1602     46
13:         8129            8129A                1     0816     21
14:         1145             1145                1     1201      6
15:         8131            8131A                1     0816      5
    平均里程_公里 站序中位數_上 站序中位數_下 皆配到票證數 皆配到平均里程_公里
            <num>         <num>         <num>        <int>               <num>
 1:         41.70             1          60.0            7                0.00
 2:          8.67             5          16.0       124039               12.04
 3:         43.52             1          54.0            7                0.00
 4:         24.01             4           5.0        67300               71.48
 5:         20.89             1          34.0        12014               21.23
 6:          8.20            20          31.0       146703               11.63
 7:         31.38             3           4.0         4221               42.52
 8:         35.33             4          11.0        14671               26.93
 9:         12.02             1           8.0        13210               18.83
10:         16.77             1          20.0         5526                9.79
11:         46.68             5           2.0          756               35.33
12:         23.09             3           4.0         8784               37.95
13:         11.77             1          14.0          274                9.62
14:         10.10           104         121.5        31899               45.82
15:          6.90             7          12.0         4947               14.12

只靠站序配到的票證：里程分布（公里）
   0%   10%   25%   50%   75%   90%  100% 
  0.0   6.6   8.4  12.5  30.1  70.3 230.4 
只靠站序票證逐月占整併版人次：最低 1.7%、最高 8.1%

代碼配到的票證：正向／反向／零
   方向別  票證數  占比 平均里程_abs_公里
   <char>   <int> <num>             <num>
1:   正向 1727892 97.93             22.86
2:   反向   26624  1.51            119.11
3:     零    9855  0.56              0.00

反向票證依路線／方向（前 15）
    搭乘路線名稱 搭乘附屬路線名稱 搭乘公車路線方向 票證數 反向數 反向占比
          <char>           <char>           <char>  <int>  <int>    <num>
 1:         8101            8101A                0  67524  18703     27.7
 2:         8101            8101D                0   8784   2725     31.0
 3:         8168            8168A                0  16750   2276     13.6
 4:         8101            8101B                0   4957   2189     44.2
 5:         8101            8101C                0    756    250     33.1
 6:         8135             8135                1  80507     71      0.1
 7:         8117             8117                0   9016     67      0.7
 8:         8103             8103                0  84295     57      0.1
 9:         8117             8117                1   8219     32      0.4
10:         8135             8135                0  63914     31      0.0
11:         8101             8101                1  67870     27      0.0
12:         8109             8109                0  28777     26      0.1
13:         1145             1145                1  31899     22      0.1
14:         8101             8101                0  52721     21      0.0
15:         8102             8102                0  53225     19      0.0
    正向平均里程_公里 反向平均里程_公里
                <num>             <num>
 1:             46.56            148.07
 2:             22.75             72.92
 3:             26.89             37.36
 4:             37.74             47.07
 5:             28.81             50.36
 6:             23.90              2.47
 7:              7.95              3.10
 8:             33.45              1.86
 9:              9.02              2.41
10:             25.24              4.93
11:             31.52              1.48
12:             19.33              1.13
13:             45.87             18.10
14:             31.21              4.25
15:             30.10             24.93
反向票證逐月占代碼配到票證：最低 0.3%、最高 4.7%（最高月份 113/08）

已寫出 output/D1-公路-{配對方法交叉,只靠站序票證依路線,反向票證依路線方向}.csv
耗時： 1.6 mins 
EXIT=0
