=== 臺東市區 TPASS 逐月：搭乘次數區間、旗標列、重複列、去重後重算 ===
Key: <月>
        月  人數 僅一次  二次 三四次 五次以上 僅一次% 五次以上%  人次 旗標列 旗標% 旗標未刷下車列 旗標未刷上車列 與正常列重複 重複率% 去重後人次 去重後僅一次% 去重後五次以上% 非TPASS旗標未刷下車列
    <char> <int>  <int> <int>  <int>    <int>   <num>     <num> <int>  <int> <num>          <int>          <int>        <int>   <num>      <int>         <num>           <num>                 <int>
 1: 113/06   215     77    24     28       86    35.8      40.0  1549    175  11.3            165             10            0     0.0       1549          35.8            40.0                   451
 2: 113/07   160     54    30     29       47    33.8      29.4   852      5   0.6              5              0            0     0.0        852          33.8            29.4                   170
 3: 113/08   229     96    52     31       50    41.9      21.8   988     20   2.0             20              0            1     5.0        987          41.9            21.4                   218
 4: 113/09   304     82    48     41      133    27.0      43.8  2266    253  11.2            253              0            0     0.0       2266          27.0            43.8                   265
 5: 113/10   302    100    38     37      127    33.1      42.1  2082    217  10.4            217              0            0     0.0       2082          33.1            42.1                   246
 6: 113/11   329     89    65     37      138    27.1      41.9  2343    353  15.1              8            345            0     0.0       2343          27.1            41.9                   181
 7: 113/12   309     87    46     38      138    28.2      44.7  2891     76   2.6             19             57            0     0.0       2891          28.2            44.7                   118
 8: 114/01   288     86    47     38      117    29.9      40.6  1893      9   0.5              9              0            0     0.0       1893          29.9            40.6                   120
 9: 114/02   299     82    49     53      115    27.4      38.5  1890     35   1.9              4             31            0     0.0       1890          27.4            38.5                   137
10: 114/03   303     84    39     44      136    27.7      44.9  2716     23   0.8             23              0            1     4.3       2715          27.7            44.9                   146
11: 114/04   338     91    61     54      132    26.9      39.1  2705     53   2.0             16             37            0     0.0       2705          26.9            39.1                   207
12: 114/05   363    102    65     58      138    28.1      38.0  2798      7   0.3              7              0            0     0.0       2798          28.1            38.0                   218
13: 114/06   362     95    57     71      139    26.2      38.4  2937     19   0.6             19              0            1     5.3       2936          26.2            38.4                   231
14: 114/07   290     98    57     58       77    33.8      26.6  1559     28   1.8             28              0            2     7.1       1557          33.8            26.6                   242
15: 114/08   351    138    77     65       71    39.3      20.2  1441     13   0.9             13              0            0     0.0       1441          39.3            20.2                   320
16: 114/09   375     40    98     73      164    10.7      43.7  3432   1367  39.8           1359              8         1092    80.4       2340          27.2            35.5                   291
17: 114/10   403     44   106     70      183    10.9      45.4  4250   1601  37.7           1599              2         1353    84.6       2897          26.6            36.2                   381
18: 114/11   325    108    57     53      107    33.2      32.9  2029      0   0.0              0              0            0     0.0       2029          33.2            32.9                     0
19: 114/12   330     98    61     53      118    29.7      35.8  2287      0   0.0              0              0            0     0.0       2287          29.7            35.8                     0
20: 115/01   316     98    55     62      101    31.0      32.0  1956      0   0.0              0              0            0     0.0       1956          31.0            32.0                     0
21: 115/02   280    103    62     59       56    36.8      20.0  1014      0   0.0              0              0            0     0.0       1014          36.8            20.0                     0
22: 115/03   343    121    52     59      111    35.3      32.4  2195      0   0.0              0              0            0     0.0       2195          35.3            32.4                     0
23: 115/04   339    133    57     49      100    39.2      29.5  1710      0   0.0              0              0            0     0.0       1710          39.2            29.5                     0
24: 115/05   415    150    71     77      117    36.1      28.2  2209      0   0.0              0              0            0     0.0       2209          36.1            28.2                     0
25: 115/06   430    140    95     72      123    32.6      28.6  2063      0   0.0              0              0            0     0.0       2063          32.6            28.6                     0
        月  人數 僅一次  二次 三四次 五次以上 僅一次% 五次以上%  人次 旗標列 旗標% 旗標未刷下車列 旗標未刷上車列 與正常列重複 重複率% 去重後人次 去重後僅一次% 去重後五次以上% 非TPASS旗標未刷下車列
    非TPASS重複率%
             <num>
 1:            0.4
 2:            0.6
 3:            0.0
 4:            0.8
 5:            0.0
 6:            0.6
 7:            0.8
 8:            0.8
 9:            0.0
10:            0.0
11:            0.0
12:            0.0
13:            0.4
14:            0.8
15:            0.0
16:            1.7
17:            0.5
18:            0.0
19:            0.0
20:            0.0
21:            0.0
22:            0.0
23:            0.0
24:            0.0
25:            0.0
    非TPASS重複率%

=== 114/09～114/10 逐日（TPASS）===
        月       日期 TPASS列數 旗標列 旗標% 重複列  卡數
    <char>     <Date>     <int>  <int> <num>  <int> <int>
 1: 114/09 2025-09-01       128     55  43.0     47    57
 2: 114/09 2025-09-02       129     53  41.1     44    62
 3: 114/09 2025-09-03        93     37  39.8     30    48
 4: 114/09 2025-09-04       138     58  42.0     50    58
 5: 114/09 2025-09-05        86     34  39.5     30    39
 6: 114/09 2025-09-06        68     27  39.7     20    31
 7: 114/09 2025-09-07        42     19  45.2     14    21
 8: 114/09 2025-09-08        99     40  40.4     30    48
 9: 114/09 2025-09-09       102     43  42.2     36    49
10: 114/09 2025-09-10       129     51  39.5     41    57
11: 114/09 2025-09-11       101     40  39.6     32    47
12: 114/09 2025-09-12       106     43  40.6     34    46
13: 114/09 2025-09-13        77     35  45.5     24    31
14: 114/09 2025-09-14        74     34  45.9     27    32
15: 114/09 2025-09-15       169     63  37.3     53    81
16: 114/09 2025-09-16       156     71  45.5     38    92
17: 114/09 2025-09-17       196     79  40.3     63   100
18: 114/09 2025-09-18       174     68  39.1     65    85
19: 114/09 2025-09-19       203     73  36.0     58   103
20: 114/09 2025-09-20        85     42  49.4     31    34
21: 114/09 2025-09-21        76     30  39.5     24    38
22: 114/09 2025-09-22       157     58  36.9     52    82
23: 114/09 2025-09-24       125     46  36.8     39    69
24: 114/09 2025-09-25       159     61  38.4     51    79
25: 114/09 2025-09-26       183     66  36.1     51    97
26: 114/09 2025-09-27        58     20  34.5     16    30
27: 114/09 2025-09-28        77     33  42.9     22    35
28: 114/09 2025-09-29        59     23  39.0     18    32
29: 114/09 2025-09-30       183     65  35.5     52    96
30: 114/10 2025-10-01       159     62  39.0     55    79
31: 114/10 2025-10-02       174     69  39.7     58    82
32: 114/10 2025-10-03       214     83  38.8     66   104
33: 114/10 2025-10-04        92     42  45.7     34    33
34: 114/10 2025-10-05        73     34  46.6     29    26
35: 114/10 2025-10-06        75     32  42.7     26    34
36: 114/10 2025-10-07       174     66  37.9     58    89
37: 114/10 2025-10-08       173     67  38.7     61    86
38: 114/10 2025-10-09       158     62  39.2     54    79
39: 114/10 2025-10-10        40     19  47.5     14    19
40: 114/10 2025-10-11        52     24  46.2     18    25
41: 114/10 2025-10-12        69     27  39.1     24    33
42: 114/10 2025-10-13       175     65  37.1     52    87
43: 114/10 2025-10-14       209     75  35.9     63    93
44: 114/10 2025-10-15       167     59  35.3     51    85
45: 114/10 2025-10-16       159     60  37.7     49    83
46: 114/10 2025-10-17       188     69  36.7     60    90
47: 114/10 2025-10-18        53     21  39.6     13    23
48: 114/10 2025-10-19        74     27  36.5     22    34
49: 114/10 2025-10-20       165     57  34.5     47    85
50: 114/10 2025-10-21       170     62  36.5     54    83
51: 114/10 2025-10-22       171     60  35.1     51    88
52: 114/10 2025-10-23       167     63  37.7     52    81
53: 114/10 2025-10-24        68     24  35.3     19    25
54: 114/10 2025-10-25        97     41  42.3     37    36
55: 114/10 2025-10-26        87     31  35.6     27    37
56: 114/10 2025-10-27       162     53  32.7     44    82
57: 114/10 2025-10-28       169     60  35.5     53    82
58: 114/10 2025-10-29       169     64  37.9     56    80
59: 114/10 2025-10-30       169     60  35.5     50    83
60: 114/10 2025-10-31       178     63  35.4     56    88
        月       日期 TPASS列數 旗標列 旗標% 重複列  卡數

=== 114/09～114/10 依路線（TPASS）===
       月     路線 TPASS列數 旗標列 重複列 旗標%
   <char>   <char>     <int>  <int>  <int> <num>
1: 114/09 市區循環      2036    859    673  42.2
2: 114/09 陸海空線      1396    508    419  36.4
3: 114/10 市區循環      2191    938    765  42.8
4: 114/10 陸海空線      2059    663    588  32.2

=== 114/08～114/11 卡數對照（TPASS）===
       月  卡數 含旗標列之卡數 含重複列之卡數
   <char> <int>          <int>          <int>
1: 114/08   351              7              0
2: 114/09   375            268            220
3: 114/10   403            265            241
4: 114/11   325              0              0

=== 重複列樣本（114/09，三張卡）===
         卡號     路線     上車站            上車時間       下車站            下車時間 收費價格   旗標   重複
       <char>   <char>     <char>              <char>       <char>              <char>   <char> <char> <lgcl>
  1: 0ba2bb49 陸海空線 台東火車站 2025-09-01 20:00:00   台東火車站 2025-09-01 20:00:00     25.0      0  FALSE
  2: 0ba2bb49 陸海空線 台東火車站 2025-09-01 20:00:00          -99 1970-01-01 00:00:00     25.0      1   TRUE
  3: 0ba2bb49 陸海空線 台東火車站 2025-09-02 20:00:00   台東火車站 2025-09-02 20:00:00     25.0      0  FALSE
  4: 0ba2bb49 陸海空線 台東火車站 2025-09-02 20:00:00          -99 1970-01-01 00:00:00     25.0      1   TRUE
  5: e683bc04 市區循環     拖吊場 2025-09-01 07:00:00       拖吊場 2025-09-01 07:00:00     25.0      0  FALSE
  6: e683bc04 市區循環     拖吊場 2025-09-01 07:00:00          -99 1970-01-01 00:00:00     25.0      1   TRUE
  7: e683bc04 陸海空線 台東火車站 2025-09-01 17:00:00   台東火車站 2025-09-01 17:00:00     25.0      0  FALSE
  8: e683bc04 陸海空線 台東火車站 2025-09-01 17:00:00          -99 1970-01-01 00:00:00     25.0      1   TRUE
  9: e683bc04 市區循環     拖吊場 2025-09-02 07:00:00       拖吊場 2025-09-02 07:00:00     25.0      0  FALSE
 10: e683bc04 市區循環     拖吊場 2025-09-02 07:00:00          -99 1970-01-01 00:00:00     25.0      1   TRUE
 11: e683bc04 市區循環     拖吊場 2025-09-03 07:00:00       拖吊場 2025-09-03 07:00:00     25.0      0  FALSE
 12: e683bc04 市區循環     拖吊場 2025-09-03 07:00:00          -99 1970-01-01 00:00:00     25.0      1   TRUE
 13: e683bc04 市區循環     拖吊場 2025-09-04 07:00:00     台東高商 2025-09-04 08:00:00     25.0      0  FALSE
 14: e683bc04 市區循環     拖吊場 2025-09-04 07:00:00          -99 1970-01-01 00:00:00     25.0      1   TRUE
 15: e683bc04 陸海空線 台東火車站 2025-09-05 07:00:00     中央市場 2025-09-05 07:00:00     25.0      0  FALSE
 16: e683bc04 陸海空線 台東火車站 2025-09-05 07:00:00          -99 1970-01-01 00:00:00     25.0      1   TRUE
 17: e683bc04 陸海空線 台東火車站 2025-09-05 17:00:00   台東火車站 2025-09-05 17:00:00     25.0      0  FALSE
 18: e683bc04 陸海空線 台東火車站 2025-09-05 17:00:00          -99 1970-01-01 00:00:00     25.0      1   TRUE
 19: e683bc04 市區循環     拖吊場 2025-09-07 07:00:00     聖母醫院 2025-09-07 07:00:00     25.0      0  FALSE
 20: e683bc04 市區循環     拖吊場 2025-09-07 07:00:00          -99 1970-01-01 00:00:00     25.0      1   TRUE
 21: e683bc04 陸海空線 台東火車站 2025-09-07 15:00:00   台東火車站 2025-09-07 15:00:00     25.0      0  FALSE
 22: e683bc04 陸海空線 台東火車站 2025-09-07 15:00:00          -99 1970-01-01 00:00:00     25.0      1   TRUE
 23: e683bc04 市區循環     拖吊場 2025-09-08 07:00:00       拖吊場 2025-09-08 07:00:00     25.0      0  FALSE
 24: e683bc04 市區循環     拖吊場 2025-09-08 07:00:00          -99 1970-01-01 00:00:00     25.0      1   TRUE
 25: e683bc04 陸海空線 台東火車站 2025-09-08 17:00:00   台東火車站 2025-09-08 17:00:00     25.0      0  FALSE
 26: e683bc04 陸海空線 台東火車站 2025-09-08 17:00:00          -99 1970-01-01 00:00:00     25.0      1   TRUE
 27: e683bc04 市區循環     拖吊場 2025-09-09 07:00:00       拖吊場 2025-09-09 07:00:00     25.0      0  FALSE
 28: e683bc04 市區循環     拖吊場 2025-09-09 07:00:00          -99 1970-01-01 00:00:00     25.0      1   TRUE
 29: e683bc04 市區循環     拖吊場 2025-09-10 07:00:00       拖吊場 2025-09-10 07:00:00     25.0      0  FALSE
 30: e683bc04 市區循環     拖吊場 2025-09-10 07:00:00          -99 1970-01-01 00:00:00     25.0      1   TRUE
 31: e683bc04 市區循環     拖吊場 2025-09-12 07:00:00       拖吊場 2025-09-12 08:00:00     25.0      0  FALSE
 32: e683bc04 市區循環     拖吊場 2025-09-12 07:00:00          -99 1970-01-01 00:00:00     25.0      1   TRUE
 33: e683bc04 陸海空線 台東火車站 2025-09-12 17:00:00   台東火車站 2025-09-12 17:00:00     25.0      0  FALSE
 34: e683bc04 陸海空線 台東火車站 2025-09-12 17:00:00          -99 1970-01-01 00:00:00     25.0      1   TRUE
 35: e683bc04 市區循環     拖吊場 2025-09-14 07:00:00     聖母醫院 2025-09-14 07:00:00     25.0      0  FALSE
 36: e683bc04 市區循環     拖吊場 2025-09-14 07:00:00          -99 1970-01-01 00:00:00     25.0      1   TRUE
 37: e683bc04 市區循環     拖吊場 2025-09-15 07:00:00     聖母醫院 2025-09-15 08:00:00     25.0      0  FALSE
 38: e683bc04 市區循環     拖吊場 2025-09-15 07:00:00          -99 1970-01-01 00:00:00     25.0      1   TRUE
 39: e683bc04 陸海空線 台東火車站 2025-09-15 17:00:00   台東火車站 2025-09-15 17:00:00     25.0      0  FALSE
 40: e683bc04 陸海空線 台東火車站 2025-09-15 17:00:00          -99 1970-01-01 00:00:00     25.0      1   TRUE
 41: e683bc04 市區循環     拖吊場 2025-09-16 07:00:00       拖吊場 2025-09-16 07:00:00     25.0      0  FALSE
 42: e683bc04 市區循環     拖吊場 2025-09-16 07:00:00          -99 1970-01-01 00:00:00     25.0      1   TRUE
 43: e683bc04 陸海空線 台東火車站 2025-09-16 17:00:00   台東火車站 2025-09-16 17:00:00     25.0      0  FALSE
 44: e683bc04 陸海空線 台東火車站 2025-09-16 17:00:00          -99 1970-01-01 00:00:00     25.0      1   TRUE
 45: e683bc04 市區循環     拖吊場 2025-09-17 07:00:00       拖吊場 2025-09-17 07:00:00     25.0      0  FALSE
 46: e683bc04 市區循環     拖吊場 2025-09-17 07:00:00          -99 1970-01-01 00:00:00     25.0      1   TRUE
 47: e683bc04 陸海空線 台東火車站 2025-09-17 17:00:00   台東火車站 2025-09-17 17:00:00     25.0      0  FALSE
 48: e683bc04 陸海空線 台東火車站 2025-09-17 17:00:00          -99 1970-01-01 00:00:00     25.0      1   TRUE
 49: e683bc04 市區循環     拖吊場 2025-09-18 07:00:00       拖吊場 2025-09-18 07:00:00     25.0      0  FALSE
 50: e683bc04 市區循環     拖吊場 2025-09-18 07:00:00          -99 1970-01-01 00:00:00     25.0      1   TRUE
 51: e683bc04 陸海空線 台東火車站 2025-09-18 17:00:00   台東火車站 2025-09-18 17:00:00     25.0      0  FALSE
 52: e683bc04 陸海空線 台東火車站 2025-09-18 17:00:00          -99 1970-01-01 00:00:00     25.0      1   TRUE
 53: e683bc04 市區循環     拖吊場 2025-09-19 07:00:00       拖吊場 2025-09-19 07:00:00     25.0      0  FALSE
 54: e683bc04 市區循環     拖吊場 2025-09-19 07:00:00          -99 1970-01-01 00:00:00     25.0      1   TRUE
 55: e683bc04 陸海空線 台東火車站 2025-09-19 17:00:00   台東火車站 2025-09-19 17:00:00     25.0      0  FALSE
 56: e683bc04 陸海空線 台東火車站 2025-09-19 17:00:00          -99 1970-01-01 00:00:00     25.0      1   TRUE
 57: e683bc04 市區循環     拖吊場 2025-09-21 07:00:00     聖母醫院 2025-09-21 07:00:00     25.0      0  FALSE
 58: e683bc04 市區循環     拖吊場 2025-09-21 07:00:00          -99 1970-01-01 00:00:00     25.0      1   TRUE
 59: e683bc04 市區循環 台東火車站 2025-09-21 16:00:00   台東火車站 2025-09-21 16:00:00     25.0      0  FALSE
 60: e683bc04 市區循環 台東火車站 2025-09-21 16:00:00          -99 1970-01-01 00:00:00     25.0      1   TRUE
 61: e683bc04 市區循環     拖吊場 2025-09-22 07:00:00       拖吊場 2025-09-22 07:00:00     25.0      0  FALSE
 62: e683bc04 市區循環     拖吊場 2025-09-22 07:00:00          -99 1970-01-01 00:00:00     25.0      1   TRUE
 63: e683bc04 市區循環     拖吊場 2025-09-24 07:00:00       拖吊場 2025-09-24 07:00:00     25.0      0  FALSE
 64: e683bc04 市區循環     拖吊場 2025-09-24 07:00:00          -99 1970-01-01 00:00:00     25.0      1   TRUE
 65: e683bc04 陸海空線 台東火車站 2025-09-25 17:00:00   台東火車站 2025-09-25 17:00:00     25.0      0  FALSE
 66: e683bc04 陸海空線 台東火車站 2025-09-25 17:00:00          -99 1970-01-01 00:00:00     25.0      1   TRUE
 67: e683bc04 市區循環     拖吊場 2025-09-26 07:00:00     聖母醫院 2025-09-26 07:00:00     25.0      0  FALSE
 68: e683bc04 市區循環     拖吊場 2025-09-26 07:00:00          -99 1970-01-01 00:00:00     25.0      1   TRUE
 69: e683bc04 陸海空線 台東火車站 2025-09-26 17:00:00   台東火車站 2025-09-26 17:00:00     25.0      0  FALSE
 70: e683bc04 陸海空線 台東火車站 2025-09-26 17:00:00          -99 1970-01-01 00:00:00     25.0      1   TRUE
 71: e683bc04 市區循環 台東火車站 2025-09-27 13:00:00   台東火車站 2025-09-27 14:00:00     25.0      0  FALSE
 72: e683bc04 市區循環 台東火車站 2025-09-27 13:00:00          -99 1970-01-01 00:00:00     25.0      1   TRUE
 73: e683bc04 陸海空線 台東火車站 2025-09-27 17:00:00   台東火車站 2025-09-27 17:00:00     25.0      0  FALSE
 74: e683bc04 陸海空線 台東火車站 2025-09-27 17:00:00          -99 1970-01-01 00:00:00     25.0      1   TRUE
 75: e683bc04 市區循環     拖吊場 2025-09-29 07:00:00       拖吊場 2025-09-29 07:00:00     25.0      0  FALSE
 76: e683bc04 市區循環     拖吊場 2025-09-29 07:00:00          -99 1970-01-01 00:00:00     25.0      1   TRUE
 77: e683bc04 市區循環     拖吊場 2025-09-30 07:00:00     台東高商 2025-09-30 07:00:00     25.0      0  FALSE
 78: e683bc04 市區循環     拖吊場 2025-09-30 07:00:00          -99 1970-01-01 00:00:00     25.0      1   TRUE
 79: e683bc04 陸海空線 台東火車站 2025-09-30 17:00:00   台東火車站 2025-09-30 17:00:00     25.0      0  FALSE
 80: e683bc04 陸海空線 台東火車站 2025-09-30 17:00:00          -99 1970-01-01 00:00:00     25.0      1   TRUE
 81: f928ea55 市區循環     拖吊場 2025-09-01 17:00:00       拖吊場 2025-09-01 18:00:00     25.0      0  FALSE
 82: f928ea55 市區循環     拖吊場 2025-09-01 17:00:00          -99 1970-01-01 00:00:00     25.0      1   TRUE
 83: f928ea55 市區循環     拖吊場 2025-09-01 18:00:00 開封長安街口 2025-09-01 18:00:00     25.0      0  FALSE
 84: f928ea55 市區循環     拖吊場 2025-09-01 18:00:00          -99 1970-01-01 00:00:00     25.0      1   TRUE
 85: f928ea55 市區循環 台東火車站 2025-09-02 06:00:00   台東火車站 2025-09-02 07:00:00     25.0      0  FALSE
 86: f928ea55 市區循環 台東火車站 2025-09-02 06:00:00          -99 1970-01-01 00:00:00     25.0      1   TRUE
 87: f928ea55 陸海空線 台東火車站 2025-09-02 16:00:00   台東火車站 2025-09-02 16:00:00     25.0      0  FALSE
 88: f928ea55 陸海空線 台東火車站 2025-09-02 16:00:00          -99 1970-01-01 00:00:00     25.0      1   TRUE
 89: f928ea55 市區循環 台東火車站 2025-09-03 06:00:00   台東火車站 2025-09-03 07:00:00     25.0      0  FALSE
 90: f928ea55 市區循環 台東火車站 2025-09-03 06:00:00          -99 1970-01-01 00:00:00     25.0      1   TRUE
 91: f928ea55 市區循環 台東火車站 2025-09-03 16:00:00   台東轉運站 2025-09-03 16:00:00     25.0      0  FALSE
 92: f928ea55 市區循環 台東火車站 2025-09-03 16:00:00          -99 1970-01-01 00:00:00     25.0      1   TRUE
 93: f928ea55 市區循環 台東火車站 2025-09-04 06:00:00   台東火車站 2025-09-04 07:00:00     25.0      0  FALSE
 94: f928ea55 市區循環 台東火車站 2025-09-04 06:00:00          -99 1970-01-01 00:00:00     25.0      1   TRUE
 95: f928ea55 市區循環 台東火車站 2025-09-04 16:00:00   台東火車站 2025-09-04 16:00:00     25.0      0  FALSE
 96: f928ea55 市區循環 台東火車站 2025-09-04 16:00:00          -99 1970-01-01 00:00:00     25.0      1   TRUE
 97: f928ea55 市區循環 台東火車站 2025-09-05 06:00:00   台東火車站 2025-09-05 07:00:00     25.0      0  FALSE
 98: f928ea55 市區循環 台東火車站 2025-09-05 06:00:00          -99 1970-01-01 00:00:00     25.0      1   TRUE
 99: f928ea55 市區循環     拖吊場 2025-09-05 16:00:00   台東火車站 2025-09-05 17:00:00     25.0      0  FALSE
100: f928ea55 市區循環 台東火車站 2025-09-05 16:00:00   台東火車站 2025-09-05 16:00:00     25.0      0  FALSE
101: f928ea55 市區循環 台東火車站 2025-09-05 16:00:00          -99 1970-01-01 00:00:00     25.0      1   TRUE
102: f928ea55 市區循環     拖吊場 2025-09-05 16:00:00          -99 1970-01-01 00:00:00     25.0      1  FALSE
103: f928ea55 市區循環 台東火車站 2025-09-08 06:00:00   台東火車站 2025-09-08 07:00:00     25.0      0  FALSE
104: f928ea55 市區循環 台東火車站 2025-09-08 06:00:00          -99 1970-01-01 00:00:00     25.0      1   TRUE
105: f928ea55 市區循環 台東火車站 2025-09-08 16:00:00   台東火車站 2025-09-08 16:00:00     25.0      0  FALSE
106: f928ea55 市區循環 台東火車站 2025-09-08 16:00:00          -99 1970-01-01 00:00:00     25.0      1   TRUE
107: f928ea55 市區循環 台東火車站 2025-09-09 06:00:00   台東火車站 2025-09-09 07:00:00     25.0      0  FALSE
108: f928ea55 市區循環 台東火車站 2025-09-09 06:00:00          -99 1970-01-01 00:00:00     25.0      1   TRUE
109: f928ea55 市區循環 台東火車站 2025-09-09 16:00:00       拖吊場 2025-09-09 17:00:00     25.0      0  FALSE
110: f928ea55 市區循環 台東火車站 2025-09-09 16:00:00          -99 1970-01-01 00:00:00     25.0      1   TRUE
111: f928ea55 市區循環 台東火車站 2025-09-10 06:00:00   台東火車站 2025-09-10 07:00:00     25.0      0  FALSE
112: f928ea55 市區循環 台東火車站 2025-09-10 06:00:00          -99 1970-01-01 00:00:00     25.0      1   TRUE
113: f928ea55 陸海空線 台東火車站 2025-09-10 16:00:00 台東森林公園 2025-09-10 16:00:00     25.0      0  FALSE
114: f928ea55 市區循環 台東火車站 2025-09-10 16:00:00       棒球場 2025-09-10 16:00:00     25.0      0  FALSE
115: f928ea55 市區循環 台東火車站 2025-09-10 16:00:00          -99 1970-01-01 00:00:00     25.0      1   TRUE
116: f928ea55 陸海空線 台東火車站 2025-09-10 16:00:00          -99 1970-01-01 00:00:00     25.0      1   TRUE
117: f928ea55 市區循環 台東火車站 2025-09-11 07:00:00   台東火車站 2025-09-11 07:00:00     25.0      0  FALSE
118: f928ea55 市區循環 台東火車站 2025-09-11 07:00:00          -99 1970-01-01 00:00:00     25.0      1   TRUE
119: f928ea55 市區循環 台東火車站 2025-09-11 16:00:00       拖吊場 2025-09-11 16:00:00     25.0      0  FALSE
120: f928ea55 市區循環 台東火車站 2025-09-11 16:00:00          -99 1970-01-01 00:00:00     25.0      1   TRUE
121: f928ea55 市區循環 台東火車站 2025-09-12 06:00:00   台東火車站 2025-09-12 07:00:00     25.0      0  FALSE
122: f928ea55 市區循環 台東火車站 2025-09-12 06:00:00          -99 1970-01-01 00:00:00     25.0      1   TRUE
123: f928ea55 市區循環 台東火車站 2025-09-12 16:00:00       拖吊場 2025-09-12 17:00:00     25.0      0  FALSE
124: f928ea55 市區循環 台東火車站 2025-09-12 16:00:00          -99 1970-01-01 00:00:00     25.0      1   TRUE
125: f928ea55 市區循環 台東火車站 2025-09-12 17:00:00       拖吊場 2025-09-12 17:00:00     25.0      0  FALSE
126: f928ea55 市區循環 台東火車站 2025-09-12 17:00:00          -99 1970-01-01 00:00:00     25.0      1   TRUE
127: f928ea55 市區循環   東方大鎮 2025-09-13 11:00:00   台東轉運站 2025-09-13 12:00:00     25.0      0  FALSE
128: f928ea55 市區循環   東方大鎮 2025-09-13 11:00:00          -99 1970-01-01 00:00:00     25.0      1  FALSE
129: f928ea55 市區循環 台東火車站 2025-09-13 14:00:00       拖吊場 2025-09-13 14:00:00     25.0      0  FALSE
130: f928ea55 市區循環     拖吊場 2025-09-13 14:00:00   台東火車站 2025-09-13 15:00:00     25.0      0  FALSE
131: f928ea55 市區循環     拖吊場 2025-09-13 14:00:00          -99 1970-01-01 00:00:00     25.0      1  FALSE
132: f928ea55 市區循環 台東火車站 2025-09-13 14:00:00          -99 1970-01-01 00:00:00     25.0      1   TRUE
133: f928ea55 陸海空線   富岡港口 2025-09-13 15:00:00   台東火車站 2025-09-13 16:00:00     25.0      0  FALSE
134: f928ea55 陸海空線 台東火車站 2025-09-13 15:00:00     富岡港口 2025-09-13 15:00:00     25.0      0  FALSE
135: f928ea55 陸海空線 台東火車站 2025-09-13 15:00:00          -99 1970-01-01 00:00:00     25.0      1   TRUE
136: f928ea55 陸海空線   富岡港口 2025-09-13 15:00:00          -99 1970-01-01 00:00:00     25.0      1   TRUE
137: f928ea55 市區循環     拖吊場 2025-09-13 16:00:00   台東火車站 2025-09-13 17:00:00     25.0      0  FALSE
138: f928ea55 市區循環     拖吊場 2025-09-13 16:00:00          -99 1970-01-01 00:00:00     25.0      1  FALSE
139: f928ea55 市區循環 台東火車站 2025-09-13 17:00:00   台東火車站 2025-09-13 17:00:00     25.0      0  FALSE
140: f928ea55 市區循環 台東火車站 2025-09-13 17:00:00          -99 1970-01-01 00:00:00     25.0      1   TRUE
141: f928ea55 市區循環 台東轉運站 2025-09-13 18:00:00     卑南入口 2025-09-13 18:00:00     25.0      0  FALSE
142: f928ea55 陸海空線 台東火車站 2025-09-13 18:00:00     中央市場 2025-09-13 18:00:00     25.0      0  FALSE
143: f928ea55 陸海空線 台東火車站 2025-09-13 18:00:00          -99 1970-01-01 00:00:00     25.0      1   TRUE
144: f928ea55 市區循環 台東轉運站 2025-09-13 18:00:00          -99 1970-01-01 00:00:00     25.0      1   TRUE
145: f928ea55 市區循環 台東火車站 2025-09-13 18:00:00          -99 1970-01-01 00:00:00     25.0      1  FALSE
146: f928ea55 市區循環   海濱公園 2025-09-13 19:00:00       棒球場 2025-09-13 19:00:00     25.0      0  FALSE
147: f928ea55 陸海空線 台東火車站 2025-09-13 19:00:00   台東火車站 2025-09-13 19:00:00     25.0      0  FALSE
148: f928ea55 陸海空線 台東火車站 2025-09-13 19:00:00          -99 1970-01-01 00:00:00     25.0      1   TRUE
149: f928ea55 市區循環   海濱公園 2025-09-13 19:00:00          -99 1970-01-01 00:00:00     25.0      1   TRUE
150: f928ea55 陸海空線 台東火車站 2025-09-13 20:00:00   台東火車站 2025-09-13 20:00:00     25.0      0  FALSE
151: f928ea55 陸海空線 台東火車站 2025-09-13 20:00:00          -99 1970-01-01 00:00:00     25.0      1   TRUE
152: f928ea55 市區循環     拖吊場 2025-09-14 11:00:00   台東火車站 2025-09-14 12:00:00     25.0      0  FALSE
153: f928ea55 市區循環     拖吊場 2025-09-14 11:00:00          -99 1970-01-01 00:00:00     25.0      1  FALSE
154: f928ea55 市區循環 台東火車站 2025-09-15 06:00:00   台東火車站 2025-09-15 07:00:00     25.0      0  FALSE
155: f928ea55 市區循環 台東火車站 2025-09-15 06:00:00          -99 1970-01-01 00:00:00     25.0      1   TRUE
156: f928ea55 陸海空線 台東火車站 2025-09-15 17:00:00     中央市場 2025-09-15 17:00:00     25.0      0  FALSE
157: f928ea55 陸海空線 台東火車站 2025-09-15 17:00:00          -99 1970-01-01 00:00:00     25.0      1   TRUE
158: f928ea55 市區循環 台東火車站 2025-09-16 06:00:00   台東火車站 2025-09-16 07:00:00     25.0      0  FALSE
159: f928ea55 市區循環 台東火車站 2025-09-16 06:00:00          -99 1970-01-01 00:00:00     25.0      1   TRUE
160: f928ea55 陸海空線 台東火車站 2025-09-16 16:00:00   台東火車站 2025-09-16 17:00:00     25.0      0  FALSE
161: f928ea55 陸海空線 台東火車站 2025-09-16 16:00:00          -99 1970-01-01 00:00:00     25.0      1   TRUE
162: f928ea55 陸海空線 台東火車站 2025-09-16 17:00:00   台東火車站 2025-09-16 17:00:00     25.0      0  FALSE
163: f928ea55 陸海空線 台東火車站 2025-09-16 17:00:00          -99 1970-01-01 00:00:00     25.0      1   TRUE
164: f928ea55 市區循環 台東火車站 2025-09-17 06:00:00   台東火車站 2025-09-17 07:00:00     25.0      0  FALSE
165: f928ea55 市區循環 台東火車站 2025-09-17 06:00:00          -99 1970-01-01 00:00:00     25.0      1   TRUE
166: f928ea55 市區循環 台東火車站 2025-09-17 17:00:00   台東火車站 2025-09-17 17:00:00     25.0      0  FALSE
167: f928ea55 市區循環 台東火車站 2025-09-17 17:00:00          -99 1970-01-01 00:00:00     25.0      1   TRUE
168: f928ea55 市區循環 台東火車站 2025-09-18 06:00:00   台東火車站 2025-09-18 07:00:00     25.0      0  FALSE
169: f928ea55 市區循環 台東火車站 2025-09-18 06:00:00          -99 1970-01-01 00:00:00     25.0      1   TRUE
170: f928ea55 陸海空線 台東火車站 2025-09-18 17:00:00   台東火車站 2025-09-18 17:00:00     25.0      0  FALSE
171: f928ea55 陸海空線 台東火車站 2025-09-18 17:00:00          -99 1970-01-01 00:00:00     25.0      1   TRUE
172: f928ea55 市區循環 台東火車站 2025-09-19 06:00:00   台東火車站 2025-09-19 07:00:00     25.0      0  FALSE
173: f928ea55 市區循環 台東火車站 2025-09-19 06:00:00          -99 1970-01-01 00:00:00     25.0      1   TRUE
174: f928ea55 市區循環 台東火車站 2025-09-19 17:00:00       拖吊場 2025-09-19 18:00:00     25.0      0  FALSE
175: f928ea55 市區循環 台東火車站 2025-09-19 17:00:00          -99 1970-01-01 00:00:00     25.0      1   TRUE
176: f928ea55 市區循環 台東火車站 2025-09-30 06:00:00   台東火車站 2025-09-30 07:00:00     25.0      0  FALSE
177: f928ea55 市區循環 台東火車站 2025-09-30 06:00:00          -99 1970-01-01 00:00:00     25.0      1   TRUE
178: f928ea55 陸海空線 台東火車站 2025-09-30 16:00:00   台東火車站 2025-09-30 17:00:00     25.0      0  FALSE
179: f928ea55 陸海空線 台東火車站 2025-09-30 16:00:00          -99 1970-01-01 00:00:00     25.0      1   TRUE
         卡號     路線     上車站            上車時間       下車站            下車時間 收費價格   旗標   重複

完成
