
[00-setup] 完成。資料路徑： D:\Github\115_Final-Report/data 
[00-setup] 輸出路徑： D:\Github\115_Final-Report/review/A-資料缺漏與異常/output 

讀取： 公路客運2024_to_202606.csv  欄位： 搭乘路線名稱, 搭乘附屬路線名稱, 搭乘公車路線方向, 上車站牌代碼, 上車站牌名稱, 下車站牌代碼, 下車站牌名稱, 上車計費站序資料, 下車站牌站序, 資料代表日期(yyyy-MM-dd) 
讀取： 花蓮縣公車.csv  欄位： 搭乘路線名稱, 搭乘附屬路線名稱, 搭乘公車路線方向, 上車站牌代碼, 上車站牌名稱, 下車站牌代碼, 下車站牌名稱, 上車計費站序資料, 下車站牌站序, 資料代表日期(yyyy-MM-dd) 

============================================================
臺東公路 8101A 方向 0
============================================================

距離表共 11 列、10 個不重複代碼；重複出現的代碼：
Key: <站牌代碼>
   站牌代碼 出現次數   站序 累積里程_公里       站名
     <char>    <int> <char>        <char>     <char>
1:   293959        2  2、10  7.61、230.45 台東火車站

距離表中出現一次以上的站名（含同名不同代碼）：
         站名 代碼數           代碼   站序 累積里程_公里
       <char>  <int>         <char> <char>        <char>
1: 台東轉運站      2 300031、300030  1、11     0、236.78
2: 台東火車站      1         293959  2、10  7.61、230.45

該表單段距離（公里）由大到小：
   站序資料 站牌代碼 站間距離_公里
      <num>   <char>         <num>
1:        3   293970        109.51
2:        9   293988         42.65
3:        5   293998         26.66
4:       10   293959         16.22
5:        6   306025         13.29

配對候選數分布（候選數 = 1 表示該代碼在此表只出現一次，「取站序最接近」規則用不到）：
   上車候選數 下車候選數 票證數 反向數 反向占比 abs里程_公里
        <int>      <int>  <int>  <int>    <num>        <num>
1:          1          1  49107   9576     19.5        56.46
2:          1          2  10586   5079     48.0       110.57
3:          2          1   7476   3962     53.0       114.27
4:          2          2    355     86     24.2       107.96
兩端候選數皆為 1 的票證占 72.7%
票證自帶站序與選中之表站序相同者占 99.5%（上車）、99.8%（下車）

最常見的四組起迄站名，依票證攜帶的站牌代碼拆開：
     上車站牌名稱 下車站牌名稱 上車碼 下車碼 票證數 上車選中站序 下車選中站序
           <char>       <char> <char> <char>  <int>        <num>        <num>
1:     台東火車站       小野柳 293959 293970   5231           10            3
2:     台東轉運站       小野柳 300031 293970   5297            1            3
3:     台東轉運站       小野柳 300030 293970   5181           11            3
4:       成功漁港 三仙台遊憩區 306025 294000   7643            6            8
5: 阿美族民俗中心     成功漁港 293998 306025   8397            5            6
   上車累積里程_公里 下車累積里程_公里 差_公里 取abs後_公里
               <num>             <num>   <num>        <num>
1:            230.45            117.13 -113.32       113.32
2:              0.00            117.13  117.13       117.13
3:            236.78            117.13 -119.65       119.65
4:            166.28            171.58    5.30         5.30
5:            153.00            166.28   13.29        13.29

該表最大單段位於站序 2→3（109.51 公里）。里程區間涵蓋此段的票證：18604 筆（27.6%），平均 abs 里程 164.79 公里；
未涵蓋者 48920 筆，平均 36.18 公里。
反向票證中涵蓋此段者 49.7%；正向票證中 21.0%

============================================================
花蓮市區 309 方向 0
============================================================

距離表共 13 列、12 個不重複代碼；重複出現的代碼：
Key: <站牌代碼>
   站牌代碼 出現次數   站序 累積里程_公里       站名
     <char>    <int> <char>        <char>     <char>
1:   304981        2  1、13     0、109.82 玉里火車站

距離表中出現一次以上的站名（含同名不同代碼）：
         站名 代碼數           代碼   站序 累積里程_公里
       <char>  <int>         <char> <char>        <char>
1: 玉里火車站      1         304981  1、13     0、109.82
2:   安通溫泉      2 304978、304990  2、12  7.98、101.83
3: 寧埔休憩區      2 304979、304989  3、11  22.16、87.66
4: 長濱鄉公所      2 304980、304988  4、10  30.78、79.04

該表單段距離（公里）由大到小：
   站序資料 站牌代碼 站間距離_公里
      <num>   <char>         <num>
1:        5   304985         18.59
2:        8   304986         15.82
3:        3   304979         14.18
4:       12   304990         14.17
5:       11   304989          8.62

配對候選數分布（候選數 = 1 表示該代碼在此表只出現一次，「取站序最接近」規則用不到）：
   上車候選數 下車候選數 票證數 反向數 反向占比 abs里程_公里
        <int>      <int>  <int>  <int>    <num>        <num>
1:          1          1  17402    835      4.8         9.80
2:          2          1  11487   5588     48.6        55.52
3:          1          2   9021   4613     51.1        55.60
4:          2          2    418    100     23.9        52.54
兩端候選數皆為 1 的票證占 45.4%
票證自帶站序與選中之表站序相同者占 100.0%（上車）、100.0%（下車）

最常見的四組起迄站名，依票證攜帶的站牌代碼拆開：
     上車站牌名稱   下車站牌名稱 上車碼 下車碼 票證數 上車選中站序 下車選中站序
           <char>         <char> <char> <char>  <int>        <num>        <num>
1: 奚卜蘭遊客中心         石梯坪 304985 304984   3864            5            6
2:     玉里火車站 奚卜蘭遊客中心 304981 304985   7514            1            5
3:         石梯坪       北回歸線 304984 304982   3982            6            7
4:     金剛好事館     玉里火車站 304987 304981   6523            9            1
   上車累積里程_公里 下車累積里程_公里 差_公里 取abs後_公里
               <num>             <num>   <num>        <num>
1:             49.37             53.49    4.12         4.12
2:              0.00             49.37   49.37        49.37
3:             53.49             59.48    5.99         5.99
4:             77.42              0.00  -77.42        77.42

該表最大單段位於站序 4→5（18.59 公里）。里程區間涵蓋此段的票證：11819 筆（30.8%），平均 abs 里程 68.69 公里；
未涵蓋者 26509 筆，平均 19.62 公里。
反向票證中涵蓋此段者 50.1%；正向票證中 23.8%

已寫出 output/D1-環狀-{距離表站牌重複,候選數分布,同站名依代碼拆分}.csv
耗時： 0.7 mins 
EXIT=0
