讀取完成： 2,469,316 列， 21 秒
花蓮公路列數： 749,530 

========================================
1. 花蓮公路 月序列：分子、分母、TPASS 卡數、每卡月均次
========================================
      月份 總人次 TPASS人次 TPASS卡數 非TPASS人次 TPASS比例% 每卡月均次
    <char>  <int>     <int>     <int>       <int>      <num>      <num>
 1: 113/06  28472      4745       613       23727       16.7       7.74
 2: 113/07  26660      3577       513       23083       13.4       6.97
 3: 113/08  27650      3534       598       24116       12.8       5.91
 4: 113/09  30366      5933       699       24433       19.5       8.49
 5: 113/10  28780      5382       670       23398       18.7       8.03
 6: 113/11  34724      6074       709       28650       17.5       8.57
 7: 113/12  31709      5732       708       25977       18.1       8.10
 8: 114/01  26085      4124       671       21961       15.8       6.15
 9: 114/02  25675      4591       671       21084       17.9       6.84
10: 114/03  32250      6670       717       25580       20.7       9.30
11: 114/04  32599      6309       727       26290       19.4       8.68
12: 114/05  32009      6596       722       25413       20.6       9.14
13: 114/06  30017      5807       738       24210       19.3       7.87
14: 114/07  28640      4546       673       24094       15.9       6.75
15: 114/08  29551      3857       695       25694       13.1       5.55
16: 114/09  31191      6525       752       24666       20.9       8.68
17: 114/10  32153      6656       800       25497       20.7       8.32
18: 114/11  26571      5944       675       20627       22.4       8.81
19: 114/12  31861      7096       856       24765       22.3       8.29
20: 115/01  27594      5767       794       21827       20.9       7.26
21: 115/02  24146      3223       744       20923       13.3       4.33
22: 115/03  34104      7593       796       26511       22.3       9.54
23: 115/04  34305      7084       866       27221       20.7       8.18
24: 115/05  33146      6959       852       26187       21.0       8.17
25: 115/06  29272      5847       839       23425       20.0       6.97
      月份 總人次 TPASS人次 TPASS卡數 非TPASS人次 TPASS比例% 每卡月均次
    TPASS人次較前月% 總人次較前月% 非TPASS較前月% TPASS卡數較前月%
               <num>         <num>          <num>            <num>
 1:               NA            NA             NA               NA
 2:            -24.6          -6.4           -2.7            -16.3
 3:             -1.2           3.7            4.5             16.6
 4:             67.9           9.8            1.3             16.9
 5:             -9.3          -5.2           -4.2             -4.1
 6:             12.9          20.7           22.4              5.8
 7:             -5.6          -8.7           -9.3             -0.1
 8:            -28.1         -17.7          -15.5             -5.2
 9:             11.3          -1.6           -4.0              0.0
10:             45.3          25.6           21.3              6.9
11:             -5.4           1.1            2.8              1.4
12:              4.5          -1.8           -3.3             -0.7
13:            -12.0          -6.2           -4.7              2.2
14:            -21.7          -4.6           -0.5             -8.8
15:            -15.2           3.2            6.6              3.3
16:             69.2           5.5           -4.0              8.2
17:              2.0           3.1            3.4              6.4
18:            -10.7         -17.4          -19.1            -15.6
19:             19.4          19.9           20.1             26.8
20:            -18.7         -13.4          -11.9             -7.2
21:            -44.1         -12.5           -4.1             -6.3
22:            135.6          41.2           26.7              7.0
23:             -6.7           0.6            2.7              8.8
24:             -1.8          -3.4           -3.8             -1.6
25:            -16.0         -11.7          -10.5             -1.5
    TPASS人次較前月% 總人次較前月% 非TPASS較前月% TPASS卡數較前月%
已寫入：output/TPASS低谷-1-花蓮公路月序列.csv

========================================
1b. 兩縣公路客運 TPASS 比例並列
========================================
Key: <月份>
      月份 花蓮公路 臺東公路
    <char>    <num>    <num>
 1: 113/06     16.7     27.2
 2: 113/07     13.4     20.6
 3: 113/08     12.8     19.2
 4: 113/09     19.5     31.6
 5: 113/10     18.7     32.8
 6: 113/11     17.5     31.8
 7: 113/12     18.1     34.5
 8: 114/01     15.8     31.0
 9: 114/02     17.9     31.9
10: 114/03     20.7     37.2
11: 114/04     19.4     35.9
12: 114/05     20.6     37.4
13: 114/06     19.3     34.9
14: 114/07     15.9     25.8
15: 114/08     13.1     22.5
16: 114/09     20.9     39.5
17: 114/10     20.7     37.2
18: 114/11     22.4     29.3
19: 114/12     22.3     39.1
20: 115/01     20.9     37.4
21: 115/02     13.3     26.2
22: 115/03     22.3     40.5
23: 115/04     20.7     39.6
24: 115/05     21.0     40.4
25: 115/06     20.0     39.9
      月份 花蓮公路 臺東公路
已寫入：output/TPASS低谷-1b-兩縣公路比例並列.csv

========================================
2. TPASS 人次依票種次類型分解（低谷月與鄰月）
========================================
   票種次類型 113/06 113/07 113/08 113/09 113/10 113/12 114/01 114/02 114/03
       <char>  <int>  <int>  <int>  <int>  <int>  <int>  <int>  <int>  <int>
1:   #HUA-399   3681   2621   2473   4950   4536   4643   3165   3656   5597
2:   #TTT-299   1064    956   1061    983    846   1089    959    934   1073
3:   #HUA-199      0      0      0      0      0      0      0      1      0
   114/04 114/06 114/07 114/08 114/09 114/10 114/12 115/01 115/02 115/03 115/04
    <int>  <int>  <int>  <int>  <int>  <int>  <int>  <int>  <int>  <int>  <int>
1:   5263   4678   3301   2732   5386   5499   5816   4622   2243   6238   5717
2:   1046   1129   1245   1125   1139   1157   1280   1145    980   1355   1367
3:      0      0      0      0      0      0      0      0      0      0      0
已寫入：output/TPASS低谷-2a-依票種次類型.csv

========================================
2. TPASS 人次依持卡身分分解（低谷月與鄰月）
========================================
   持卡身分 113/06 113/07 113/08 113/09 113/10 113/12 114/01 114/02 114/03
     <char>  <int>  <int>  <int>  <int>  <int>  <int>  <int>  <int>  <int>
1:        A   3894   2769   2652   5124   4681   4809   3274   3715   5660
2:        X    588    579    720    742    655    881    795    811    949
3:        B    263    229    162     67     46     42     55     65     61
   114/04 114/06 114/07 114/08 114/09 114/10 114/12 115/01 115/02 115/03 115/04
    <int>  <int>  <int>  <int>  <int>  <int>  <int>  <int>  <int>  <int>  <int>
1:   5335   4774   3457   2815   5498   5559   5943   4766   2324   6362   5907
2:    940    982   1029    967   1012   1074   1113    966    876   1217   1136
3:     34     51     60     75     15     23     40     35     23     14     41
已寫入：output/TPASS低谷-2b-依持卡身分.csv

========================================
2. TPASS 人次依業者分解（低谷月與鄰月）
========================================
     業者 113/06 113/07 113/08 113/09 113/10 113/12 114/01 114/02 114/03 114/04
   <char>  <int>  <int>  <int>  <int>  <int>  <int>  <int>  <int>  <int>  <int>
1:   1201   2716   1899   1865   4506   4246   4519   3031   3402   5320   4995
2:   1602    585    553    617    816    678    917    800    937   1065   1037
3:   0816    559    468    524    258    251    296    293    252    285    277
4:   0805    885    657    528    353    207      0      0      0      0      0
   114/06 114/07 114/08 114/09 114/10 114/12 115/01 115/02 115/03 115/04
    <int>  <int>  <int>  <int>  <int>  <int>  <int>  <int>  <int>  <int>
1:   4428   3078   2499   5131   5228   5548   4447   2071   5991   5489
2:   1025   1012    940   1108   1102   1245    890    774   1275   1275
3:    354    456    418    286    326    303    430    378    327    320
4:      0      0      0      0      0      0      0      0      0      0
已寫入：output/TPASS低谷-2c-依業者.csv

========================================
2. TPASS 人次依路線分解（低谷月與鄰月）
========================================
      路線 113/06 113/07 113/08 113/09 113/10 113/12 114/01 114/02 114/03
    <char>  <int>  <int>  <int>  <int>  <int>  <int>  <int>  <int>  <int>
 1:   1135    113    136    100    186    156    205    174    195    335
 2:   1121    616    435    488    898    681    785    563    712   1195
 3:   1132    492    280    238    756    689    648    512    458    831
 4:   1140    599    668    547    618    557    560    495    510    629
 5:   1139    431    213    200    538    489    562    301    372    600
 6:   8119    378    384    437    555    465    637    446    464    566
 7:   1136    259     60     70    478    457    486    233    450    648
 8:   1145    341    285    313    454    463    453    364    387    426
 9:   8161    557    464    522    257    251    294    292    251    284
10:   8181    207    169    180    261    213    280    292    247    237
11:   1128    152     45     27    206    330    196    115    101    334
12:   1142    201    130     85    202    111    111     82     82    111
13:   1129    111     94    106    144    182    151     80    111    180
14:   1143    103     12     14    124    143     99     40     56     49
15:   1122     68     92    131    151     96    114     55    108    103
16:   1137     24     39     17     46     41     68     38     42     56
17:   1141     29      6      7     19     19     27     18     22     23
18:   1133      6     17     24     13     11      8      6      8      8
19:   1125     56     44     26     22     28     44     15     14     29
20:   1130      0      0      0      4      0      2      2      0     25
21:   8173      2      4      2      1      0      2      1      1      1
      路線 113/06 113/07 113/08 113/09 113/10 113/12 114/01 114/02 114/03
    114/04 114/06 114/07 114/08 114/09 114/10 114/12 115/01 115/02 115/03
     <int>  <int>  <int>  <int>  <int>  <int>  <int>  <int>  <int>  <int>
 1:    317    244    120     66    239    231    326    364     98   1150
 2:   1165    999    724    575   1155   1198   1297    904    406   1123
 3:    873    769    312    205    774    820    855    612    174    753
 4:    622    635    733    633    691    774    792    767    519    714
 5:    510    412    206    223    657    633    647    585    302    705
 6:    592    563    544    531    634    631    711    485    396    705
 7:    494    347     89     64    605    511    503    340    123    555
 8:    404    404    452    390    467    498    478    314    260    426
 9:    276    349    455    414    284    325    302    430    378    327
10:    202    234    253    213    246    229    271    243    236    311
11:    330    337    148     97    227    251    257    198     57    239
12:     99    108     95     97    134    105    110     61     60    142
13:    141     99    113     96    108    122    127    125     57    115
14:     34     56      6      0     55     36    108     44      9     95
15:    111    133    136    118    133    128    112    113     70     84
16:     55     31     72     22     77    100    116     91     35     69
17:     18     16     49     35     27     38     56     52     29     58
18:     11     11     18     16      1      7     13     21      8     13
19:     26     45     20     56      9     18     14     17      5      9
20:     28     10      0      2      0      0      0      1      1      0
21:      1      5      1      4      2      1      1      0      0      0
    114/04 114/06 114/07 114/08 114/09 114/10 114/12 115/01 115/02 115/03
    115/04
     <int>
 1:    912
 2:   1063
 3:    692
 4:    698
 5:    667
 6:    696
 7:    485
 8:    418
 9:    320
10:    333
11:    201
12:    145
13:    114
14:    123
15:     82
16:     63
17:     50
18:     10
19:     12
20:      0
21:      0
    115/04
已寫入：output/TPASS低谷-2d-依路線.csv

========================================
2e. 非 TPASS 人次依持卡身分
========================================
Key: <持卡身分>
   持卡身分 113/06 113/07 113/08 113/09 113/10 113/12 114/01 114/02 114/03
     <char>  <int>  <int>  <int>  <int>  <int>  <int>  <int>  <int>  <int>
1:        A   7465   7754   8346   8666   8665   8841   7975   6973   8546
2:        B   2051   2121   1973   1969   1829   1775   1837   1811   1964
3:      C01   7482   6931   7599   8917   8647  11112   8500   8437  10443
4:      C02   2159   2006   2496   3161   2784   3612   3204   3402   4090
5:      C09   4570   4271   3702   1720   1473    637    445    461    537
6:        X      0      0      0      0      0      0      0      0      0
   114/04 114/06 114/07 114/08 114/09 114/10 114/12 115/01 115/02 115/03 115/04
    <int>  <int>  <int>  <int>  <int>  <int>  <int>  <int>  <int>  <int>  <int>
1:   8746   7348   7883   8547   8224   8906   8114   6814   7711   8947   9503
2:   2245   1974   1807   2041   2133   1894   1684   1542   1595   1652   1930
3:  10702  10284   9849  10302   9481  10181  10431   9159   7987  10990  10991
4:   4019   4033   3894   4038   4086   3921   3994   3740   3176   4348   4252
5:    578    571    661    766    742    595    542    572    453    574    545
6:      0      0      0      0      0      0      0      0      1      0      0
已寫入：output/TPASS低谷-2e-非TPASS依持卡身分.csv

========================================
2f. TPASS 列的持卡身分全期分布
========================================
   持卡身分 TPASS人次 占比%
     <char>     <int> <num>
1:        A    115550  82.4
2:        X     23024  16.4
3:        B      1597   1.1
已寫入：output/TPASS低谷-2f-TPASS列持卡身分全期分布.csv

========================================
2g. 各業者逐月 TPASS 比例
========================================
Key: <月份>
      月份  0805  0816  1201  1602
    <char> <num> <num> <num> <num>
 1: 113/06  12.3  35.5  16.1  20.6
 2: 113/07  10.7  28.2  11.5  23.0
 3: 113/08  10.6  30.0  10.2  23.0
 4: 113/09  17.3  18.9  18.7  28.1
 5: 113/10  14.0  19.4  18.2  24.8
 6: 113/11   9.2  18.3  17.1  26.9
 7: 113/12    NA  17.9  16.9  28.0
 8: 114/01    NA  18.6  14.5  22.4
 9: 114/02    NA  17.7  16.8  23.4
10: 114/03    NA  18.6  20.5  22.6
11: 114/04    NA  19.1  18.9  22.0
12: 114/05    NA  20.9  20.0  23.8
13: 114/06    NA  23.1  18.5  22.7
14: 114/07    NA  27.1  13.9  21.0
15: 114/08    NA  24.2  11.1  18.0
16: 114/09    NA  21.2  20.2  24.7
17: 114/10    NA  20.3  20.4  22.1
18: 114/11    NA    NA  21.7  25.9
19: 114/12    NA  18.0  21.9  25.8
20: 115/01    NA  24.1  20.0  24.6
21: 115/02    NA  23.0  11.3  18.7
22: 115/03    NA  19.7  21.7  26.3
23: 115/04    NA  19.5  20.0  24.4
24: 115/05    NA  20.2  20.4  24.4
25: 115/06    NA  23.6  18.6  25.5
      月份  0805  0816  1201  1602
已寫入：output/TPASS低谷-2g-業者逐月TPASS比例.csv

========================================
2h. 各業者逐月 TPASS 人次
========================================
Key: <月份>
      月份  0805  0816  1201  1602
    <char> <int> <int> <int> <int>
 1: 113/06   885   559  2716   585
 2: 113/07   657   468  1899   553
 3: 113/08   528   524  1865   617
 4: 113/09   353   258  4506   816
 5: 113/10   207   251  4246   678
 6: 113/11   171   283  4887   733
 7: 113/12     0   296  4519   917
 8: 114/01     0   293  3031   800
 9: 114/02     0   252  3402   937
10: 114/03     0   285  5320  1065
11: 114/04     0   277  4995  1037
12: 114/05     0   315  5193  1088
13: 114/06     0   354  4428  1025
14: 114/07     0   456  3078  1012
15: 114/08     0   418  2499   940
16: 114/09     0   286  5131  1108
17: 114/10     0   326  5228  1102
18: 114/11     0     0  4831  1113
19: 114/12     0   303  5548  1245
20: 115/01     0   430  4447   890
21: 115/02     0   378  2071   774
22: 115/03     0   327  5991  1275
23: 115/04     0   320  5489  1275
24: 115/05     0   296  5459  1204
25: 115/06     0   389  4246  1212
      月份  0805  0816  1201  1602
已寫入：output/TPASS低谷-2h-業者逐月TPASS人次.csv

========================================
2i. 114/08 各路線 TPASS 人次較鄰月平均之減少量
========================================
      路線 114/07 114/08 114/09 鄰月平均 減少量 減少幅度% 占總減少%   低谷
    <char>  <int>  <int>  <int>    <num>  <num>     <num>     <num> <char>
 1:   1121    724    575   1155      940    365      38.8      21.7 114/08
 2:   1132    312    205    774      543    338      62.2      20.1 114/08
 3:   1136     89     64    605      347    283      81.6      16.8 114/08
 4:   1139    206    223    657      432    209      48.4      12.4 114/08
 5:   1135    120     66    239      180    114      63.3       6.8 114/08
 6:   1128    148     97    227      188     91      48.4       5.4 114/08
 7:   1140    733    633    691      712     79      11.1       4.7 114/08
 8:   1145    452    390    467      460     70      15.2       4.2 114/08
 9:   8119    544    531    634      589     58       9.8       3.5 114/08
10:   1137     72     22     77       74     52      70.3       3.1 114/08
11:   8181    253    213    246      250     37      14.8       2.2 114/08
12:   1143      6      0     55       30     30     100.0       1.8 114/08
13:   1142     95     97    134      114     17      14.9       1.0 114/08
14:   1122    136    118    133      134     16      11.9       1.0 114/08
15:   1129    113     96    108      110     14      12.7       0.8 114/08
16:   1141     49     35     27       38      3       7.9       0.2 114/08
17:   1130      0      2      0        0     -2      -Inf      -0.1 114/08
18:   8173      1      4      2        2     -2    -100.0      -0.1 114/08
19:   1133     18     16      1       10     -6     -60.0      -0.4 114/08
20:   1125     20     56      9       14    -42    -300.0      -2.5 114/08
21:   8161    455    414    284      370    -44     -11.9      -2.6 114/08
      路線 114/07 114/08 114/09 鄰月平均 減少量 減少幅度% 占總減少%   低谷
已寫入：output/TPASS低谷-2i-路線減少量-11408.csv

========================================
2j. 115/02 各路線 TPASS 人次較鄰月平均之減少量
========================================
      路線 115/01 115/02 115/03 鄰月平均 減少量 減少幅度% 占總減少%   低谷
    <char>  <int>  <int>  <int>    <num>  <num>     <num>     <num> <char>
 1:   1135    364     98   1150      757    659      87.1      19.1 115/02
 2:   1121    904    406   1123     1014    608      60.0      17.6 115/02
 3:   1132    612    174    753      682    508      74.5      14.7 115/02
 4:   1139    585    302    705      645    343      53.2       9.9 115/02
 5:   1136    340    123    555      448    325      72.5       9.4 115/02
 6:   1140    767    519    714      740    221      29.9       6.4 115/02
 7:   8119    485    396    705      595    199      33.4       5.8 115/02
 8:   1128    198     57    239      218    161      73.9       4.7 115/02
 9:   1145    314    260    426      370    110      29.7       3.2 115/02
10:   1129    125     57    115      120     63      52.5       1.8 115/02
11:   1143     44      9     95       70     61      87.1       1.8 115/02
12:   1137     91     35     69       80     45      56.2       1.3 115/02
13:   1142     61     60    142      102     42      41.2       1.2 115/02
14:   8181    243    236    311      277     41      14.8       1.2 115/02
15:   1122    113     70     84       98     28      28.6       0.8 115/02
16:   1141     52     29     58       55     26      47.3       0.8 115/02
17:   1133     21      8     13       17      9      52.9       0.3 115/02
18:   1125     17      5      9       13      8      61.5       0.2 115/02
19:   8161    430    378    327      378      0       0.0       0.0 115/02
20:   1130      1      1      0        0     -1      -Inf       0.0 115/02
      路線 115/01 115/02 115/03 鄰月平均 減少量 減少幅度% 占總減少%   低谷
已寫入：output/TPASS低谷-2j-路線減少量-11502.csv

========================================
3. 逐日序列（2025/06/15–10/15、2025/12/15–2026/04/15）
========================================
           日期  星期   日型 總人次 TPASS人次 TPASS比例%
         <Date> <int> <char>  <int>     <int>      <num>
  1: 2025-06-15     7   假日    783       128       16.3
  2: 2025-06-16     1   平日    985       224       22.7
  3: 2025-06-17     2   平日   1046       247       23.6
  4: 2025-06-18     3   平日   1051       221       21.0
  5: 2025-06-19     4   平日    985       206       20.9
  6: 2025-06-20     5   平日   1156       227       19.6
  7: 2025-06-21     6   假日    982        99       10.1
  8: 2025-06-22     7   假日    873       115       13.2
  9: 2025-06-23     1   平日   1066       225       21.1
 10: 2025-06-24     2   平日   1150       210       18.3
 11: 2025-06-25     3   平日   1044       203       19.4
 12: 2025-06-26     4   平日   1150       229       19.9
 13: 2025-06-27     5   平日   1264       233       18.4
 14: 2025-06-28     6   假日    801        84       10.5
 15: 2025-06-29     7   假日    883       112       12.7
 16: 2025-06-30     1   平日   1098       192       17.5
 17: 2025-07-01     2   平日    964       142       14.7
 18: 2025-07-02     3   平日    909       139       15.3
 19: 2025-07-03     4   平日    846       140       16.5
 20: 2025-07-04     5   平日    980       122       12.4
 21: 2025-07-05     6   假日    815        80        9.8
 22: 2025-07-06     7   假日    472        58       12.3
 23: 2025-07-07     1   平日    791       134       16.9
 24: 2025-07-08     2   平日    937       158       16.9
 25: 2025-07-09     3   平日    832       142       17.1
 26: 2025-07-10     4   平日    995       147       14.8
 27: 2025-07-11     5   平日   1063       154       14.5
 28: 2025-07-12     6   假日    981        93        9.5
 29: 2025-07-13     7   假日    927       112       12.1
 30: 2025-07-14     1   平日   1083       194       17.9
 31: 2025-07-15     2   平日   1078       219       20.3
 32: 2025-07-16     3   平日   1065       209       19.6
 33: 2025-07-17     4   平日   1046       198       18.9
 34: 2025-07-18     5   平日    999       155       15.5
 35: 2025-07-19     6   假日    587        52        8.9
 36: 2025-07-20     7   假日    728        79       10.9
 37: 2025-07-21     1   平日    870       161       18.5
 38: 2025-07-22     2   平日    926       187       20.2
 39: 2025-07-23     3   平日   1054       224       21.3
 40: 2025-07-24     4   平日   1001       236       23.6
 41: 2025-07-25     5   平日   1048       177       16.9
 42: 2025-07-26     6   假日    975        86        8.8
 43: 2025-07-27     7   假日    892        75        8.4
 44: 2025-07-28     1   平日    963       159       16.5
 45: 2025-07-29     2   平日    963       187       19.4
 46: 2025-07-30     3   平日    932       162       17.4
 47: 2025-07-31     4   平日    918       165       18.0
 48: 2025-08-01     5   平日    987       154       15.6
 49: 2025-08-02     6   假日    852        96       11.3
 50: 2025-08-03     7   假日    734        87       11.9
 51: 2025-08-04     1   平日    900       165       18.3
 52: 2025-08-05     2   平日   1027       163       15.9
 53: 2025-08-06     3   平日   1007       169       16.8
 54: 2025-08-07     4   平日   1050       181       17.2
 55: 2025-08-08     5   平日   1109       149       13.4
 56: 2025-08-09     6   假日    909        90        9.9
 57: 2025-08-10     7   假日    990        71        7.2
 58: 2025-08-11     1   平日   1180       150       12.7
 59: 2025-08-12     2   平日   1079       146       13.5
 60: 2025-08-14     4   平日    849       132       15.5
 61: 2025-08-15     5   平日    983       115       11.7
 62: 2025-08-16     6   假日    960        92        9.6
 63: 2025-08-17     7   假日    873        75        8.6
 64: 2025-08-18     1   平日   1092       132       12.1
 65: 2025-08-19     2   平日   1067       150       14.1
 66: 2025-08-20     3   平日    962       148       15.4
 67: 2025-08-21     4   平日    980       148       15.1
 68: 2025-08-22     5   平日   1208       148       12.3
 69: 2025-08-23     6   假日   1031        81        7.9
 70: 2025-08-24     7   假日    844        94       11.1
 71: 2025-08-25     1   平日   1009       134       13.3
 72: 2025-08-26     2   平日   1027       115       11.2
 73: 2025-08-27     3   平日   1064       177       16.6
 74: 2025-08-28     4   平日    911       137       15.0
 75: 2025-08-29     5   平日   1054       152       14.4
 76: 2025-08-30     6   假日    992        87        8.8
 77: 2025-08-31     7   假日    821       119       14.5
 78: 2025-09-01     1   平日   1154       237       20.5
 79: 2025-09-02     2   平日   1133       246       21.7
 80: 2025-09-03     3   平日   1258       283       22.5
 81: 2025-09-04     4   平日   1217       304       25.0
 82: 2025-09-05     5   平日   1262       294       23.3
 83: 2025-09-06     6   假日    790        78        9.9
 84: 2025-09-07     7   假日    858       104       12.1
 85: 2025-09-08     1   平日   1219       285       23.4
 86: 2025-09-09     2   平日   1221       304       24.9
 87: 2025-09-10     3   平日   1218       314       25.8
 88: 2025-09-11     4   平日   1111       295       26.6
 89: 2025-09-12     5   平日   1200       298       24.8
 90: 2025-09-13     6   假日    942       139       14.8
 91: 2025-09-14     7   假日    826       108       13.1
 92: 2025-09-15     1   平日   1189       270       22.7
 93: 2025-09-16     2   平日   1225       306       25.0
 94: 2025-09-17     3   平日   1107       282       25.5
 95: 2025-09-18     4   平日   1068       284       26.6
 96: 2025-09-19     5   平日   1291       302       23.4
 97: 2025-09-20     6   假日   1023       114       11.1
 98: 2025-09-21     7   假日    920       144       15.7
 99: 2025-09-22     1   平日    780       216       27.7
100: 2025-09-24     3   平日    802       210       26.2
101: 2025-09-25     4   平日   1015       248       24.4
102: 2025-09-26     5   平日   1165       285       24.5
103: 2025-09-27     6   假日    971        83        8.5
104: 2025-09-28     7   假日   1076        84        7.8
105: 2025-09-29     1   平日   1027       147       14.3
106: 2025-09-30     2   平日   1123       261       23.2
107: 2025-10-01     3   平日   1115       267       23.9
108: 2025-10-02     4   平日   1120       254       22.7
109: 2025-10-03     5   平日   1155       250       21.6
110: 2025-10-04     6   假日    996       103       10.3
111: 2025-10-05     7   假日    796        80       10.1
112: 2025-10-06     1   平日    773       124       16.0
113: 2025-10-07     2   平日   1159       234       20.2
114: 2025-10-08     3   平日   1027       258       25.1
115: 2025-10-09     4   平日   1190       282       23.7
116: 2025-10-10     5   平日    953       110       11.5
117: 2025-10-11     6   假日   1007        84        8.3
118: 2025-10-12     7   假日    923       124       13.4
119: 2025-10-13     1   平日   1165       276       23.7
120: 2025-10-14     2   平日   1187       286       24.1
121: 2025-10-15     3   平日   1153       271       23.5
122: 2025-12-15     1   平日   1087       244       22.4
123: 2025-12-16     2   平日   1067       262       24.6
124: 2025-12-17     3   平日   1124       271       24.1
125: 2025-12-18     4   平日   1124       258       23.0
126: 2025-12-19     5   平日   1098       272       24.8
127: 2025-12-20     6   假日    762       105       13.8
128: 2025-12-21     7   假日    800       145       18.1
129: 2025-12-22     1   平日   1123       274       24.4
130: 2025-12-23     2   平日   1017       242       23.8
131: 2025-12-24     3   平日   1103       293       26.6
132: 2025-12-25     4   平日    824       126       15.3
133: 2025-12-26     5   平日   1272       279       21.9
134: 2025-12-27     6   假日    993        93        9.4
135: 2025-12-28     7   假日    841       117       13.9
136: 2025-12-29     1   平日   1119       283       25.3
137: 2025-12-30     2   平日   1099       279       25.4
138: 2025-12-31     3   平日   1310       297       22.7
139: 2026-01-01     4   平日    842        96       11.4
140: 2026-01-02     5   平日   1267       242       19.1
141: 2026-01-03     6   假日    871       111       12.7
142: 2026-01-04     7   假日    735       128       17.4
143: 2026-01-05     1   平日   1048       240       22.9
144: 2026-01-06     2   平日    837       206       24.6
145: 2026-01-07     3   平日    949       249       26.2
146: 2026-01-08     4   平日    988       231       23.4
147: 2026-01-09     5   平日    939       220       23.4
148: 2026-01-10     6   假日    742       122       16.4
149: 2026-01-12     1   平日   1063       277       26.1
150: 2026-01-13     2   平日   1052       281       26.7
151: 2026-01-14     3   平日    933       249       26.7
152: 2026-01-15     4   平日   1029       288       28.0
153: 2026-01-16     5   平日   1079       268       24.8
154: 2026-01-17     6   假日    675       107       15.9
155: 2026-01-18     7   假日    730       113       15.5
156: 2026-01-19     1   平日    937       240       25.6
157: 2026-01-20     2   平日   1005       263       26.2
158: 2026-01-21     3   平日    928       244       26.3
159: 2026-01-22     4   平日   1010       277       27.4
160: 2026-01-23     5   平日    967       243       25.1
161: 2026-01-24     6   假日    765        96       12.5
162: 2026-01-25     7   假日    772       101       13.1
163: 2026-01-26     1   平日   1016       176       17.3
164: 2026-01-27     2   平日    802       138       17.2
165: 2026-01-28     3   平日    846       144       17.0
166: 2026-01-29     4   平日    936       167       17.8
167: 2026-01-30     5   平日   1016       155       15.3
168: 2026-01-31     6   假日    815        95       11.7
169: 2026-02-01     7   假日    634        89       14.0
170: 2026-02-02     1   平日    797       113       14.2
171: 2026-02-03     2   平日     63        22       34.9
172: 2026-02-04     3   平日    937       144       15.4
173: 2026-02-05     4   平日    802       113       14.1
174: 2026-02-06     5   平日    966       124       12.8
175: 2026-02-07     6   假日    872        99       11.4
176: 2026-02-08     7   假日    670        69       10.3
177: 2026-02-09     1   平日    981       122       12.4
178: 2026-02-10     2   平日    956       116       12.1
179: 2026-02-11     3   平日    898       118       13.1
180: 2026-02-12     4   平日    908       129       14.2
181: 2026-02-13     5   平日   1005       128       12.7
182: 2026-02-14     6   假日    981        74        7.5
183: 2026-02-15     7   假日    867        48        5.5
184: 2026-02-16     1   平日    684        52        7.6
185: 2026-02-17     2   平日    750        54        7.2
186: 2026-02-18     3   平日    784        55        7.0
187: 2026-02-19     4   平日   1010        81        8.0
188: 2026-02-20     5   平日    986        81        8.2
189: 2026-02-21     6   假日    843        93       11.0
190: 2026-02-22     7   假日    762        85       11.2
191: 2026-02-23     1   平日   1007       234       23.2
192: 2026-02-24     2   平日   1035       258       24.9
193: 2026-02-25     3   平日    964       271       28.1
194: 2026-02-26     4   平日   1040       256       24.6
195: 2026-02-27     5   平日   1042       110       10.6
196: 2026-02-28     6   假日    902        85        9.4
197: 2026-03-01     7   假日    577        60       10.4
198: 2026-03-02     1   平日   1125       275       24.4
199: 2026-03-03     2   平日    890       242       27.2
200: 2026-03-05     4   平日   1025       280       27.3
201: 2026-03-06     5   平日   1270       318       25.0
202: 2026-03-07     6   假日   1004       113       11.3
203: 2026-03-08     7   假日    828       118       14.3
204: 2026-03-09     1   平日   1197       339       28.3
205: 2026-03-10     2   平日   1174       321       27.3
206: 2026-03-11     3   平日   1300       340       26.2
207: 2026-03-12     4   平日   1088       294       27.0
208: 2026-03-13     5   平日   1253       303       24.2
209: 2026-03-14     6   假日   1057       125       11.8
210: 2026-03-15     7   假日    998       113       11.3
211: 2026-03-16     1   平日   1199       319       26.6
212: 2026-03-17     2   平日   1136       307       27.0
213: 2026-03-18     3   平日   1214       321       26.4
214: 2026-03-19     4   平日   1054       304       28.8
215: 2026-03-20     5   平日   1389       339       24.4
216: 2026-03-21     6   假日   1107       130       11.7
217: 2026-03-22     7   假日   1049       141       13.4
218: 2026-03-23     1   平日   1383       304       22.0
219: 2026-03-24     2   平日   1338       348       26.0
220: 2026-03-25     3   平日   1305       310       23.8
221: 2026-03-26     4   平日   1203       331       27.5
222: 2026-03-27     5   平日   1265       318       25.1
223: 2026-03-28     6   假日   1050       107       10.2
224: 2026-03-29     7   假日   1059       136       12.8
225: 2026-03-30     1   平日   1285       306       23.8
226: 2026-03-31     2   平日   1282       331       25.8
227: 2026-04-01     3   平日   1307       315       24.1
228: 2026-04-02     4   平日    304        75       24.7
229: 2026-04-03     5   平日   1377       111        8.1
230: 2026-04-04     6   假日   1183        80        6.8
231: 2026-04-05     7   假日   1013        87        8.6
232: 2026-04-06     1   平日   1113       121       10.9
233: 2026-04-07     2   平日   1266       270       21.3
234: 2026-04-08     3   平日   1250       298       23.8
235: 2026-04-09     4   平日   1190       297       25.0
236: 2026-04-10     5   平日   1116       245       22.0
237: 2026-04-11     6   假日   1082       135       12.5
238: 2026-04-12     7   假日    879       133       15.1
239: 2026-04-13     1   平日   1264       315       24.9
240: 2026-04-14     2   平日   1094       293       26.8
241: 2026-04-15     3   平日   1261       306       24.3
           日期  星期   日型 總人次 TPASS人次 TPASS比例%
已寫入：output/TPASS低谷-3-逐日序列.csv

========================================
3b. 逐週序列（2025/06–2026/04）
========================================
          週起 總人次 TPASS人次  天數 TPASS比例%
        <Date>  <int>     <int> <int>      <num>
 1: 2025-05-26    805       110     1       13.7
 2: 2025-06-02   6941      1445     7       20.8
 3: 2025-06-09   6737      1425     7       21.2
 4: 2025-06-16   7078      1339     7       18.9
 5: 2025-06-23   7358      1296     7       17.6
 6: 2025-06-30   6084       873     7       14.3
 7: 2025-07-07   6526       940     7       14.4
 8: 2025-07-14   6586      1106     7       16.8
 9: 2025-07-21   6766      1146     7       16.9
10: 2025-07-28   6349      1010     7       15.9
11: 2025-08-04   6992       988     7       14.1
12: 2025-08-11   5924       710     6       12.0
13: 2025-08-18   7184       901     7       12.5
14: 2025-08-25   6878       921     7       13.4
15: 2025-09-01   7672      1546     7       20.2
16: 2025-09-08   7737      1743     7       22.5
17: 2025-09-15   7823      1702     7       21.8
18: 2025-09-22   5809      1126     6       19.4
19: 2025-09-29   7332      1362     7       18.6
20: 2025-10-06   7032      1216     7       17.3
21: 2025-10-13   7448      1625     7       21.8
22: 2025-10-20   6955      1402     7       20.2
23: 2025-10-27   6938      1612     7       23.2
24: 2025-11-03   6619      1482     7       22.4
25: 2025-11-10   5064      1157     7       22.8
26: 2025-11-17   6830      1601     7       23.4
27: 2025-11-24   6656      1551     7       23.3
28: 2025-12-01   7011      1633     7       23.3
29: 2025-12-08   7087      1623     7       22.9
30: 2025-12-15   7062      1557     7       22.0
31: 2025-12-22   7173      1424     7       19.9
32: 2025-12-29   7243      1436     7       19.8
33: 2026-01-05   5503      1268     6       23.0
34: 2026-01-12   6561      1583     7       24.1
35: 2026-01-19   6384      1464     7       22.9
36: 2026-01-26   6065       964     7       15.9
37: 2026-02-02   5107       684     7       13.4
38: 2026-02-09   6596       735     7       11.1
39: 2026-02-16   5819       501     7        8.6
40: 2026-02-23   6567      1274     7       19.4
41: 2026-03-02   6142      1346     6       21.9
42: 2026-03-09   8067      1835     7       22.7
43: 2026-03-16   8148      1861     7       22.8
44: 2026-03-23   8603      1854     7       21.6
45: 2026-03-30   7751      1305     7       16.8
46: 2026-04-06   7896      1499     7       19.0
47: 2026-04-13   7943      1884     7       23.7
48: 2026-04-20   8026      1751     7       21.8
49: 2026-04-27   5256      1282     4       24.4
          週起 總人次 TPASS人次  天數 TPASS比例%
已寫入：output/TPASS低谷-3b-逐週序列.csv

========================================
3c. 有搭乘紀錄但 TPASS 人次為 0 之日
========================================
Empty data.table (0 rows and 3 cols): 日期,總人次,TPASS人次
已寫入：output/TPASS低谷-3c-有搭乘但TPASS為0之日.csv

========================================
4. 平日／假日拆分（低谷月與鄰月）
========================================
      月份   日型 總人次 TPASS人次  天數 TPASS比例% 每日TPASS 每日總人次
    <char> <char>  <int>     <int> <int>      <num>     <num>      <num>
 1: 113/06   假日   8060       792    10        9.8        79        806
 2: 113/06   平日  20412      3953    20       19.4       198       1021
 3: 113/07   假日   6476       570     8        8.8        71        810
 4: 113/07   平日  20184      3007    22       14.9       137        917
 5: 113/08   假日   7378       680     9        9.2        76        820
 6: 113/08   平日  20272      2854    22       14.1       130        921
 7: 113/09   假日   7629       950     9       12.5       106        848
 8: 113/09   平日  22737      4983    21       21.9       237       1083
 9: 113/10   假日   7295       855     8       11.7       107        912
10: 113/10   平日  21485      4527    19       21.1       238       1131
11: 113/12   假日   7718       865     9       11.2        96        858
12: 113/12   平日  23991      4867    22       20.3       221       1090
13: 114/01   假日   5859       650     8       11.1        81        732
14: 114/01   平日  20226      3474    23       17.2       151        879
15: 114/02   假日   6054       684     8       11.3        86        757
16: 114/02   平日  19621      3907    20       19.9       195        981
17: 114/03   假日   8853      1092    10       12.3       109        885
18: 114/03   平日  23397      5578    21       23.8       266       1114
19: 114/04   假日   7046       862     8       12.2       108        881
20: 114/04   平日  25553      5447    22       21.3       248       1162
21: 114/06   假日   7562       914     9       12.1       102        840
22: 114/06   平日  22455      4893    21       21.8       233       1069
23: 114/07   假日   6377       635     8       10.0        79        797
24: 114/07   平日  22263      3911    23       17.6       170        968
25: 114/08   假日   9006       892    10        9.9        89        901
26: 114/08   平日  20545      2965    20       14.4       148       1027
27: 114/09   假日   7406       854     8       11.5       107        926
28: 114/09   平日  23785      5671    21       23.8       270       1133
29: 114/10   假日   7048       840     8       11.9       105        881
30: 114/10   平日  25105      5816    23       23.2       253       1092
31: 114/12   假日   6822       923     8       13.5       115        853
32: 114/12   平日  25039      6173    23       24.7       268       1089
33: 115/01   假日   6105       873     8       14.3       109        763
34: 115/01   平日  21489      4894    22       22.8       222        977
35: 115/02   假日   6531       642     8        9.8        80        816
36: 115/02   平日  17615      2581    20       14.7       129        881
37: 115/03   假日   8729      1043     9       11.9       116        970
38: 115/03   平日  25375      6550    21       25.8       312       1208
39: 115/04   假日   7939      1034     8       13.0       129        992
40: 115/04   平日  26366      6050    22       22.9       275       1198
      月份   日型 總人次 TPASS人次  天數 TPASS比例% 每日TPASS 每日總人次
已寫入：output/TPASS低谷-4-平日假日拆分.csv

========================================
4b. 平日 TPASS 人次依上車時段
========================================
Key: <月份>
      月份 06–08 15–18  其他
    <char> <int> <int> <int>
 1: 113/06  1416  1822   688
 2: 113/07   916  1187   808
 3: 113/08   840  1157   839
 4: 113/09  1967  2260   728
 5: 113/10  1973  1833   696
 6: 113/12  2014  1959   862
 7: 114/01  1437  1283   745
 8: 114/02  1521  1554   814
 9: 114/03  2418  2356   792
10: 114/04  2323  2288   822
11: 114/06  1995  1932   938
12: 114/07  1368  1227  1306
13: 114/08   964   964  1030
14: 114/09  2338  2363   954
15: 114/10  2395  2322  1086
16: 114/12  2549  2519  1092
17: 115/01  1974  1913  1007
18: 115/02   786   952   843
19: 115/03  2823  2738   989
20: 115/04  2550  2510   990
      月份 06–08 15–18  其他
已寫入：output/TPASS低谷-4b-平日TPASS依上車時段.csv

========================================
5. TPASS 每卡月搭乘次數分布
========================================
Key: <月份>
      月份     1   2–4   5–9 10–19   20+  卡數 中位數  平均
    <char> <int> <int> <int> <int> <int> <int>  <num> <num>
 1: 113/06   152   194   107    90    70   613      4  7.74
 2: 113/07   145   154    92    72    50   513      3  6.97
 3: 113/08   187   207    99    63    42   598      3  5.91
 4: 113/09   191   190   111   103   104   699      4  8.49
 5: 113/10   186   193    97    99    95   670      3  8.03
 6: 113/12   190   203   109   116    90   708      4  8.10
 7: 114/01   199   224   103    97    48   671      3  6.15
 8: 114/02   198   196   112   103    62   671      3  6.84
 9: 114/03   189   207   101    88   132   717      4  9.30
10: 114/04   195   219   100   102   111   727      4  8.68
11: 114/06   216   250    89    75   108   738      3  7.87
12: 114/07   189   226   111    86    61   673      3  6.75
13: 114/08   248   224   107    73    43   695      2  5.55
14: 114/09   185   219   121   115   112   752      4  8.68
15: 114/10   236   237   110    92   125   800      3  8.32
16: 114/12   267   240   106   109   134   856      3  8.29
17: 115/01   236   251   107   110    90   794      3  7.26
18: 115/02   238   307   116    61    22   744      2  4.33
19: 115/03   226   224   107   110   129   796      3  9.54
20: 115/04   255   257   122   130   102   866      3  8.18
      月份     1   2–4   5–9 10–19   20+  卡數 中位數  平均
已寫入：output/TPASS低谷-5-每卡月搭乘次數分布.csv

========================================
6. 臺東公路 平日／假日對照
========================================
      月份   日型 總人次 TPASS人次 TPASS比例%
    <char> <char>  <int>     <int>      <num>
 1: 113/06   假日  18512      3430       18.5
 2: 113/06   平日  52281     15808       30.2
 3: 113/07   假日  14231      2242       15.8
 4: 113/07   平日  47998     10597       22.1
 5: 113/08   假日  17440      2763       15.8
 6: 113/08   平日  56292     11383       20.2
 7: 113/09   假日  18500      4079       22.0
 8: 113/09   平日  69032     23540       34.1
 9: 113/10   假日  17184      3967       23.1
10: 113/10   平日  61694     21926       35.5
11: 113/12   假日  20682      4805       23.2
12: 113/12   平日  73492     27704       37.7
13: 114/01   假日  14989      3409       22.7
14: 114/01   平日  57031     18937       33.2
15: 114/02   假日  14378      3050       21.2
16: 114/02   平日  54165     18840       34.8
17: 114/03   假日  20679      5117       24.7
18: 114/03   平日  65739     27000       41.1
19: 114/04   假日  15849      3835       24.2
20: 114/04   平日  67745     26191       38.7
21: 114/06   假日  18078      4622       25.6
22: 114/06   平日  59439     22456       37.8
23: 114/07   假日  12347      2471       20.0
24: 114/07   平日  49083     13352       27.2
25: 114/08   假日  17731      3385       19.1
26: 114/08   平日  46234     11013       23.8
27: 114/09   假日  16007      4359       27.2
28: 114/09   平日  62454     26668       42.7
29: 114/10   假日  16780      3921       23.4
30: 114/10   平日  71156     28768       40.4
31: 114/12   假日  16428      4594       28.0
32: 114/12   平日  72299     30085       41.6
33: 115/01   假日  14317      3809       26.6
34: 115/01   平日  56206     22571       40.2
35: 115/02   假日  13787      2993       21.7
36: 115/02   平日  42885     11860       27.7
37: 115/03   假日  16314      4614       28.3
38: 115/03   平日  65385     28508       43.6
39: 115/04   假日  16597      4686       28.2
40: 115/04   平日  65112     27642       42.5
      月份   日型 總人次 TPASS人次 TPASS比例%
已寫入：output/TPASS低谷-6-臺東公路平日假日對照.csv

========================================
7. 上下車站含「東華」之 TPASS 人次
========================================
      月份 總人次 TPASS人次 TPASS_東華 非TPASS_東華 東華占TPASS% TPASS_非東華
    <char>  <int>     <int>      <int>        <int>        <num>        <int>
 1: 113/06  28472      4745         37          210          0.8         4708
 2: 113/07  26660      3577         24          107          0.7         3553
 3: 113/08  27650      3534         22           74          0.6         3512
 4: 113/09  30366      5933          4           76          0.1         5929
 5: 113/10  28780      5382          3           45          0.1         5379
 6: 113/12  31709      5732          3           39          0.1         5729
 7: 114/01  26085      4124          0           32          0.0         4124
 8: 114/02  25675      4591         15           64          0.3         4576
 9: 114/03  32250      6670         53          116          0.8         6617
10: 114/04  32599      6309         59           80          0.9         6250
11: 114/06  30017      5807          0           40          0.0         5807
12: 114/07  28640      4546          4           47          0.1         4542
13: 114/08  29551      3857          0           34          0.0         3857
14: 114/09  31191      6525          8           57          0.1         6517
15: 114/10  32153      6656          2           69          0.0         6654
16: 114/12  31861      7096          6           58          0.1         7090
17: 115/01  27594      5767          2           43          0.0         5765
18: 115/02  24146      3223          1           41          0.0         3222
19: 115/03  34104      7593          6           94          0.1         7587
20: 115/04  34305      7084          6           89          0.1         7078
      月份 總人次 TPASS人次 TPASS_東華 非TPASS_東華 東華占TPASS% TPASS_非東華
已寫入：output/TPASS低谷-7-東華站牌TPASS人次.csv

========================================
7b. 114/08 上車站 TPASS 減少量前 15
========================================
                  站 114/07 114/08 114/09 鄰月平均 減少量 占總減少%   低谷
              <char>  <int>  <int>  <int>    <num>  <num>     <num> <char>
 1:     國立花蓮高工     26     27    210      118     91       5.5 114/08
 2: 花蓮醫院(將軍府)     77     52    195      136     84       5.1 114/08
 3:           光復站    115     47    123      119     72       4.3 114/08
 4:       花蓮轉運站    441    450    582      512     62       3.7 114/08
 5:           中華路    127    105    206      166     61       3.7 114/08
 6:             北埔     14      7    110       62     55       3.3 114/08
 7:             成功    203    170    234      218     48       2.9 114/08
 8:             榕樹      6      0     90       48     48       2.9 114/08
 9:             鳳林     27     18    104       66     48       2.9 114/08
10:           南海園     44     17     63       54     37       2.2 114/08
11:         新城國中     13      5     70       42     37       2.2 114/08
12:       花蓮縣政府     58     23     61       60     37       2.2 114/08
13:         地方法院     24     14     77       50     36       2.2 114/08
14:   圖書館資訊大樓     16      7     69       42     35       2.1 114/08
15:           玉里站     27     19     79       53     34       2.0 114/08
已寫入：output/TPASS低谷-7b-上車站減少量-11408.csv

========================================
7c. 115/02 上車站 TPASS 減少量前 15
========================================
                    站 115/01 115/02 115/03 鄰月平均 減少量 占總減少%   低谷
                <char>  <int>  <int>  <int>    <num>  <num>     <num> <char>
 1:             玉里站     97     29    365      231    202       5.9 115/02
 2:   花蓮醫院(將軍府)    157     46    258      208    162       4.7 115/02
 3:         花蓮轉運站    410    304    507      458    154       4.5 115/02
 4:             中華路    224    116    262      243    127       3.7 115/02
 5:               瑞穗     97     42    213      155    113       3.3 115/02
 6:       國立花蓮高工    143     38    137      140    102       3.0 115/02
 7:               文蘭    116     33    130      123     90       2.6 115/02
 8:             光復站    103     19    112      108     89       2.6 115/02
 9:           明禮國小    129     54    133      131     77       2.2 115/02
10:           地方法院     67     20    116       92     72       2.1 115/02
11:               成功    200    172    280      240     68       2.0 115/02
12:           新城國中     39     11    104       72     61       1.8 115/02
13:           新秀農會     31      9    108       70     61       1.8 115/02
14: 花蓮文創園區(中正)     78     34    105       92     58       1.7 115/02
15:           泰林社區     56     18     90       73     55       1.6 115/02
已寫入：output/TPASS低谷-7c-上車站減少量-11502.csv

========================================
7d. 2026-02-02～04 各業者列數
========================================
         日期   業者  列數
       <Date> <char> <int>
1: 2026-02-02   0816    69
2: 2026-02-02   1201   566
3: 2026-02-02   1602   162
4: 2026-02-03   0816    63
5: 2026-02-04   0816    80
6: 2026-02-04   1201   738
7: 2026-02-04   1602   119
已寫入：output/TPASS低谷-7d-20260203各業者列數.csv

完成。總耗時 22 秒
