
===== 花蓮公路   列數 749,530 =====
-- 檢核結果 --
   檢核結果   列數 占比%
      <int>  <int> <num>
1:        0    395  0.05
2:        1  21223  2.83
3:        2  26902  3.59
4:        3 701010 93.53
-- 檢核錯誤代碼 --
   檢核錯誤代碼   列數 占比%
          <int>  <int> <num>
1:           -2  21618  2.88
2:           -1  23870  3.18
3:            0 701010 93.53
4:            1   3032  0.40
-- 是否包含異常值 --
   含異常值   列數 占比%
      <int>  <int> <num>
1:        0 728297 97.17
2:        1  21233  2.83
-- 下車時間為 1970 --
    列數 占比%
   <int> <num>
1:  6850  0.91
-- 轉乘代碼紀錄（D3）--
有值列數： 749,530   占比 100 %
    轉乘代碼   列數
      <char>  <int>
 1:     0302 346334
 2:     0202 205871
 3:     0303  72092
 4:     9903  48697
 5:     0402  34071
 6:     9999  19095
 7:     0203   7793
 8:     0103   6436
 9:     0403   5017
10:     0499   1777
11:     0903    857
12:     0199    662

===== 臺東公路   列數 1,890,026 =====
-- 檢核結果 --
   檢核結果    列數 占比%
      <int>   <int> <num>
1:        0       2  0.00
2:        1    1617  0.09
3:        2      81  0.00
4:        3 1888326 99.91
-- 檢核錯誤代碼 --
   檢核錯誤代碼    列數 占比%
          <int>   <int> <num>
1:           -2    1619  0.09
2:           -1      68  0.00
3:            0 1888326 99.91
4:            1      13  0.00
-- 是否包含異常值 --
   含異常值    列數 占比%
      <int>   <int> <num>
1:        0 1888409 99.91
2:        1    1617  0.09
-- 下車時間為 1970 --
    列數 占比%
   <int> <num>
1:   873  0.05
-- 轉乘代碼紀錄（D3）--
有值列數： 1,890,026   占比 100 %
    轉乘代碼   列數
      <char>  <int>
 1:     0303 932438
 2:     9903 701606
 3:     0203  98427
 4:     0403  47039
 5:     0103  46572
 6:     0202  26165
 7:     0302  21506
 8:     0499   6484
 9:     0903   5005
10:     0402   2924
11:     0803   1065
12:     0703    316

===== D5 跨縣路線占比 =====
       資料  總列數 跨縣列數 占比%
     <char>   <int>    <int> <num>
1: 花蓮公路  749530   187410 25.00
2: 臺東公路 1890026   187410  9.92
     路線  列數
   <char> <int>
1:   1145 74996
2:   8161 37642
3:   8181 37490
4:   8119 37176
5:   8173   106

===== 花蓮市區   列數 641,978 =====
-- 檢核結果 --
   檢核結果   列數 占比%
      <int>  <int> <num>
1:        0   3054  0.48
2:        1  12968  2.02
3:        2   7527  1.17
4:        3 618429 96.33
-- 檢核錯誤代碼 --
   檢核錯誤代碼   列數 占比%
          <int>  <int> <num>
1:           -2  16022  2.50
2:           -1    110  0.02
3:            0 618429 96.33
4:            1   7417  1.16
-- 是否包含異常值 --
   含異常值   列數 占比%
      <int>  <int> <num>
1:        0 628389 97.88
2:        1  13589  2.12
-- 下車時間為 1970 --
    列數 占比%
   <int> <num>
1: 11919  1.86
-- 轉乘代碼紀錄（D3）--
有值列數： 640,683   占比 99.8 %
    轉乘代碼   列數
      <char>  <int>
 1:     0202 224152
 2:     9902 163797
 3:     9999 105690
 4:     0402  35382
 5:     0302  30950
 6:     0303  21739
 7:     0102  19359
 8:     9903   9628
 9:     0499   8684
10:     0299   6668
11:     0199   4214
12:     0203   2520

===== 臺東市區   列數 330,996 =====
-- 檢核結果 --
   檢核結果   列數 占比%
      <int>  <int> <num>
1:        0   4138  1.25
2:        1   8647  2.61
3:        2  11462  3.46
4:        3 306749 92.67
-- 檢核錯誤代碼 --
   檢核錯誤代碼   列數 占比%
          <int>  <int> <num>
1:           -2  12785  3.86
2:            0 306749 92.67
3:            1  11462  3.46
-- 是否包含異常值 --
   含異常值   列數 占比%
      <int>  <int> <num>
1:        0 322305 97.37
2:        1   8691  2.63
-- 下車時間為 1970 --
    列數 占比%
   <int> <num>
1:  7706  2.33
-- 轉乘代碼紀錄（D3）--
有值列數： 330,996   占比 100 %
    轉乘代碼   列數
      <char>  <int>
 1:     0202 130663
 2:     9902  73309
 3:     0402  47731
 4:     0302  43174
 5:     0102  30930
 6:     0902   3411
 7:     0299   1063
 8:     0702    196
 9:     0802    171
10:     9999    138
11:     0199    103
12:     0502     53

完成
EXIT=0
