
[00-setup] 完成。資料路徑： D:\Github\115_Final-Report/data 
[00-setup] 輸出路徑： D:\Github\115_Final-Report/review/A-資料缺漏與異常/output 

讀取： 公路客運2024_to_202606.csv  欄位： 業者編號, 搭乘路線名稱, 搭乘附屬路線名稱, 搭乘公車路線方向, 上車站牌代碼, 上車站牌名稱, 下車站牌代碼, 下車站牌名稱, 上車計費站序資料, 下車站牌站序, 原始票證筆數, 資料代表日期(yyyy-MM-dd) 
讀取： 花蓮縣公車.csv  欄位： 業者編號, 搭乘路線名稱, 搭乘附屬路線名稱, 搭乘公車路線方向, 上車站牌代碼, 上車站牌名稱, 下車站牌代碼, 下車站牌名稱, 上車計費站序資料, 下車站牌站序, 原始票證筆數, 資料代表日期(yyyy-MM-dd) 
讀取： 臺東縣公車.csv  欄位： 業者編號, 搭乘路線名稱, 搭乘附屬路線名稱, 搭乘公車路線方向, 上車站牌代碼, 上車站牌名稱, 下車站牌代碼, 下車站牌名稱, 上車計費站序資料, 下車站牌站序, 原始票證筆數, 資料代表日期(yyyy-MM-dd) 

===== 花蓮公路：代碼配到 660923 列，反向 471 列（0.07%），零 2895 列；反向取 abs 後平均 15.44 公里、正向平均 21.61 公里
反向票證對月平均的影響（含 abs − 不含）：最大 0.01 公里（114/05），平均 0 公里
反向票證依路線／方向（前 10）
    搭乘路線名稱 搭乘附屬路線名稱 搭乘公車路線方向 票證數 反向數 反向占比
          <char>           <char>           <char>  <int>  <int>    <num>
 1:         1139            1139C                0  19633     60      0.3
 2:         1125             1125                1   2617     56      2.1
 3:         1140             1140                0  53203     47      0.1
 4:         1121             1121                0  62731     41      0.1
 5:         1140             1140                1  49992     26      0.1
 6:         1132             1132                0  24944     23      0.1
 7:         1145             1145                1  31899     22      0.1
 8:         1136             1136                1  17573     21      0.1
 9:         1122             1122                1   7972     17      0.2
10:         1135             1135                0  17954     15      0.1
    正向平均里程_公里 反向abs平均里程_公里 反向里程合計占全體_pct
                <num>                <num>                  <num>
 1:             10.59                 4.99                   0.00
 2:             14.34                 2.24                   0.00
 3:             30.32                27.58                   0.01
 4:             20.93                13.64                   0.00
 5:             30.11                41.35                   0.01
 6:              9.94                 7.45                   0.00
 7:             45.87                18.10                   0.00
 8:              6.80                10.24                   0.00
 9:             21.47                47.50                   0.01
10:             12.93                12.20                   0.00

===== 臺東公路：代碼配到 1764371 列，反向 26624 列（1.51%），零 9855 列；反向取 abs 後平均 119.11 公里、正向平均 22.86 公里
反向票證對月平均的影響（含 abs − 不含）：最大 3.95 公里（113/08），平均 1.48 公里
反向票證依路線／方向（前 10）
    搭乘路線名稱 搭乘附屬路線名稱 搭乘公車路線方向 票證數 反向數 反向占比
          <char>           <char>           <char>  <int>  <int>    <num>
 1:         8101            8101A                0  67524  18703     27.7
 2:         8101            8101D                0   8784   2725     31.0
 3:         8168            8168A                0  16750   2276     13.6
 4:         8101            8101B                0   4957   2189     44.2
 5:         8101            8101C                0    756    250     33.1
 6:         8135             8135                1  80507     71      0.1
 7:         8117             8117                0   9016     67      0.7
 8:         8103             8103                0  84295     57      0.1
 9:         8117             8117                1   8219     32      0.4
10:         8135             8135                0  63914     31      0.0
    正向平均里程_公里 反向abs平均里程_公里 反向里程合計占全體_pct
                <num>                <num>                  <num>
 1:             46.56               148.07                   6.49
 2:             22.75                72.92                   0.47
 3:             26.89                37.36                   0.20
 4:             37.74                47.07                   0.24
 5:             28.81                50.36                   0.03
 6:             23.90                 2.47                   0.00
 7:              7.95                 3.10                   0.00
 8:             33.45                 1.86                   0.00
 9:              9.02                 2.41                   0.00
10:             25.24                 4.93                   0.00

===== 花蓮市區：代碼配到 606362 列，反向 13009 列（2.15%），零 2780 列；反向取 abs 後平均 55.77 公里、正向平均 13.03 公里
反向票證對月平均的影響（含 abs − 不含）：最大 2.05 公里（113/08），平均 0.84 公里
反向票證依路線／方向（前 10）
    搭乘路線名稱 搭乘附屬路線名稱 搭乘公車路線方向 票證數 反向數 反向占比
          <char>           <char>           <char>  <int>  <int>    <num>
 1:          309              309                0  38328  11136     29.1
 2:          308              308                1  13353   1676     12.6
 3:          308             308A                1   2815     54      1.9
 4:          310              310                0  26010     43      0.2
 5:          310              310                1  26253     33      0.1
 6:          308              308                0   8576     26      0.3
 7:          302              302                1   1120     26      2.3
 8:          307              307                0    390      7      1.8
 9:          307              307                1    220      5      2.3
10:          311             311A                0   3195      2      0.1
    正向平均里程_公里 反向abs平均里程_公里 反向里程合計占全體_pct
                <num>                <num>                  <num>
 1:             23.78                63.69                   8.42
 2:              6.93                 9.04                   0.18
 3:              6.78                 1.18                   0.00
 4:             22.17                11.05                   0.01
 5:             20.93                 9.19                   0.00
 6:              6.11                 4.22                   0.00
 7:              4.30                 4.28                   0.00
 8:              4.09                 2.42                   0.00
 9:              4.64                 5.15                   0.00
10:              4.47                 1.92                   0.00

===== 臺東市區：代碼配到 317648 列，反向 2962 列（0.93%），零 13210 列；反向取 abs 後平均 4.44 公里、正向平均 7.82 公里
反向票證對月平均的影響（含 abs − 不含）：最大 0 公里（113/06），平均 -0.03 公里
反向票證依路線／方向（前 10）
   搭乘路線名稱 搭乘附屬路線名稱 搭乘公車路線方向 票證數 反向數 反向占比
         <char>           <char>           <char>  <int>  <int>    <num>
1:     陸海空線        陸海空線C                0   7438   1804     24.3
2:     陸海空線        陸海空線C                1   2177   1158     53.2
   正向平均里程_公里 反向abs平均里程_公里 反向里程合計占全體_pct
               <num>                <num>                  <num>
1:              3.30                 3.79                   0.29
2:              4.54                 5.44                   0.27

========================================
 臺東公路 8101A 方向 0 距離表
========================================
站數 11；全長 236.78 公里；站序是否連續：TRUE；站牌代碼重複數：1；最長單一站間距離 109.5 公里（站序 3）
    站牌代碼 站序資料  站間距離 累積里程_公里           站名
      <char>    <num>     <num>         <num>         <char>
 1:   300031        1      0.00          0.00     台東轉運站
 2:   293959        2   7612.35          7.61     台東火車站
 3:   293970        3 109514.23        117.13         小野柳
 4:   311807        4   9213.49        126.34           渚橋
 5:   293998        5  26658.22        153.00 阿美族民俗中心
 6:   306025        6  13285.94        166.28       成功漁港
 7:   300759        7    879.26        167.16           成功
 8:   294000        8   4416.23        171.58   三仙台遊憩區
 9:   293988        9  42645.93        214.23       水往上流
10:   293959       10  16221.40        230.45     台東火車站
11:   300030       11   6334.33        236.78     台東轉運站

臺東公路 8101A 方向 0 反向票證最多的起迄站（前 12）
    上車站牌名稱   下車站牌名稱 票證數 反向數 上車表站序 下車表站序
          <char>         <char>  <int>  <int>      <num>      <num>
 1:   台東轉運站         小野柳  10478   5181         11          3
 2:   台東火車站         小野柳   5231   2809         10          3
 3:     水往上流     台東轉運站   4128   2264          9         11
 4: 三仙台遊憩區     台東轉運站   3972   2034          8          1
 5: 三仙台遊憩區     台東火車站   3966   1947          8          2
 6:   台東轉運站     台東火車站   3342   1658          1          2
 7:     水往上流     台東火車站   3261   1466          9          2
 8:   台東火車站     台東轉運站   2165   1109          2         11
 9:   台東火車站     台東火車站    355     86         10          2
10:   台東轉運站     台東轉運站    283     70         11          1
11:   台東火車站 阿美族民俗中心     46     24         10          5
12:   台東轉運站 阿美族民俗中心     27     13         11          5
    票證上車站序_中位 票證下車站序_中位 abs里程_公里
                <num>             <num>        <num>
 1:                 1                 3       118.38
 2:                10                 3       111.56
 3:                 9                 1       127.68
 4:                 8                 1       119.68
 5:                 8                10       110.46
 6:                 1                10       119.26
 7:                 9                10       101.81
 8:                10                 1       121.13
 9:                10                10       107.96
10:                 1                 1       117.14
11:                10                 5       109.94
12:                 1                 5       119.67

臺東公路 8101A 方向 0 正向票證最多的起迄站（前 8，作對照）
     上車站牌名稱   下車站牌名稱 票證數 反向數 上車表站序 下車表站序
           <char>         <char>  <int>  <int>      <num>      <num>
1: 阿美族民俗中心       成功漁港   8397      0          5          6
2:       成功漁港   三仙台遊憩區   7643      0          6          8
3:   三仙台遊憩區       水往上流   4184      0          8          9
4:         小野柳         小野柳   3737      0          3          3
5:         小野柳 阿美族民俗中心   3709      0          3          5
6:           成功   三仙台遊憩區    798      0          7          8
7:           渚橋 阿美族民俗中心    607      0          4          5
8:         小野柳           渚橋    582      0          3          4
   票證上車站序_中位 票證下車站序_中位 abs里程_公里
               <num>             <num>        <num>
1:                 5                 6        13.29
2:                 6                 8         5.30
3:                 8                 9        42.65
4:                 3                 3         0.00
5:                 3                 5        35.87
6:                 7                 8         4.42
7:                 4                 5        26.66
8:                 3                 4         9.21

========================================
 臺東公路 8101D 方向 0 距離表
========================================
站數 8；全長 100.84 公里；站序是否連續：TRUE；站牌代碼重複數：1；最長單一站間距離 31 公里（站序 4）
   站牌代碼 站序資料 站間距離 累積里程_公里           站名
     <char>    <num>    <num>         <num>         <char>
1:   300031        1     0.00          0.00     台東轉運站
2:   293959        2  6970.80          6.97     台東火車站
3:   293974        3 12465.96         19.44         加路蘭
4:   293998        4 31033.29         50.47 阿美族民俗中心
5:   293990        5 20919.38         71.39       都蘭糖廠
6:   293970        6 11569.59         82.96         小野柳
7:   293959        7 11762.02         94.72     台東火車站
8:   300030        8  6119.09        100.84     台東轉運站

臺東公路 8101D 方向 0 反向票證最多的起迄站（前 12）
    上車站牌名稱   下車站牌名稱 票證數 反向數 上車表站序 下車表站序
          <char>         <char>  <int>  <int>      <num>      <num>
 1:   台東火車站         加路蘭   1174    587          2          3
 2:   台東轉運站         加路蘭   1102    551          8          3
 3:       小野柳     台東轉運站    939    471          6          8
 4:       小野柳     台東火車站    900    455          6          7
 5:   台東轉運站     台東火車站    592    296          1          7
 6:   台東火車站     台東轉運站    365    187          7          8
 7:     都蘭糖廠     台東轉運站    110     56          5          1
 8:   台東火車站     台東火車站    176     44          2          7
 9:     都蘭糖廠     台東火車站     76     38          5          7
10:   台東轉運站 阿美族民俗中心     24     12          8          4
11:   台東火車站 阿美族民俗中心     16      8          2          4
12:       加路蘭     台東轉運站     14      7          3          1
    票證上車站序_中位 票證下車站序_中位 abs里程_公里
                <num>             <num>        <num>
 1:               4.5               3.0        43.88
 2:               4.5               3.0        50.42
 3:               6.0               1.0        50.52
 4:               6.0               2.0        44.23
 5:               4.5               4.5        50.42
 6:               2.0               1.0        49.35
 7:               5.0               1.0        50.80
 8:               4.5               4.5        43.88
 9:               5.0               4.5        43.88
10:               4.5               4.0        50.42
11:               4.5               4.0        43.88
12:               3.0               4.5        50.42

臺東公路 8101D 方向 0 正向票證最多的起迄站（前 8，作對照）
     上車站牌名稱   下車站牌名稱 票證數 反向數 上車表站序 下車表站序
           <char>         <char>  <int>  <int>      <num>      <num>
1: 阿美族民俗中心       都蘭糖廠   1160      0          4          5
2:         加路蘭 阿美族民俗中心   1139      0          3          4
3:       都蘭糖廠         小野柳    917      0          5          6
4:       都蘭糖廠       都蘭糖廠     18      0          5          5
5: 阿美族民俗中心 阿美族民俗中心     15      0          4          4
6:         加路蘭         加路蘭      9      0          3          3
7:         小野柳         小野柳      4      0          6          6
   票證上車站序_中位 票證下車站序_中位 abs里程_公里
               <num>             <num>        <num>
1:                 4                 5        20.92
2:                 3                 4        31.03
3:                 5                 6        11.57
4:                 5                 5         0.00
5:                 4                 4         0.00
6:                 3                 3         0.00
7:                 6                 6         0.00

========================================
 臺東公路 8168A 方向 0 距離表
========================================
站數 14；全長 68.13 公里；站序是否連續：TRUE；站牌代碼重複數：1；最長單一站間距離 17.2 公里（站序 11）
    站牌代碼 站序資料 站間距離 累積里程_公里           站名
      <char>    <num>    <num>         <num>         <char>
 1:   297077        1     0.00          0.00     台東轉運站
 2:   293957        2   427.83          0.43       公教會館
 3:   305215        3  3272.35          3.70   娜路彎大酒店
 4:   294011        4  3256.03          6.96     台東火車站
 5:   294012        5  2579.78          9.54   卑南遺址公園
 6:   294019        6 11583.58         21.12 原生應用植物園
 7:   294025        7  8572.90         29.69           四維
 8:   294037        8  7428.60         37.12       鹿野高台
 9:   294035        9  1566.91         38.69   鹿野遊客中心
10:   294026       10  5553.94         44.24           四維
11:   294011       11 17157.17         61.40     台東火車站
12:   306078       12  2992.79         64.39   娜路彎大酒店
13:   293951       13  3296.68         67.69       公教會館
14:   190394       14   441.32         68.13     台東轉運站

臺東公路 8168A 方向 0 反向票證最多的起迄站（前 12）
    上車站牌名稱 下車站牌名稱 票證數 反向數 上車表站序 下車表站序
          <char>       <char>  <int>  <int>      <num>      <num>
 1:   台東轉運站   台東火車站   1110    334          1          4
 2:   台東火車站 卑南遺址公園    795    226          4          5
 3:   台東轉運站   台東轉運站    721    173          1          1
 4:   台東火車站   台東轉運站    332    166          4         14
 5:   台東轉運站     鹿野高台   4020    125          1          8
 6:         四維   台東轉運站    248    124          7         14
 7:         四維   台東火車站    360    116          7          4
 8:         四維         四維    650    112          7          7
 9:   台東火車站   台東火車站    542    106          4          4
10:   台東火車站         四維    229    103          4          7
11:   台東轉運站         四維    207     98          1          7
12:   台東轉運站 卑南遺址公園   1066     68          1          5
    票證上車站序_中位 票證下車站序_中位 abs里程_公里
                <num>             <num>        <num>
 1:               1.0               5.0        23.27
 2:               5.0               6.0        16.59
 3:               1.0               1.0        32.69
 4:               7.5               7.5        34.06
 5:               1.0               9.0        36.93
 6:               8.5               7.5        34.06
 7:              10.0              11.0        23.64
 8:              10.0              10.0         5.01
 9:              11.0              11.0        21.30
10:               5.0               7.0        26.07
11:               1.0              10.0        33.83
12:               1.0               6.0        12.67

臺東公路 8168A 方向 0 正向票證最多的起迄站（前 8，作對照）
     上車站牌名稱   下車站牌名稱 票證數 反向數 上車表站序 下車表站序
           <char>         <char>  <int>  <int>      <num>      <num>
1:   卑南遺址公園       鹿野高台   1491      0          5          8
2: 原生應用植物園           四維    529      0          6          7
3:   卑南遺址公園 原生應用植物園    401      0          5          6
4:   卑南遺址公園     原生植物園    107      0          5          6
5:     台東轉運站     原生植物園     90      0          1          6
6:     娜路彎酒店       鹿野高台     80      0          3          8
7:     娜路彎酒店   卑南遺址公園     60      0          3          5
8:           四維       鹿野高台     55      0          7          8
   票證上車站序_中位 票證下車站序_中位 abs里程_公里
               <num>             <num>        <num>
1:                 6                 9        27.59
2:                 6                10        19.38
3:                 5                 6        11.58
4:                 8                10        11.58
5:                 1                10        21.12
6:                 6                18        33.42
7:                 6                 8         5.84
8:                 7                 9         7.43

========================================
 花蓮市區 309 方向 0 距離表
========================================
站數 13；全長 109.82 公里；站序是否連續：TRUE；站牌代碼重複數：1；最長單一站間距離 18.6 公里（站序 5）
    站牌代碼 站序資料 站間距離 累積里程_公里           站名
      <char>    <num>    <num>         <num>         <char>
 1:   304981        1     0.00          0.00     玉里火車站
 2:   304978        2  7983.68          7.98       安通溫泉
 3:   304979        3 14177.76         22.16     寧埔休憩區
 4:   304980        4  8622.62         30.78     長濱鄉公所
 5:   304985        5 18586.57         49.37 奚卜蘭遊客中心
 6:   304984        6  4121.30         53.49         石梯坪
 7:   304982        7  5990.45         59.48       北回歸線
 8:   304986        8 15821.28         75.30       金剛大道
 9:   304987        9  2118.86         77.42     金剛好事館
10:   304988       10  1612.81         79.04     長濱鄉公所
11:   304989       11  8624.31         87.66     寧埔休憩區
12:   304990       12 14174.29        101.83       安通溫泉
13:   304981       13  7984.64        109.82     玉里火車站

花蓮市區 309 方向 0 反向票證最多的起迄站（前 12）
    上車站牌名稱   下車站牌名稱 票證數 反向數 上車表站序 下車表站序
          <char>         <char>  <int>  <int>      <num>      <num>
 1:   玉里火車站 奚卜蘭遊客中心   7514   3714          1          5
 2:   金剛好事館     玉里火車站   6523   3311          9          1
 3:   玉里火車站     長濱鄉公所   2389   1134         13         10
 4:   長濱鄉公所     玉里火車站   1606    820         10         13
 5:   玉里火車站       安通溫泉   1150    534          1         12
 6:     安通溫泉     玉里火車站    767    413          2          1
 7:   長濱鄉公所     長濱鄉公所   1116    279          4          4
 8:   玉里火車站     寧埔休憩區    398    188         13          3
 9:   長濱鄉公所         石梯坪    340    170         10          6
10:   金剛好事館       安通溫泉    323    158          9          2
11:   玉里火車站     玉里火車站    418    100         13          1
12:     安通溫泉 奚卜蘭遊客中心    115     60          2          5
    票證上車站序_中位 票證下車站序_中位 abs里程_公里
                <num>             <num>        <num>
 1:                 1                 5        54.85
 2:                 9                 1        55.25
 3:                 1                10        56.13
 4:                10                 1        55.42
 5:                 1                12        58.26
 6:                12                 1        58.52
 7:                 7                 7        24.13
 8:                 1                11        56.72
 9:                 7                 6        24.13
10:                 9                12        46.44
11:                 1                 1        52.54
12:                12                 5        47.17

花蓮市區 309 方向 0 正向票證最多的起迄站（前 8，作對照）
     上車站牌名稱   下車站牌名稱 票證數 反向數 上車表站序 下車表站序
           <char>         <char>  <int>  <int>      <num>      <num>
1:         石梯坪       北回歸線   3982      0          6          7
2: 奚卜蘭遊客中心         石梯坪   3864      0          5          6
3:       北回歸線       金剛大道   3585      0          7          8
4:       金剛大道     金剛好事館   3498      0          8          9
5:       金剛大道       金剛大道     55      0          8          8
6:       北回歸線       北回歸線     51      0          7          7
7:     金剛好事館     金剛好事館     43      0          9          9
8: 奚卜蘭遊客中心 奚卜蘭遊客中心     40      0          5          5
   票證上車站序_中位 票證下車站序_中位 abs里程_公里
               <num>             <num>        <num>
1:                 6                 7         5.99
2:                 5                 6         4.12
3:                 7                 8        15.82
4:                 8                 9         2.12
5:                 8                 8         0.00
6:                 7                 7         0.00
7:                 9                 9         0.00
8:                 5                 5         0.00

========================================
 花蓮市區 308 方向 1 距離表
========================================
站數 31；全長 15.48 公里；站序是否連續：TRUE；站牌代碼重複數：0；最長單一站間距離 1.4 公里（站序 7）
    站牌代碼 站序資料 站間距離 累積里程_公里                 站名
      <char>    <num>    <num>         <num>               <char>
 1:   290406        1     0.00          0.00               七星潭
 2:   304905        2   891.10          0.89 花蓮曼波園區(海岸路)
 3:   304903        3   707.50          1.60             花蓮酒廠
 4:   305206        4  1077.37          2.68           台泥花蓮廠
 5:   290476        5  1298.88          3.97             民意社區
 6:   304901        6   469.96          4.44         中油辦公大樓
 7:   304798        7  1406.44          5.85           美侖大飯店
 8:   304796        8   904.31          6.76           美崙浸信會
 9:   304794        9   436.67          7.19           福容大飯店
10:   304792       10   310.55          7.50         海岸中興路口
11:   304790       11   238.57          7.74             市老人會
12:   305207       12   265.93          8.01             家扶中心
13:   304786       13   245.13          8.25         中美中興路口
14:   311298       14   217.81          8.47         中美永興路口
15:   304782       15   190.07          8.66         麗軒國際飯店
16:   305026       16   415.75          9.08             門諾醫院
17:   304779       17   553.98          9.63           煙波大飯店
18:   304801       18   546.26         10.18           亞士都飯店
19:   304777       19   355.14         10.53             璽賓行旅
20:   304775       20    92.53         10.62           黎明教養院
21:   304773       21   567.89         11.19             花蓮女中
22:   304771       22   277.62         11.47             北濱公園
23:   304799       23   451.76         11.92               北濱街
24:   304767       24   384.32         12.31           東大門夜市
25:   304766       25   774.07         13.08             台灣企銀
26:   304764       26   367.41         13.45             大同市場
27:   304762       27   396.20         13.84             郵政總局
28:   304760       28   334.52         14.18             花蓮商校
29:   304758       29   452.57         14.63               商校街
30:   304756       30   287.80         14.92           花蓮電影城
31:   307498       31   557.03         15.48           花蓮轉運站
    站牌代碼 站序資料 站間距離 累積里程_公里                 站名

花蓮市區 308 方向 1 反向票證最多的起迄站（前 12）
    上車站牌名稱 下車站牌名稱 票證數 反向數 上車表站序 下車表站序
          <char>       <char>  <int>  <int>      <num>      <num>
 1:     台灣企銀     花蓮酒廠    234    234         25          3
 2:   東大門夜市     花蓮酒廠    204    204         24          3
 3:     門諾醫院     花蓮酒廠    179    179         16          3
 4:     大同市場     花蓮酒廠    162    162         26          3
 5:       北濱街     花蓮酒廠     97     97         23          3
 6:     北濱公園     花蓮酒廠     89     89         22          3
 7:   美侖大飯店     花蓮酒廠     75     75          7          3
 8:   煙波大飯店     花蓮酒廠     75     75         17          3
 9:     璽賓行旅     花蓮酒廠     61     61         19          3
10: 麗軒國際飯店     花蓮酒廠     56     56         15          3
11:     郵政總局     花蓮酒廠     53     53         27          3
12:     花蓮女中     花蓮酒廠     40     40         21          3
    票證上車站序_中位 票證下車站序_中位 abs里程_公里
                <num>             <num>        <num>
 1:                25                 3        11.48
 2:                24                 3        10.71
 3:                16                 3         7.48
 4:                26                 3        11.85
 5:                23                 3        10.32
 6:                22                 3         9.87
 7:                 7                 3         4.25
 8:                17                 3         8.03
 9:                19                 3         8.93
10:                15                 3         7.06
11:                27                 3        12.24
12:                21                 3         9.59

花蓮市區 308 方向 1 正向票證最多的起迄站（前 8，作對照）
   上車站牌名稱 下車站牌名稱 票證數 反向數 上車表站序 下車表站序
         <char>       <char>  <int>  <int>      <num>      <num>
1:       七星潭   東大門夜市    666      0          1         24
2:       七星潭     花蓮酒廠    634      0          1          3
3:   台泥花蓮廠   美崙浸信會    466      0          4          8
4:       七星潭   花蓮轉運站    424      0          1         31
5:       七星潭     台灣企銀    350      0          1         25
6:       七星潭   花蓮火車站    246      0          1         31
7:     台灣企銀   花蓮轉運站    221      0         25         31
8:       七星潭       北濱街    205      0          1         23
   票證上車站序_中位 票證下車站序_中位 abs里程_公里
               <num>             <num>        <num>
1:                 1                24        12.31
2:                 1                 3         1.60
3:                 4                 8         4.08
4:                 1                31        15.48
5:                 1                25        13.08
6:                 1                31        15.48
7:                25                31         2.40
8:                 1                23        11.92

========================================
 臺東市區 陸海空線C 方向 0 距離表
========================================
站數 13；全長 8.73 公里；站序是否連續：TRUE；站牌代碼重複數：0；最長單一站間距離 1.3 公里（站序 5）
    站牌代碼 站序資料 站間距離 累積里程_公里       站名
      <char>    <num>    <num>         <num>     <char>
 1:   295283        1     0.00          0.00 台東航空站
 2:   299269        2   726.05          0.73   陽明山莊
 3:   295284        3   695.73          1.42   康樂國小
 4:   295286        4   617.46          2.04   專科學校
 5:   295288        5  1300.89          3.34     縣議會
 6:   302767        6   501.93          3.84   東方大鎮
 7:   304226        7   450.41          4.29   台東糖廠
 8:   295292        8   793.25          5.09   公東高工
 9:   299271        9   745.25          5.83   馬蘭榮家
10:   302746       10   919.06          6.75   卑南入口
11:   295296       11  1071.97          7.82       <NA>
12:   302748       12   594.59          8.42     拖吊場
13:   295300       13   316.49          8.73 台東火車站

臺東市區 陸海空線C 方向 0 反向票證最多的起迄站（前 12）
    上車站牌名稱 下車站牌名稱 票證數 反向數 上車表站序 下車表站序
          <char>       <char>  <int>  <int>      <num>      <num>
 1:     東方大鎮     康樂國小    509    509          6          3
 2:     卑南入口     陽明山莊    308    308         10          2
 3:     馬蘭榮家     康樂國小    302    302          9          3
 4:     卑南入口     康樂國小    205    205         10          3
 5:     東方大鎮     專科學校    156    156          6          4
 6:     台東糖廠     康樂國小    102    102          7          3
 7:     馬蘭榮家     專科學校     79     79          9          4
 8:     公東高工     康樂國小     35     35          8          3
 9:     東方大鎮     陽明山莊     31     31          6          2
10:     台東糖廠     專科學校     17     17          7          4
11:     專科學校   台東航空站     10     10          4          1
12:     卑南入口     專科學校      7      7         10          4
    票證上車站序_中位 票證下車站序_中位 abs里程_公里
                <num>             <num>        <num>
 1:                 6                 3         2.42
 2:                10                 2         6.02
 3:                 9                 3         4.41
 4:                10                 3         5.33
 5:                 6                 4         1.80
 6:                 7                 3         2.87
 7:                 9                 4         3.79
 8:                 8                 3         3.66
 9:                 6                 2         3.12
10:                 7                 4         2.25
11:                 4                 1         2.04
12:                10                 4         4.71

臺東市區 陸海空線C 方向 0 正向票證最多的起迄站（前 8，作對照）
   上車站牌名稱 下車站牌名稱 票證數 反向數 上車表站序 下車表站序
         <char>       <char>  <int>  <int>      <num>      <num>
1:     陽明山莊     陽明山莊   4830      0          2          2
2:     康樂國小     台東糖廠    265      0          3          7
3:     陽明山莊     康樂國小    206      0          2          3
4:     康樂國小     馬蘭榮家     73      0          3          9
5:     康樂國小       棒球場     52      0          3         11
6:     康樂國小     卑南入口     40      0          3         10
7:   台東航空站   台東火車站     36      0          1         13
8:     康樂國小   台東火車站     35      0          3         13
   票證上車站序_中位 票證下車站序_中位 abs里程_公里
               <num>             <num>        <num>
1:                 2                 2         0.00
2:                 3                 7         2.87
3:                 2                 3         0.70
4:                 3                 9         4.41
5:                 3                11         6.40
6:                 3                10         5.33
7:                 1                 1         8.73
8:                 3                13         7.31

===== 臺東公路：三種處理方式的月平均里程（公里）；排除組 = 8101A 方向 0、8101B 方向 0、8101C 方向 0、8101D 方向 0、8168A 方向 0，占配對票證 5.6%
Key: <月份>
      月份 甲_全取abs 人次_甲 乙_丟反向 人次_乙 丙_排除異常路線 人次_丙 甲減丙
    <char>      <num>   <int>     <num>   <int>           <num>   <int>  <num>
 1: 113/06      24.60   62709     23.17   61787           22.31   59324   2.29
 2: 113/07      27.52   53886     25.23   52377           24.02   48252   3.50
 3: 113/08      30.07   64775     26.12   61697           24.17   53895   5.90
 4: 113/09      26.29   78758     23.39   76274           21.78   70348   4.51
 5: 113/10      25.28   71175     23.19   69884           21.81   66017   3.47
 6: 113/11      25.11   82621     22.85   80962           21.23   76258   3.88
 7: 113/12      24.71   85476     22.36   83966           21.21   79310   3.50
 8: 114/01      24.74   65956     23.36   65245           22.74   63125   2.00
 9: 114/02      24.51   62302     22.92   61549           22.28   59358   2.23
10: 114/03      23.65   79031     22.19   78140           21.57   75501   2.08
11: 114/04      23.56   76533     22.10   75683           21.47   73160   2.09
12: 114/05      23.55   76141     22.22   75362           21.66   72932   1.89
13: 114/06      24.89   71091     23.18   69514           22.41   66605   2.48
14: 114/07      26.17   55471     24.81   54158           24.21   52032   1.96
15: 114/08      27.36   57311     25.59   55986           24.90   53580   2.46
16: 114/09      23.23   74898     22.14   73821           21.61   71981   1.62
17: 114/10      23.60   84743     22.20   83211           21.56   80502   2.04
18: 114/11      31.54   33517     29.09   32620           28.13   31003   3.41
19: 114/12      22.12   86243     21.41   85485           21.12   83928   1.00
20: 115/01      21.57   68687     21.23   68397           21.07   67462   0.50
21: 115/02      23.62   54981     23.29   54781           23.24   54109   0.38
22: 115/03      21.40   79956     21.06   79654           21.08   78572   0.32
23: 115/04      21.87   79810     21.43   79393           21.46   78088   0.41
24: 115/05      22.10   75910     21.74   75610           21.77   74631   0.33
25: 115/06      22.23   72535     21.99   72336           22.03   71690   0.20
      月份 甲_全取abs 人次_甲 乙_丟反向 人次_乙 丙_排除異常路線 人次_丙 甲減丙
    乙減丙
     <num>
 1:   0.86
 2:   1.21
 3:   1.95
 4:   1.61
 5:   1.38
 6:   1.62
 7:   1.15
 8:   0.62
 9:   0.64
10:   0.62
11:   0.63
12:   0.56
13:   0.77
14:   0.60
15:   0.69
16:   0.53
17:   0.64
18:   0.96
19:   0.29
20:   0.16
21:   0.05
22:  -0.02
23:  -0.03
24:  -0.03
25:  -0.04
    乙減丙
甲−丙：平均 2.18、最大 5.90（113/08）；乙−丙：平均 0.70、最大 1.95（113/08）

===== 花蓮市區：三種處理方式的月平均里程（公里）；排除組 = 309 方向 0，占配對票證 6.3%
Key: <月份>
      月份 甲_全取abs 人次_甲 乙_丟反向 人次_乙 丙_排除異常路線 人次_丙 甲減丙
    <char>      <num>   <int>     <num>   <int>           <num>   <int>  <num>
 1: 113/06      18.21   21433     16.66   20608           15.29   19406   2.92
 2: 113/07      17.07   17634     16.05   17193           15.34   16279   1.73
 3: 113/08      18.41   22368     16.37   21364           15.48   19035   2.93
 4: 113/09      17.71   31684     15.74   30482           15.30   27075   2.41
 5: 113/10      17.61   29651     16.00   28708           15.60   26158   2.01
 6: 113/11      15.30   34611     13.96   33702           13.45   31384   1.85
 7: 113/12      16.22   38752     14.55   37306           13.69   34301   2.53
 8: 114/01      13.36   21133     12.34   20707           11.76   19753   1.60
 9: 114/02      13.55   21745     12.54   21298           11.91   20388   1.64
10: 114/03      13.28   28712     12.55   28299           12.17   27354   1.11
11: 114/04      13.31   28689     12.55   28268           12.17   27295   1.14
12: 114/05      12.04   27472     12.04   27472           12.04   27472   0.00
13: 114/06      13.46   25723     12.53   25265           12.09   24101   1.37
14: 114/07      12.67   20161     11.69   19794           11.19   18906   1.48
15: 114/08      13.31   21027     12.25   20595           11.76   19534   1.55
16: 114/09      13.36   30103     12.60   29670           12.28   28557   1.08
17: 114/10      13.14   30612     12.44   30198           12.12   29170   1.02
18: 114/11      11.82   25816     11.39   25586           11.07   25202   0.75
19: 114/12      11.82   28777     11.50   28575           11.23   28332   0.59
20: 115/01      11.03   21165     10.80   21085           10.57   20913   0.46
21: 115/02      11.25   18556     11.13   18519           10.96   18408   0.29
22: 115/03      11.69   28622     11.66   28192           11.47   28491   0.22
23: 115/04      11.47   14043     11.46   13596           11.17   13950   0.30
24: 115/05       9.56    8257      9.25    7720            8.86    8066   0.70
25: 115/06       8.49    6836      8.12    6371            7.88    6735   0.61
      月份 甲_全取abs 人次_甲 乙_丟反向 人次_乙 丙_排除異常路線 人次_丙 甲減丙
    乙減丙
     <num>
 1:   1.37
 2:   0.71
 3:   0.89
 4:   0.44
 5:   0.40
 6:   0.51
 7:   0.86
 8:   0.58
 9:   0.63
10:   0.38
11:   0.38
12:   0.00
13:   0.44
14:   0.50
15:   0.49
16:   0.32
17:   0.32
18:   0.32
19:   0.27
20:   0.23
21:   0.17
22:   0.19
23:   0.29
24:   0.39
25:   0.24
    乙減丙
甲−丙：平均 1.29、最大 2.93（113/08）；乙−丙：平均 0.45、最大 1.37（113/06）

耗時： 2.4 mins 
EXIT=0
