
[00-setup] 完成。資料路徑： D:\Github\115_Final-Report/data 
[00-setup] 輸出路徑： D:\Github\115_Final-Report/review/A-資料缺漏與異常/output 

讀取： 公路客運2024_to_202606.csv  欄位： 搭乘路線名稱, 搭乘附屬路線名稱, 搭乘公車路線方向, 上車站牌名稱, 下車站牌名稱, 上車計費站序資料, 下車站牌站序, 原始票證筆數, 資料代表日期(yyyy-MM-dd) 
站序補配重現整併版 xlsx：最大差 0 公里

1145 方向 0 票證（站序補配配到者）41474 筆：現行平均 42.21 公里、鏡像平均 38.07 公里；兩者相等者 3.4%

前 12 組起迄：
    上車站牌名稱       下車站牌名稱 票證數  上序  下序 現行_公里 鏡像_公里
          <char>             <char>  <int> <num> <num>     <num>     <num>
 1:   花蓮轉運站           海洋公園   3837     1    23     26.88     13.85
 2:   花蓮轉運站             中華路   1864     1     5      7.71      2.39
 3:   花蓮轉運站               豐濱   1549     1    60     55.95     52.47
 4:   花蓮轉運站               成功   1189     1   126    119.15    119.15
 5:   花蓮轉運站 花蓮文創園區(中正)    903     1     6      8.52      2.88
 6:   花蓮轉運站               靜浦    623     1    79     73.46     71.73
 7:   花蓮轉運站             中福站    608     1     7      9.68      3.22
 8:   花蓮轉運站           明禮國小    589     1     4      7.44      1.67
 9:   花蓮轉運站               港口    561     1    72     69.02     68.18
10:   花蓮轉運站         豐濱監工站    540     1    59     54.83     51.70
11:   花蓮轉運站       三仙台遊憩區    511     1   118    115.09    106.76
12:   花蓮轉運站               長光    423     1    94     90.79     85.50

花蓮公路月平均：現行 vs 1145 方向 0 改鏡像
      月份  現行 鏡像版  人次    差
    <char> <num>  <num> <int> <num>
 1: 113/06 23.44  23.14 20148  0.30
 2: 113/07 24.81  24.50 17815  0.31
 3: 113/08 24.36  23.97 21281  0.39
 4: 113/09 22.65  22.41 27316  0.24
 5: 113/10 21.89  21.53 26316  0.36
 6: 113/11 21.76  21.24 31473  0.52
 7: 113/12 22.66  22.36 30475  0.30
 8: 114/01 23.86  23.59 25166  0.27
 9: 114/02 23.35  23.15 24705  0.20
10: 114/03 22.46  22.29 31259  0.17
11: 114/04 22.79  22.55 31398  0.24
12: 114/05 22.41  22.21 30858  0.20
13: 114/06 23.19  22.97 29024  0.22
14: 114/07 24.46  24.19 27565  0.27
15: 114/08 24.33  23.96 28361  0.37
16: 114/09 22.10  21.89 30017  0.21
17: 114/10 22.12  21.91 31643  0.21
18: 114/11 21.93  21.76 26103  0.17
19: 114/12 22.14  21.96 31444  0.18
20: 115/01 21.62  21.48 27594  0.14
21: 115/02 24.38  24.15 24146  0.23
22: 115/03 21.20  21.06 34104  0.14
23: 115/04 22.15  21.98 34305  0.17
24: 115/05 21.41  21.25 33146  0.16
25: 115/06 22.17  21.96 29272  0.21
      月份  現行 鏡像版  人次    差
現行 − 鏡像版：平均 0.25、最大 0.52（113/11）
耗時： 0.4 mins 
EXIT=0
