
========== 花蓮市區 ==========
全部列數 641,978 ；旗標為 1 者 13,589 （2.12%） 
TPASS 比例（全期）　　　含異常 25.24%  刪異常 24.37%  差 -0.88 個百分點
總使用次數　　　　　　　含異常 641,978  刪異常 628,389  差 -2.12%
使用人數（人月合計）　　含異常 362,320  刪異常 360,738  差 -0.44%
搭乘次數區間　　　　　　含異常 53.9/41.6/4.4  刪異常 54.7/41.1/4.3  差 +0.7/-0.6/-0.2 個百分點
轉乘率分母　　　　　　　含異常 641,978  刪異常 628,389  → 轉乘率會被抬高 2.16%（分子幾乎不變）
里程可配對性　　　　　　旗標列中站序任一為 -99 者 13,589 / 13,589（100.0%）→ 配對必然失敗，刪不刪結果相同

========== 臺東市區 ==========
全部列數 330,996 ；旗標為 1 者 8,691 （2.63%） 
TPASS 比例（全期）　　　含異常 16.33%  刪異常 15.45%  差 -0.88 個百分點
總使用次數　　　　　　　含異常 330,996  刪異常 322,305  差 -2.63%
使用人數（人月合計）　　含異常 165,994  刪異常 163,921  差 -1.25%
搭乘次數區間　　　　　　含異常 57.4/37.9/4.7  刪異常 57.8/37.6/4.6  差 +0.4/-0.3/-0.1 個百分點
轉乘率分母　　　　　　　含異常 330,996  刪異常 322,305  → 轉乘率會被抬高 2.70%（分子幾乎不變）
里程可配對性　　　　　　旗標列中站序任一為 -99 者 8,691 / 8,691（100.0%）→ 配對必然失敗，刪不刪結果相同

========== 花蓮公路 ==========
全部列數 749,530 ；旗標為 1 者 21,233 （2.83%） 
TPASS 比例（全期）　　　含異常 18.70%  刪異常 19.02%  差 +0.32 個百分點
總使用次數　　　　　　　含異常 749,530  刪異常 728,297  差 -2.83%
使用人數（人月合計）　　含異常 230,087  刪異常 226,232  差 -1.68%
搭乘次數區間　　　　　　含異常 50.4/36.0/13.6  刪異常 51.3/35.3/13.5  差 +0.9/-0.8/-0.2 個百分點
轉乘率分母　　　　　　　含異常 749,530  刪異常 728,297  → 轉乘率會被抬高 2.92%（分子幾乎不變）
里程可配對性　　　　　　旗標列中站序任一為 -99 者 21,226 / 21,233（100.0%）→ 配對必然失敗，刪不刪結果相同

========== 臺東公路 ==========
全部列數 1,890,026 ；旗標為 1 者 1,617 （0.09%） 
TPASS 比例（全期）　　　含異常 33.50%  刪異常 33.52%  差 +0.02 個百分點
總使用次數　　　　　　　含異常 1,890,026  刪異常 1,888,409  差 -0.09%
使用人數（人月合計）　　含異常 400,510  刪異常 400,131  差 -0.09%
搭乘次數區間　　　　　　含異常 35.8/39.9/24.3  刪異常 35.8/39.9/24.3  差 +0.1/-0.1/+0.0 個百分點
轉乘率分母　　　　　　　含異常 1,890,026  刪異常 1,888,409  → 轉乘率會被抬高 0.09%（分子幾乎不變）
里程可配對性　　　　　　旗標列中站序任一為 -99 者 1,617 / 1,617（100.0%）→ 配對必然失敗，刪不刪結果相同

完成
