=== 全期間摘要：四組 × 類別 ===
        資料                  類別 旗標列 嚴格鍵命中 嚴格% 寬鬆鍵命中 寬鬆% 嚴格命中且正常列僅一筆
      <char>                <char>  <int>      <int> <num>      <int> <num>                  <int>
 1: 花蓮市區 兩端時間正常僅站序-99     28          0   0.0          1   3.6                      0
 2: 花蓮市區              未刷上車   1642         15   0.9        606  36.9                      0
 3: 花蓮市區              未刷下車  11919       8650  72.6       8794  73.8                   8649
 4: 臺東市區              未刷上車    985          0   0.0         13   1.3                      0
 5: 臺東市區              未刷下車   7706       2468  32.0       3050  39.6                   2467
 6: 花蓮公路 兩端時間正常僅站序-99   8622         11   0.1        141   1.6                      4
 7: 花蓮公路              未刷上車   5761         33   0.6       1771  30.7                      0
 8: 花蓮公路              未刷下車   6850         20   0.3        306   4.5                     20
 9: 臺東公路 兩端時間正常僅站序-99     12          0   0.0          0   0.0                      0
10: 臺東公路              未刷上車    732          4   0.5        112  15.3                      0
11: 臺東公路              未刷下車    873          1   0.1         27   3.1                      1

=== 四組合計 ===
                    類別 旗標列 嚴格鍵命中 嚴格% 寬鬆鍵命中 寬鬆%
                  <char>  <int>      <int> <num>      <int> <num>
1: 兩端時間正常僅站序-99   8662         11   0.1        142   1.6
2:              未刷上車   9120         52   0.6       2502  27.4
3:              未刷下車  27348      11139  40.7      12177  44.5

=== 逐月：嚴格鍵命中率%（未刷下車）===
Key: <月>
        月 臺東公路 臺東市區 花蓮公路 花蓮市區
    <char>    <num>    <num>    <num>    <num>
 1: 113/06      0.0      0.3      1.0      0.0
 2: 113/07      0.0      0.6      0.2      0.4
 3: 113/08      0.0      0.4      0.5      0.0
 4: 113/09      0.0      0.4      0.0      0.3
 5: 113/10      0.0      0.0      0.0      0.4
 6: 113/11      0.0      0.5      0.7      1.1
 7: 113/12      0.0      0.7      0.0      0.5
 8: 114/01      0.0      0.8      0.4      0.7
 9: 114/02      0.0      0.0      0.0      1.6
10: 114/03      0.0      0.6      0.0      1.5
11: 114/04      0.0      0.0      0.3      2.1
12: 114/05      0.0      0.0      0.0      1.3
13: 114/06      0.0      0.8      0.4      2.5
14: 114/07      0.0      1.5      0.3      0.0
15: 114/08      0.0      0.0      0.0     91.4
16: 114/09      0.0     66.5      0.7     93.4
17: 114/10      3.6     68.4      0.7     94.9
18: 114/11      0.0       NA      0.0      1.4
19: 114/12      0.0       NA      0.0      0.9

=== 逐月：嚴格鍵命中列數（未刷下車）===
Key: <月>
        月 臺東公路 臺東市區 花蓮公路 花蓮市區
    <char>    <int>    <int>    <int>    <int>
 1: 113/06        0        2        3        0
 2: 113/07        0        1        3        1
 3: 113/08        0        1        3        0
 4: 113/09        0        2        0        1
 5: 113/10        0        0        0        1
 6: 113/11        0        1        3        4
 7: 113/12        0        1        0        1
 8: 114/01        0        1        1        1
 9: 114/02        0        0        0        2
10: 114/03        0        1        0        2
11: 114/04        0        0        1        3
12: 114/05        0        0        0        2
13: 114/06        0        2        1        3
14: 114/07        0        4        1        0
15: 114/08        0        0        0     1519
16: 114/09        0     1097        2     3273
17: 114/10        1     1355        2     3835
18: 114/11        0       NA        0        1
19: 114/12        0       NA        0        1

=== 逐月：嚴格鍵命中率%（未刷上車）===
Key: <月>
        月 臺東公路 臺東市區 花蓮公路 花蓮市區
    <char>    <num>    <num>    <num>    <num>
 1: 113/06      0.0        0      0.2      1.2
 2: 113/07      0.5       NA      0.2      0.0
 3: 113/08      0.0       NA      0.5      0.0
 4: 113/09      0.0       NA      0.4      3.8
 5: 113/10      1.9       NA      0.4      0.0
 6: 113/11      0.0        0      0.0      0.0
 7: 113/12      0.0        0      0.4      0.0
 8: 114/01      3.0       NA      1.4      0.0
 9: 114/02      0.0        0      1.2      0.0
10: 114/03      0.0       NA      3.0      0.0
11: 114/04      0.0        0      0.8      0.0
12: 114/05      0.0       NA      0.0      0.0
13: 114/06      0.0       NA      0.9      4.3
14: 114/07      0.0       NA      0.4      2.0
15: 114/08      0.0       NA      0.0      1.2
16: 114/09      5.3        0      1.6      3.4
17: 114/10      0.0        0      0.9      3.6
18: 114/11      0.0       NA      0.4      2.4
19: 114/12      0.0       NA      0.0      0.0

=== 逐月：嚴格鍵命中率%（兩端時間正常僅站序-99）===
Key: <月>
        月 臺東公路 花蓮公路 花蓮市區
    <char>    <num>    <num>    <num>
 1: 113/06       NA      0.0       NA
 2: 113/07       NA      0.2       NA
 3: 113/08       NA      0.0       NA
 4: 113/09       NA      0.0       NA
 5: 113/10       NA      0.0        0
 6: 113/11       NA      0.0        0
 7: 113/12       NA      0.0        0
 8: 114/01       NA      0.0        0
 9: 114/02        0      0.0        0
10: 114/03       NA      0.0        0
11: 114/04       NA      1.4       NA
12: 114/05       NA      0.1       NA
13: 114/06       NA      0.0       NA
14: 114/07       NA      0.0        0
15: 114/08       NA      0.0       NA
16: 114/09       NA      0.0       NA
17: 114/10       NA      0.0       NA
18: 114/11       NA      0.0        0
19: 114/12       NA      0.0       NA

=== 嚴格鍵命中率 ≥ 10% 的 資料×月×類別 ===
       資料     月     類別 旗標列 嚴格鍵命中 嚴格% 寬鬆鍵命中 寬鬆%
     <char> <char>   <char>  <int>      <int> <num>      <int> <num>
1: 花蓮市區 114/10 未刷下車   4043       3835  94.9       3842  95.0
2: 花蓮市區 114/09 未刷下車   3504       3273  93.4       3280  93.6
3: 花蓮市區 114/08 未刷下車   1662       1519  91.4       1524  91.7
4: 臺東市區 114/10 未刷下車   1980       1355  68.4       1581  79.8
5: 臺東市區 114/09 未刷下車   1650       1097  66.5       1304  79.0

=== 未刷下車：TPASS vs 非 TPASS 逐月嚴格鍵命中率（只列有命中的列）===
        資料     月  TPASS 旗標未刷下車列 嚴格鍵命中 嚴格%
      <char> <char> <lgcl>          <int>      <int> <num>
 1: 臺東公路 114/10  FALSE             28          1   3.6
 2: 臺東市區 113/06  FALSE            451          2   0.4
 3: 臺東市區 113/07  FALSE            170          1   0.6
 4: 臺東市區 113/08   TRUE             20          1   5.0
 5: 臺東市區 113/09  FALSE            265          2   0.8
 6: 臺東市區 113/11  FALSE            181          1   0.6
 7: 臺東市區 113/12  FALSE            118          1   0.8
 8: 臺東市區 114/01  FALSE            120          1   0.8
 9: 臺東市區 114/03   TRUE             23          1   4.3
10: 臺東市區 114/06   TRUE             19          1   5.3
11: 臺東市區 114/06  FALSE            231          1   0.4
12: 臺東市區 114/07   TRUE             28          2   7.1
13: 臺東市區 114/07  FALSE            242          2   0.8
14: 臺東市區 114/09   TRUE           1359       1092  80.4
15: 臺東市區 114/09  FALSE            291          5   1.7
16: 臺東市區 114/10   TRUE           1599       1353  84.6
17: 臺東市區 114/10  FALSE            381          2   0.5
18: 花蓮公路 113/06   TRUE             73          2   2.7
19: 花蓮公路 113/06  FALSE            242          1   0.4
20: 花蓮公路 113/07   TRUE            171          3   1.8
21: 花蓮公路 113/08   TRUE             68          3   4.4
22: 花蓮公路 113/11   TRUE             42          2   4.8
23: 花蓮公路 113/11  FALSE            389          1   0.3
24: 花蓮公路 114/01  FALSE            266          1   0.4
25: 花蓮公路 114/04  FALSE            299          1   0.3
26: 花蓮公路 114/06  FALSE            227          1   0.4
27: 花蓮公路 114/07  FALSE            281          1   0.4
28: 花蓮公路 114/09   TRUE             22          1   4.5
29: 花蓮公路 114/09  FALSE            275          1   0.4
30: 花蓮公路 114/10  FALSE            259          2   0.8
31: 花蓮市區 113/07  FALSE            241          1   0.4
32: 花蓮市區 113/09   TRUE             15          1   6.7
33: 花蓮市區 113/10   TRUE              8          1  12.5
34: 花蓮市區 113/11   TRUE             18          4  22.2
35: 花蓮市區 113/12  FALSE            188          1   0.5
36: 花蓮市區 114/01  FALSE            130          1   0.8
37: 花蓮市區 114/02   TRUE             22          2   9.1
38: 花蓮市區 114/03   TRUE             17          1   5.9
39: 花蓮市區 114/03  FALSE            115          1   0.9
40: 花蓮市區 114/04   TRUE             11          2  18.2
41: 花蓮市區 114/04  FALSE            132          1   0.8
42: 花蓮市區 114/05  FALSE            138          2   1.4
43: 花蓮市區 114/06   TRUE             13          3  23.1
44: 花蓮市區 114/08   TRUE           1525       1518  99.5
45: 花蓮市區 114/08  FALSE            137          1   0.7
46: 花蓮市區 114/09   TRUE           3310       3271  98.8
47: 花蓮市區 114/09  FALSE            194          2   1.0
48: 花蓮市區 114/10   TRUE           3865       3835  99.2
49: 花蓮市區 114/11  FALSE             74          1   1.4
50: 花蓮市區 114/12  FALSE            108          1   0.9
        資料     月  TPASS 旗標未刷下車列 嚴格鍵命中 嚴格%

=== TPASS 搭乘次數區間：去重前後有差異的 資料×月 ===
        資料     月 人數_原 僅一次%_原 五次以上%_原 人次_原 人數_去重 僅一次%_去重 五次以上%_去重 人次_去重
      <char> <char>   <int>      <num>        <num>   <int>     <int>        <num>          <num>     <int>
 1: 臺東市區 113/08     229       41.9         21.8     988       229         41.9           21.4       987
 2: 臺東市區 114/03     303       27.7         44.9    2716       303         27.7           44.9      2715
 3: 臺東市區 114/06     362       26.2         38.4    2937       362         26.2           38.4      2936
 4: 臺東市區 114/07     290       33.8         26.6    1559       290         33.8           26.6      1557
 5: 臺東市區 114/09     375       10.7         43.7    3432       375         27.2           35.5      2340
 6: 臺東市區 114/10     403       10.9         45.4    4250       403         26.6           36.2      2897
 7: 花蓮公路 113/06     613       24.8         43.6    4745       613         24.8           43.6      4743
 8: 花蓮公路 113/07     513       28.3         41.7    3577       513         28.3           41.7      3574
 9: 花蓮公路 113/08     598       31.3         34.1    3534       598         31.3           34.1      3531
10: 花蓮公路 113/11     709       29.3         42.7    6074       709         29.3           42.7      6072
11: 花蓮公路 114/09     752       24.6         46.3    6525       752         24.6           46.3      6524
12: 花蓮市區 113/09    3390       45.3          0.2    5498      3390         45.3            0.2      5497
13: 花蓮市區 113/10    3661       42.2          0.3    6123      3661         42.2            0.3      6122
14: 花蓮市區 113/11    4155       42.4          0.3    6875      4155         42.4            0.3      6871
15: 花蓮市區 114/02    3373       40.1          0.3    5695      3373         40.1            0.3      5693
16: 花蓮市區 114/03    5205       38.3          0.3    8880      5205         38.3            0.3      8879
17: 花蓮市區 114/04    4753       41.6          0.3    7872      4753         41.6            0.3      7870
18: 花蓮市區 114/06    4090       41.1          0.3    6828      4090         41.1            0.3      6825
19: 花蓮市區 114/08    2259       25.2          3.7    5345      2259         40.4            0.2      3827
20: 花蓮市區 114/09    5307       29.2          3.7   12161      5307         42.0            0.5      8890
21: 花蓮市區 114/10    5983       28.4          3.5   13900      5983         40.9            0.3     10065
        資料     月 人數_原 僅一次%_原 五次以上%_原 人次_原 人數_去重 僅一次%_去重 五次以上%_去重 人次_去重

完成
