欄位 26 全名： 是否包含異常值(係指上下站值為-99或上下車時間為1970-01-01 00:00:00之情況) 

=== 旗標 × 三種異常條件的交叉表（全期，已排除 5/24-25 污染）===
     旗標   列數 站序有-99 站牌有-99 時間有1970 三者皆無
   <char>  <int>     <int>     <int>      <int>    <int>
1:      0 321224         0         0          0   321224
2:      1   8691      8691      8691       8691        0

=== 旗標為 1 者的組成拆解 ===
    列數 占旗標1之%  總計
   <int>      <num> <int>
1:  8691        100  8691
                   類型  列數 占比%
                 <char> <int> <num>
1: 站序 -99 且時間 1970  8691   100

=== 旗標為 1 者：能否計算里程（站牌與站序是否可用）===
   站序任一為-99 站序皆正常
           <int>      <int>
1:          8691          0

=== 旗標為 0 者中，時間為 1970 的列數（旗標未涵蓋者）===
     列數 時間有1970
    <int>      <int>
1: 321224          0
