REPO_ROOT: D:\Github\115_Final-Report 
FIG_DIR:   D:\Github\115_Final-Report/revise/output/fig 
TBL_DIR:   D:\Github\115_Final-Report/revise/output/tbl 

[1] "D:\\Github\\115_Final-Report\\revise\\code/115期末-修訂.R"
已抽出： D:\Github\115_Final-Report\revise\code/115期末-修訂.R 

Attaching package: 'lubridate'

The following objects are masked from 'package:data.table':

    hour, isoweek, mday, minute, month, quarter, second, wday, week,
    yday, year

The following objects are masked from 'package:base':

    date, intersect, setdiff, union

花蓮市區原始筆數： 805956 
 花蓮市區清理後筆數： 800568 
 花蓮市區排除筆數： 5388 

臺東市區原始筆數： 1362708 
 臺東市區清理後筆數： 382253 
 臺東市區排除筆數： 980455 
[A7] 花蓮公路：去除重複列 28 筆（904185 → 904157）
Empty data.table (0 rows and 2 cols): 月,N
[A7] 臺東公路：去除重複列 1 筆（2248433 → 2248432）
Empty data.table (0 rows and 2 cols): 月,N
[A7] 花蓮市區：去除重複列 8658 筆（800568 → 791910）
        月     N
    <char> <int>
1: 2025-08  1519
2: 2025-09  3273
3: 2025-10  3835
[A7] 臺東市區：去除重複列 2470 筆（382253 → 379783）
        月     N
    <char> <int>
1: 2025-09  1097
2: 2025-10  1355
Key: <月份>
      月份 總搭乘人次 TPASS搭乘人次 TPASS比例
    <char>      <int>         <int>     <num>
 1: 113/06      28469          4743      16.7
 2: 113/07      26657          3574      13.4
 3: 113/08      27647          3531      12.8
 4: 113/09      30366          5933      19.5
 5: 113/10      28780          5382      18.7
 6: 113/11      34721          6072      17.5
 7: 113/12      31709          5732      18.1
 8: 114/01      26084          4124      15.8
 9: 114/02      25675          4591      17.9
10: 114/03      32250          6670      20.7
11: 114/04      32598          6309      19.4
12: 114/05      32009          6596      20.6
13: 114/06      30016          5807      19.3
14: 114/07      28639          4546      15.9
15: 114/08      29551          3857      13.1
16: 114/09      31189          6524      20.9
17: 114/10      32151          6656      20.7
18: 114/11      26571          5944      22.4
19: 114/12      31861          7096      22.3
20: 115/01      27594          5767      20.9
21: 115/02      24146          3223      13.3
22: 115/03      34104          7593      22.3
23: 115/04      34305          7084      20.7
24: 115/05      33146          6959      21.0
25: 115/06      29272          5847      20.0
      月份 總搭乘人次 TPASS搭乘人次 TPASS比例
Key: <月份>
      月份 總搭乘人次 TPASS搭乘人次 TPASS比例
    <char>      <int>         <int>     <num>
 1: 113/06      70793         19238      27.2
 2: 113/07      62229         12839      20.6
 3: 113/08      73732         14146      19.2
 4: 113/09      87532         27619      31.6
 5: 113/10      78878         25893      32.8
 6: 113/11      92804         29542      31.8
 7: 113/12      94174         32509      34.5
 8: 114/01      72020         22346      31.0
 9: 114/02      68543         21890      31.9
10: 114/03      86418         32117      37.2
11: 114/04      83594         30026      35.9
12: 114/05      82907         31039      37.4
13: 114/06      77517         27078      34.9
14: 114/07      61430         15823      25.8
15: 114/08      63965         14398      22.5
16: 114/09      78461         31027      39.5
17: 114/10      87935         32689      37.2
18: 114/11      35607         10433      29.3
19: 114/12      88727         34679      39.1
20: 115/01      70523         26380      37.4
21: 115/02      56672         14853      26.2
22: 115/03      81699         33122      40.5
23: 115/04      81709         32328      39.6
24: 115/05      77631         31400      40.4
25: 115/06      74525         29728      39.9
      月份 總搭乘人次 TPASS搭乘人次 TPASS比例
Key: <月份>
      月份 總搭乘人次 TPASS搭乘人次 TPASS比例
    <char>      <int>         <int>     <num>
 1: 113/06      25137          3430      13.6
 2: 113/07      20797          2778      13.4
 3: 113/08      25760          2889      11.2
 4: 113/09      35986          5497      15.3
 5: 113/10      33192          6122      18.4
 6: 113/11      35517          6871      19.3
 7: 113/12      39378          7842      19.9
 8: 114/01      21618          4258      19.7
 9: 114/02      22092          5693      25.8
10: 114/03      29231          8879      30.4
11: 114/04      29366          7870      26.8
12: 114/05      28144          8375      29.8
13: 114/06      26380          6825      25.9
14: 114/07      20568          4538      22.1
15: 114/08      21582          3827      17.7
16: 114/09      30685          8890      29.0
17: 114/10      31272         10065      32.2
18: 114/11      26904          9808      36.5
19: 114/12      30073         10906      36.3
20: 115/01      21935          6810      31.0
21: 115/02      19357          4644      24.0
22: 115/03      28837         10699      37.1
23: 115/04      14146          3212      22.7
24: 115/05       8380          1389      16.6
25: 115/06       6991          1307      18.7
      月份 總搭乘人次 TPASS搭乘人次 TPASS比例
Key: <月份>
      月份 總搭乘人次 TPASS搭乘人次 TPASS比例
    <char>      <int>         <int>     <num>
 1: 113/06      12307          1549      12.6
 2: 113/07      11517           852       7.4
 3: 113/08      14744           987       6.7
 4: 113/09      14431          2266      15.7
 5: 113/10      13452          2082      15.5
 6: 113/11      16156          2343      14.5
 7: 113/12      13756          2891      21.0
 8: 114/01      10935          1893      17.3
 9: 114/02      10139          1890      18.6
10: 114/03      12205          2715      22.2
11: 114/04      14381          2705      18.8
12: 114/05      14840          2798      18.9
13: 114/06      15131          2936      19.4
14: 114/07      12893          1557      12.1
15: 114/08      14386          1441      10.0
16: 114/09      11829          2340      19.8
17: 114/10      14427          2897      20.1
18: 114/11      11433          2029      17.7
19: 114/12      13272          2287      17.2
20: 115/01      11423          1956      17.1
21: 115/02      10483          1014       9.7
22: 115/03      12073          2195      18.2
23: 115/04      12648          1710      13.5
24: 115/05      16134          2209      13.7
25: 115/06      13533          2063      15.2
      月份 總搭乘人次 TPASS搭乘人次 TPASS比例
      月份 搭乘人次 總延人公里 平均搭乘里程_公里
    <char>    <int>      <num>             <num>
 1: 113/06    20148   472248.5             23.44
 2: 113/07    17815   442019.7             24.81
 3: 113/08    21281   518463.0             24.36
 4: 113/09    27316   618841.3             22.65
 5: 113/10    26316   576184.2             21.89
 6: 113/11    31473   684867.3             21.76
 7: 113/12    30475   690502.6             22.66
 8: 114/01    25166   600512.4             23.86
 9: 114/02    24705   576830.1             23.35
10: 114/03    31259   702123.4             22.46
11: 114/04    31398   715689.5             22.79
12: 114/05    30858   691473.3             22.41
13: 114/06    29024   673117.3             23.19
14: 114/07    27565   674283.2             24.46
15: 114/08    28361   690004.4             24.33
16: 114/09    30017   663350.3             22.10
17: 114/10    31643   699973.7             22.12
18: 114/11    26103   572540.8             21.93
19: 114/12    31444   696248.2             22.14
20: 115/01    27594   596669.2             21.62
21: 115/02    24146   588594.1             24.38
22: 115/03    34104   722973.1             21.20
23: 115/04    34305   759953.7             22.15
24: 115/05    33146   709815.2             21.41
25: 115/06    29272   648878.1             22.17
      月份 搭乘人次 總延人公里 平均搭乘里程_公里
      月份 搭乘人次 總延人公里 平均搭乘里程_公里
    <char>    <int>      <num>             <num>
 1: 113/06    67983    1670075             24.57
 2: 113/07    57081    1546222             27.09
 3: 113/08    69374    2030385             29.27
 4: 113/09    84645    2173361             25.68
 5: 113/10    76221    1883686             24.71
 6: 113/11    89518    2191623             24.48
 7: 113/12    91676    2209413             24.10
 8: 114/01    70026    1711482             24.44
 9: 114/02    66658    1596588             23.95
10: 114/03    84242    1957735             23.24
11: 114/04    81587    1900692             23.30
12: 114/05    80446    1875427             23.31
13: 114/06    75769    1864450             24.61
14: 114/07    58781    1545060             26.29
15: 114/08    61231    1667227             27.23
16: 114/09    78193    1829718             23.40
17: 114/10    87657    2094361             23.89
18: 114/11    35571    1131455             31.81
19: 114/12    88482    1987962             22.47
20: 115/01    70523    1545155             21.91
21: 115/02    56672    1370926             24.19
22: 115/03    81699    1776622             21.75
23: 115/04    81709    1817410             22.24
24: 115/05    77631    1741025             22.43
25: 115/06    74525    1677748             22.51
      月份 搭乘人次 總延人公里 平均搭乘里程_公里
      月份 搭乘人次 總延人公里 平均搭乘里程_公里
    <char>    <int>      <num>             <num>
 1: 113/06    22197  391323.81             17.63
 2: 113/07    18079  302438.04             16.73
 3: 113/08    23016  414260.09             18.00
 4: 113/09    32143  563552.21             17.53
 5: 113/10    29931  523662.58             17.50
 6: 113/11    34939  530723.58             15.19
 7: 113/12    38965  629140.71             16.15
 8: 114/01    21296  282454.16             13.26
 9: 114/02    21811  294880.78             13.52
10: 114/03    28899  382002.05             13.22
11: 114/04    28999  383376.58             13.22
12: 114/05    27762  332330.43             11.97
13: 114/06    26039  348019.97             13.37
14: 114/07    20312  255870.75             12.60
15: 114/08    21256  280680.97             13.20
16: 114/09    30293  402990.03             13.30
17: 114/10    30787  403244.01             13.10
18: 114/11    26222  307335.30             11.72
19: 114/12    29145  341903.09             11.73
20: 115/01    21223  233548.18             11.00
21: 115/02    18645  208746.44             11.20
22: 115/03    28760  334710.36             11.64
23: 115/04    14121  161012.04             11.40
24: 115/05     8336   78962.74              9.47
25: 115/06     6904   58027.87              8.40
      月份 搭乘人次 總延人公里 平均搭乘里程_公里
      月份 搭乘人次 總延人公里 平均搭乘里程_公里
    <char>    <int>      <num>             <num>
 1: 113/06    11390   87372.71              7.67
 2: 113/07    11343   90402.24              7.97
 3: 113/08    14507  116593.69              8.04
 4: 113/09    13915  104132.05              7.48
 5: 113/10    12989   95940.41              7.39
 6: 113/11    15459  108075.84              6.99
 7: 113/12    13546   88650.09              6.54
 8: 114/01    10807   71912.05              6.65
 9: 114/02     9960   67394.43              6.77
10: 114/03    12037   80287.99              6.67
11: 114/04    14114  101200.09              7.17
12: 114/05    14615  105998.19              7.25
13: 114/06    14883  110453.62              7.42
14: 114/07    12627   97062.73              7.69
15: 114/08    14053  110842.68              7.89
16: 114/09    11218   83033.42              7.40
17: 114/10    13730  100136.89              7.29
18: 114/11    11433   84203.19              7.36
19: 114/12    13272   93851.24              7.07
20: 115/01    11423   80611.89              7.06
21: 115/02    10483   78091.09              7.45
22: 115/03    12073   88079.22              7.30
23: 115/04    12648   97749.22              7.73
24: 115/05    16134  123726.60              7.67
25: 115/06    13533  104030.15              7.69
      月份 搭乘人次 總延人公里 平均搭乘里程_公里

============================
 花蓮公路
 ============================
   總筆數 成功筆數 失敗筆數 成功率 原始載客人次 成功配對載客人次 載客人次成功率
    <int>    <int>    <int>  <num>        <int>            <int>          <num>
1: 749510   704934    44576  94.05       749510           704934          94.05

============================
 臺東公路
 ============================
    總筆數 成功筆數 失敗筆數 成功率 原始載客人次 成功配對載客人次
     <int>    <int>    <int>  <num>        <int>            <int>
1: 1890025  1847900    42125  97.77      1890025          1847900
   載客人次成功率
            <num>
1:          97.77

============================
 花蓮市區
 ============================
   總筆數 成功筆數 失敗筆數 成功率 原始載客人次 成功配對載客人次 載客人次成功率
    <int>    <int>    <int>  <num>        <int>            <int>          <num>
1: 633328   610080    23248  96.33       633328           610080          96.33

============================
 臺東市區
 ============================
   總筆數 成功筆數 失敗筆數 成功率 原始載客人次 成功配對載客人次 載客人次成功率
    <int>    <int>    <int>  <num>        <int>            <int>          <num>
1: 328528   322192     6336  98.07       328528           322192          98.07


花蓮公路－上車配對方法
   上車配對方法   筆數 載客人次
         <char>  <int>    <int>
1: 站序精確補配 719996   719996
2:       未配對  29514    29514

花蓮公路－下車配對方法
   下車配對方法   筆數 載客人次
         <char>  <int>    <int>
1: 站序精確補配 710738   710738
2:       未配對  38772    38772


臺東公路－上車配對方法
   上車配對方法    筆數 載客人次
         <char>   <int>    <int>
1: 站序精確補配 1855872  1855872
2:       未配對   34153    34153

臺東公路－下車配對方法
   下車配對方法    筆數 載客人次
         <char>   <int>    <int>
1: 站序精確補配 1849327  1849327
2:       未配對   40698    40698


花蓮市區－上車配對方法
        上車配對方法   筆數 載客人次
              <char>  <int>    <int>
1: 站牌代碼+站序精確 602517   602517
2:            未配對  20015    20015
3: 站牌代碼+站序輔助   9482     9482
4:      站序精確補配   1314     1314

花蓮市區－下車配對方法
        下車配對方法   筆數 載客人次
              <char>  <int>    <int>
1: 站牌代碼+站序精確 599246   599246
2:            未配對  16500    16500
3: 站牌代碼+站序輔助  15027    15027
4:      站序精確補配   2555     2555


臺東市區－上車配對方法
   上車配對方法   筆數 載客人次
         <char>  <int>    <int>
1: 站序精確補配 327542   327542
2:       未配對    986      986

臺東市區－下車配對方法
   下車配對方法   筆數 載客人次
         <char>  <int>    <int>
1: 站序精確補配 323177   323177
2:       未配對   5351     5351
      月份 該月總使用次數 使用人合計日數 單日平均使用次數
    <char>          <int>          <int>            <num>
 1: 113/06          25137          12449             2.02
 2: 113/07          20797          10051             2.07
 3: 113/08          25760          11737             2.19
 4: 113/09          35986          17604             2.04
 5: 113/10          33192          16473             2.01
 6: 113/11          35517          18401             1.93
 7: 113/12          39378          20024             1.97
 8: 114/01          21618          12584             1.72
 9: 114/02          22092          12789             1.73
10: 114/03          29231          16896             1.73
11: 114/04          29366          17013             1.73
12: 114/05          28144          17029             1.65
13: 114/06          26380          15003             1.76
14: 114/07          20568          11724             1.75
15: 114/08          21582          11800             1.83
16: 114/09          30685          17577             1.75
17: 114/10          31272          18515             1.69
18: 114/11          26904          17144             1.57
19: 114/12          30073          19290             1.56
20: 115/01          21935          14355             1.53
21: 115/02          19357          12777             1.51
22: 115/03          28837          18803             1.53
23: 115/04          14146          10273             1.38
24: 115/05           8380           6500             1.29
25: 115/06           6991           5509             1.27
      月份 該月總使用次數 使用人合計日數 單日平均使用次數


========================================
 1. 平均每日使用次數
 ========================================

花蓮公路
      月份 該月天數 該月總使用次數 該月使用人數 每人每月使用次數
    <char>    <int>          <int>        <int>            <num>
 1: 113/06       30          28469         8216             3.47
 2: 113/07       31          26657         8224             3.24
 3: 113/08       31          27647         9284             2.98
 4: 113/09       30          30366         8945             3.39
 5: 113/10       31          28780         9140             3.15
 6: 113/11       30          34721        11517             3.01
 7: 113/12       31          31709        10195             3.11
 8: 114/01       31          26084         9284             2.81
 9: 114/02       28          25675         8344             3.08
10: 114/03       31          32250         9078             3.55
11: 114/04       30          32598         9880             3.30
12: 114/05       31          32009         9200             3.48
13: 114/06       30          30016         8872             3.38
14: 114/07       31          28639         9366             3.06
15: 114/08       31          29551        10285             2.87
16: 114/09       30          31189         8768             3.56
17: 114/10       31          32151         9465             3.40
18: 114/11       30          26571         7532             3.53
19: 114/12       31          31861         8985             3.55
20: 115/01       31          27594         8159             3.38
21: 115/02       28          24146         9651             2.50
22: 115/03       31          34104         9042             3.77
23: 115/04       30          34305        10003             3.43
24: 115/05       31          33146         9674             3.43
25: 115/06       30          29272         8978             3.26
      月份 該月天數 該月總使用次數 該月使用人數 每人每月使用次數
    平均每日使用次數
               <num>
 1:            0.116
 2:            0.105
 3:            0.096
 4:            0.113
 5:            0.102
 6:            0.100
 7:            0.100
 8:            0.091
 9:            0.110
10:            0.115
11:            0.110
12:            0.112
13:            0.113
14:            0.099
15:            0.093
16:            0.119
17:            0.110
18:            0.118
19:            0.114
20:            0.109
21:            0.089
22:            0.122
23:            0.114
24:            0.111
25:            0.109
    平均每日使用次數

臺東公路
      月份 該月天數 該月總使用次數 該月使用人數 每人每月使用次數
    <char>    <int>          <int>        <int>            <num>
 1: 113/06       30          70793        15333             4.62
 2: 113/07       31          62229        15364             4.05
 3: 113/08       31          73732        17633             4.18
 4: 113/09       30          87532        16652             5.26
 5: 113/10       31          78878        16054             4.91
 6: 113/11       30          92804        19244             4.82
 7: 113/12       31          94174        17955             5.25
 8: 114/01       31          72020        16584             4.34
 9: 114/02       28          68543        15381             4.46
10: 114/03       31          86418        16213             5.33
11: 114/04       30          83594        17089             4.89
12: 114/05       31          82907        15813             5.24
13: 114/06       30          77517        15559             4.98
14: 114/07       31          61430        15407             3.99
15: 114/08       31          63965        17155             3.73
16: 114/09       30          78461        14196             5.53
17: 114/10       31          87935        16443             5.35
18: 114/11       30          35607         9059             3.93
19: 114/12       31          88727        17059             5.20
20: 115/01       31          70523        15500             4.55
21: 115/02       28          56672        16493             3.44
22: 115/03       31          81699        15778             5.18
23: 115/04       30          81709        17041             4.79
24: 115/05       31          77631        16173             4.80
25: 115/06       30          74525        15332             4.86
      月份 該月天數 該月總使用次數 該月使用人數 每人每月使用次數
    平均每日使用次數
               <num>
 1:            0.154
 2:            0.131
 3:            0.135
 4:            0.175
 5:            0.158
 6:            0.161
 7:            0.169
 8:            0.140
 9:            0.159
10:            0.172
11:            0.163
12:            0.169
13:            0.166
14:            0.129
15:            0.120
16:            0.184
17:            0.173
18:            0.131
19:            0.168
20:            0.147
21:            0.123
22:            0.167
23:            0.160
24:            0.155
25:            0.162
    平均每日使用次數

花蓮市區
      月份 該月天數 該月總使用次數 該月使用人數 每人每月使用次數
    <char>    <int>          <int>        <int>            <num>
 1: 113/06       30          25137        12449             2.02
 2: 113/07       31          20797        10051             2.07
 3: 113/08       31          25760        11737             2.19
 4: 113/09       30          35986        17604             2.04
 5: 113/10       31          33192        16473             2.01
 6: 113/11       30          35517        18401             1.93
 7: 113/12       31          39378        20024             1.97
 8: 114/01       31          21618        12584             1.72
 9: 114/02       28          22092        12789             1.73
10: 114/03       31          29231        16896             1.73
11: 114/04       30          29366        17013             1.73
12: 114/05       31          28144        17029             1.65
13: 114/06       30          26380        15003             1.76
14: 114/07       31          20568        11724             1.75
15: 114/08       31          21582        11800             1.83
16: 114/09       30          30685        17577             1.75
17: 114/10       31          31272        18515             1.69
18: 114/11       30          26904        17144             1.57
19: 114/12       31          30073        19290             1.56
20: 115/01       31          21935        14355             1.53
21: 115/02       28          19357        12777             1.51
22: 115/03       31          28837        18803             1.53
23: 115/04       30          14146        10273             1.38
24: 115/05       31           8380         6500             1.29
25: 115/06       30           6991         5509             1.27
      月份 該月天數 該月總使用次數 該月使用人數 每人每月使用次數
    平均每日使用次數
               <num>
 1:            0.067
 2:            0.067
 3:            0.071
 4:            0.068
 5:            0.065
 6:            0.064
 7:            0.063
 8:            0.055
 9:            0.062
10:            0.056
11:            0.058
12:            0.053
13:            0.059
14:            0.057
15:            0.059
16:            0.058
17:            0.054
18:            0.052
19:            0.050
20:            0.049
21:            0.054
22:            0.049
23:            0.046
24:            0.042
25:            0.042
    平均每日使用次數

臺東市區
      月份 該月天數 該月總使用次數 該月使用人數 每人每月使用次數
    <char>    <int>          <int>        <int>            <num>
 1: 113/06       30          12307         6509             1.89
 2: 113/07       31          11517         6452             1.79
 3: 113/08       31          14744         8347             1.77
 4: 113/09       30          14431         7053             2.05
 5: 113/10       31          13452         6570             2.05
 6: 113/11       30          16156         7598             2.13
 7: 113/12       31          13756         6019             2.29
 8: 114/01       31          10935         5295             2.07
 9: 114/02       28          10139         4819             2.10
10: 114/03       31          12205         5633             2.17
11: 114/04       30          14381         7040             2.04
12: 114/05       31          14840         7427             2.00
13: 114/06       30          15131         7551             2.00
14: 114/07       31          12893         7134             1.81
15: 114/08       31          14386         8083             1.78
16: 114/09       30          11829         5875             2.01
17: 114/10       31          14427         7003             2.06
18: 114/11       30          11433         5591             2.04
19: 114/12       31          13272         6487             2.05
20: 115/01       31          11423         5548             2.06
21: 115/02       28          10483         5888             1.78
22: 115/03       31          12073         5880             2.05
23: 115/04       30          12648         6882             1.84
24: 115/05       31          16134         8299             1.94
25: 115/06       30          13533         7011             1.93
      月份 該月天數 該月總使用次數 該月使用人數 每人每月使用次數
    平均每日使用次數
               <num>
 1:            0.063
 2:            0.058
 3:            0.057
 4:            0.068
 5:            0.066
 6:            0.071
 7:            0.074
 8:            0.067
 9:            0.075
10:            0.070
11:            0.068
12:            0.064
13:            0.067
14:            0.058
15:            0.057
16:            0.067
17:            0.066
18:            0.068
19:            0.066
20:            0.066
21:            0.064
22:            0.066
23:            0.061
24:            0.063
25:            0.064
    平均每日使用次數


========================================
 2. 全部乘客各搭乘次數區間月人數
 ========================================

花蓮公路
      月份 使用人數 僅一次_人數 僅一次_比例 二至四次_人數 二至四次_比例
    <char>    <int>       <int>       <num>         <int>         <num>
 1: 113/06     8216        3946        48.0          3056          37.2
 2: 113/07     8224        3941        47.9          3124          38.0
 3: 113/08     9284        4728        50.9          3379          36.4
 4: 113/09     8945        4475        50.0          3174          35.5
 5: 113/10     9140        4310        47.2          3611          39.5
 6: 113/11    11517        5594        48.6          4575          39.7
 7: 113/12    10195        5165        50.7          3632          35.6
 8: 114/01     9284        4986        53.7          3165          34.1
 9: 114/02     8344        4456        53.4          2727          32.7
10: 114/03     9078        4467        49.2          3226          35.5
11: 114/04     9880        4967        50.3          3575          36.2
12: 114/05     9200        4758        51.7          3117          33.9
13: 114/06     8872        4466        50.3          3166          35.7
14: 114/07     9366        4805        51.3          3412          36.4
15: 114/08    10285        5181        50.4          3944          38.3
16: 114/09     8768        4193        47.8          3240          37.0
17: 114/10     9465        4828        51.0          3303          34.9
18: 114/11     7532        3679        48.8          2690          35.7
19: 114/12     8985        4412        49.1          3229          35.9
20: 115/01     8159        4095        50.2          2847          34.9
21: 115/02     9651        5261        54.5          3473          36.0
22: 115/03     9042        4501        49.8          3150          34.8
23: 115/04    10003        5100        51.0          3551          35.5
24: 115/05     9674        4972        51.4          3366          34.8
25: 115/06     8978        4564        50.8          3165          35.3
      月份 使用人數 僅一次_人數 僅一次_比例 二至四次_人數 二至四次_比例
    五次以上_人數 五次以上_比例 分類人數合計 人數檢查
            <int>         <num>        <int>   <lgcl>
 1:          1214          14.8         8216     TRUE
 2:          1159          14.1         8224     TRUE
 3:          1177          12.7         9284     TRUE
 4:          1296          14.5         8945     TRUE
 5:          1219          13.3         9140     TRUE
 6:          1348          11.7        11517     TRUE
 7:          1398          13.7        10195     TRUE
 8:          1133          12.2         9284     TRUE
 9:          1161          13.9         8344     TRUE
10:          1385          15.3         9078     TRUE
11:          1338          13.5         9880     TRUE
12:          1325          14.4         9200     TRUE
13:          1240          14.0         8872     TRUE
14:          1149          12.3         9366     TRUE
15:          1160          11.3        10285     TRUE
16:          1335          15.2         8768     TRUE
17:          1334          14.1         9465     TRUE
18:          1163          15.4         7532     TRUE
19:          1344          15.0         8985     TRUE
20:          1217          14.9         8159     TRUE
21:           917           9.5         9651     TRUE
22:          1391          15.4         9042     TRUE
23:          1352          13.5        10003     TRUE
24:          1336          13.8         9674     TRUE
25:          1249          13.9         8978     TRUE
    五次以上_人數 五次以上_比例 分類人數合計 人數檢查

臺東公路
      月份 使用人數 僅一次_人數 僅一次_比例 二至四次_人數 二至四次_比例
    <char>    <int>       <int>       <num>         <int>         <num>
 1: 113/06    15333        5458        35.6          6265          40.9
 2: 113/07    15364        5761        37.5          6224          40.5
 3: 113/08    17633        6667        37.8          6612          37.5
 4: 113/09    16652        5364        32.2          6422          38.6
 5: 113/10    16054        5260        32.8          6642          41.4
 6: 113/11    19244        6543        34.0          7926          41.2
 7: 113/12    17955        6108        34.0          7207          40.1
 8: 114/01    16584        6285        37.9          6567          39.6
 9: 114/02    15381        5669        36.9          6071          39.5
10: 114/03    16213        5445        33.6          6523          40.2
11: 114/04    17089        6266        36.7          6747          39.5
12: 114/05    15813        5399        34.1          6258          39.6
13: 114/06    15559        5531        35.5          6026          38.7
14: 114/07    15407        5973        38.8          6248          40.6
15: 114/08    17155        6815        39.7          6999          40.8
16: 114/09    14196        4774        33.6          5423          38.2
17: 114/10    16443        5356        32.6          6642          40.4
18: 114/11     9059        3574        39.5          3486          38.5
19: 114/12    17059        5882        34.5          6845          40.1
20: 115/01    15500        5510        35.5          6426          41.5
21: 115/02    16493        6445        39.1          6976          42.3
22: 115/03    15778        5464        34.6          6278          39.8
23: 115/04    17041        6343        37.2          6711          39.4
24: 115/05    16173        5883        36.4          6443          39.8
25: 115/06    15332        5543        36.2          6030          39.3
      月份 使用人數 僅一次_人數 僅一次_比例 二至四次_人數 二至四次_比例
    五次以上_人數 五次以上_比例 分類人數合計 人數檢查
            <int>         <num>        <int>   <lgcl>
 1:          3610          23.5        15333     TRUE
 2:          3379          22.0        15364     TRUE
 3:          4354          24.7        17633     TRUE
 4:          4866          29.2        16652     TRUE
 5:          4152          25.9        16054     TRUE
 6:          4775          24.8        19244     TRUE
 7:          4640          25.8        17955     TRUE
 8:          3732          22.5        16584     TRUE
 9:          3641          23.7        15381     TRUE
10:          4245          26.2        16213     TRUE
11:          4076          23.9        17089     TRUE
12:          4156          26.3        15813     TRUE
13:          4002          25.7        15559     TRUE
14:          3186          20.7        15407     TRUE
15:          3341          19.5        17155     TRUE
16:          3999          28.2        14196     TRUE
17:          4445          27.0        16443     TRUE
18:          1999          22.1         9059     TRUE
19:          4332          25.4        17059     TRUE
20:          3564          23.0        15500     TRUE
21:          3072          18.6        16493     TRUE
22:          4036          25.6        15778     TRUE
23:          3987          23.4        17041     TRUE
24:          3847          23.8        16173     TRUE
25:          3759          24.5        15332     TRUE
    五次以上_人數 五次以上_比例 分類人數合計 人數檢查

花蓮市區
      月份 使用人數 僅一次_人數 僅一次_比例 二至四次_人數 二至四次_比例
    <char>    <int>       <int>       <num>         <int>         <num>
 1: 113/06    12449        6072        48.8          5420          43.5
 2: 113/07    10051        4778        47.5          4322          43.0
 3: 113/08    11737        5565        47.4          4870          41.5
 4: 113/09    17604        8545        48.5          7532          42.8
 5: 113/10    16473        7875        47.8          7362          44.7
 6: 113/11    18401        9190        49.9          8041          43.7
 7: 113/12    20024        9985        49.9          8688          43.4
 8: 114/01    12584        7178        57.0          4863          38.6
 9: 114/02    12789        7085        55.4          5135          40.2
10: 114/03    16896        8857        52.4          7360          43.6
11: 114/04    17013        9291        54.6          7000          41.1
12: 114/05    17029        9336        54.8          7157          42.0
13: 114/06    15003        8135        54.2          6121          40.8
14: 114/07    11724        6649        56.7          4439          37.9
15: 114/08    11800        6608        56.0          4405          37.3
16: 114/09    17577        9259        52.7          7591          43.2
17: 114/10    18515       10110        54.6          7759          41.9
18: 114/11    17144        9374        54.7          7652          44.6
19: 114/12    19290       10537        54.6          8636          44.8
20: 115/01    14355        8294        57.8          5978          41.6
21: 115/02    12777        7607        59.5          5096          39.9
22: 115/03    18803       10454        55.6          8293          44.1
23: 115/04    10273        7049        68.6          3188          31.0
24: 115/05     6500        4931        75.9          1536          23.6
25: 115/06     5509        4254        77.2          1239          22.5
      月份 使用人數 僅一次_人數 僅一次_比例 二至四次_人數 二至四次_比例
    五次以上_人數 五次以上_比例 分類人數合計 人數檢查
            <int>         <num>        <int>   <lgcl>
 1:           957           7.7        12449     TRUE
 2:           951           9.5        10051     TRUE
 3:          1302          11.1        11737     TRUE
 4:          1527           8.7        17604     TRUE
 5:          1236           7.5        16473     TRUE
 6:          1170           6.4        18401     TRUE
 7:          1351           6.7        20024     TRUE
 8:           543           4.3        12584     TRUE
 9:           569           4.4        12789     TRUE
10:           679           4.0        16896     TRUE
11:           722           4.2        17013     TRUE
12:           536           3.1        17029     TRUE
13:           747           5.0        15003     TRUE
14:           636           5.4        11724     TRUE
15:           787           6.7        11800     TRUE
16:           727           4.1        17577     TRUE
17:           646           3.5        18515     TRUE
18:           118           0.7        17144     TRUE
19:           117           0.6        19290     TRUE
20:            83           0.6        14355     TRUE
21:            74           0.6        12777     TRUE
22:            56           0.3        18803     TRUE
23:            36           0.4        10273     TRUE
24:            33           0.5         6500     TRUE
25:            16           0.3         5509     TRUE
    五次以上_人數 五次以上_比例 分類人數合計 人數檢查

臺東市區
      月份 使用人數 僅一次_人數 僅一次_比例 二至四次_人數 二至四次_比例
    <char>    <int>       <int>       <num>         <int>         <num>
 1: 113/06     6509        3827        58.8          2422          37.2
 2: 113/07     6452        3894        60.4          2355          36.5
 3: 113/08     8347        5025        60.2          3036          36.4
 4: 113/09     7053        3900        55.3          2809          39.8
 5: 113/10     6570        3631        55.3          2580          39.3
 6: 113/11     7598        3888        51.2          3250          42.8
 7: 113/12     6019        3278        54.5          2358          39.2
 8: 114/01     5295        3040        57.4          1955          36.9
 9: 114/02     4819        2766        57.4          1741          36.1
10: 114/03     5633        3243        57.6          2070          36.7
11: 114/04     7040        3964        56.3          2757          39.2
12: 114/05     7427        4355        58.6          2752          37.1
13: 114/06     7551        4332        57.4          2894          38.3
14: 114/07     7134        4293        60.2          2585          36.2
15: 114/08     8083        4761        58.9          3083          38.1
16: 114/09     5875        3417        58.2          2152          36.6
17: 114/10     7003        3947        56.4          2724          38.9
18: 114/11     5591        3161        56.5          2148          38.4
19: 114/12     6487        3754        57.9          2414          37.2
20: 115/01     5548        3217        58.0          2033          36.6
21: 115/02     5888        3517        59.7          2165          36.8
22: 115/03     5880        3421        58.2          2172          36.9
23: 115/04     6882        4093        59.5          2522          36.6
24: 115/05     8299        4653        56.1          3275          39.5
25: 115/06     7011        4054        57.8          2637          37.6
      月份 使用人數 僅一次_人數 僅一次_比例 二至四次_人數 二至四次_比例
    五次以上_人數 五次以上_比例 分類人數合計 人數檢查
            <int>         <num>        <int>   <lgcl>
 1:           260           4.0         6509     TRUE
 2:           203           3.1         6452     TRUE
 3:           286           3.4         8347     TRUE
 4:           344           4.9         7053     TRUE
 5:           359           5.5         6570     TRUE
 6:           460           6.1         7598     TRUE
 7:           383           6.4         6019     TRUE
 8:           300           5.7         5295     TRUE
 9:           312           6.5         4819     TRUE
10:           320           5.7         5633     TRUE
11:           319           4.5         7040     TRUE
12:           320           4.3         7427     TRUE
13:           325           4.3         7551     TRUE
14:           256           3.6         7134     TRUE
15:           239           3.0         8083     TRUE
16:           306           5.2         5875     TRUE
17:           332           4.7         7003     TRUE
18:           282           5.0         5591     TRUE
19:           319           4.9         6487     TRUE
20:           298           5.4         5548     TRUE
21:           206           3.5         5888     TRUE
22:           287           4.9         5880     TRUE
23:           267           3.9         6882     TRUE
24:           371           4.5         8299     TRUE
25:           320           4.6         7011     TRUE
    五次以上_人數 五次以上_比例 分類人數合計 人數檢查


========================================
 3. TPASS乘客各搭乘次數區間月人數
 ========================================

花蓮公路
      月份 使用人數 僅一次_人數 僅一次_比例 二至四次_人數 二至四次_比例
    <char>    <int>       <int>       <num>         <int>         <num>
 1: 113/06      613         152        24.8           194          31.6
 2: 113/07      513         145        28.3           154          30.0
 3: 113/08      598         187        31.3           207          34.6
 4: 113/09      699         191        27.3           190          27.2
 5: 113/10      670         186        27.8           193          28.8
 6: 113/11      709         208        29.3           198          27.9
 7: 113/12      708         190        26.8           203          28.7
 8: 114/01      671         199        29.7           224          33.4
 9: 114/02      671         198        29.5           196          29.2
10: 114/03      717         189        26.4           207          28.9
11: 114/04      727         195        26.8           219          30.1
12: 114/05      722         188        26.0           212          29.4
13: 114/06      738         216        29.3           250          33.9
14: 114/07      673         189        28.1           226          33.6
15: 114/08      695         248        35.7           224          32.2
16: 114/09      752         185        24.6           219          29.1
17: 114/10      800         236        29.5           237          29.6
18: 114/11      675         172        25.5           174          25.8
19: 114/12      856         267        31.2           240          28.0
20: 115/01      794         236        29.7           251          31.6
21: 115/02      744         238        32.0           307          41.3
22: 115/03      796         226        28.4           224          28.1
23: 115/04      866         255        29.4           257          29.7
24: 115/05      852         245        28.8           269          31.6
25: 115/06      839         265        31.6           264          31.5
      月份 使用人數 僅一次_人數 僅一次_比例 二至四次_人數 二至四次_比例
    五次以上_人數 五次以上_比例 分類人數合計 人數檢查
            <int>         <num>        <int>   <lgcl>
 1:           267          43.6          613     TRUE
 2:           214          41.7          513     TRUE
 3:           204          34.1          598     TRUE
 4:           318          45.5          699     TRUE
 5:           291          43.4          670     TRUE
 6:           303          42.7          709     TRUE
 7:           315          44.5          708     TRUE
 8:           248          37.0          671     TRUE
 9:           277          41.3          671     TRUE
10:           321          44.8          717     TRUE
11:           313          43.1          727     TRUE
12:           322          44.6          722     TRUE
13:           272          36.9          738     TRUE
14:           258          38.3          673     TRUE
15:           223          32.1          695     TRUE
16:           348          46.3          752     TRUE
17:           327          40.9          800     TRUE
18:           329          48.7          675     TRUE
19:           349          40.8          856     TRUE
20:           307          38.7          794     TRUE
21:           199          26.7          744     TRUE
22:           346          43.5          796     TRUE
23:           354          40.9          866     TRUE
24:           338          39.7          852     TRUE
25:           310          36.9          839     TRUE
    五次以上_人數 五次以上_比例 分類人數合計 人數檢查

臺東公路
      月份 使用人數 僅一次_人數 僅一次_比例 二至四次_人數 二至四次_比例
    <char>    <int>       <int>       <num>         <int>         <num>
 1: 113/06     1380         103         7.5           335          24.3
 2: 113/07     1228         119         9.7           383          31.2
 3: 113/08     1411         212        15.0           436          30.9
 4: 113/09     1791         146         8.2           363          20.3
 5: 113/10     1783         147         8.2           380          21.3
 6: 113/11     1887         148         7.8           404          21.4
 7: 113/12     1899         131         6.9           375          19.7
 8: 114/01     1789         137         7.7           424          23.7
 9: 114/02     1818         151         8.3           438          24.1
10: 114/03     1967         147         7.5           377          19.2
11: 114/04     1909         142         7.4           404          21.2
12: 114/05     1952         118         6.0           387          19.8
13: 114/06     1967         159         8.1           502          25.5
14: 114/07     1661         206        12.4           546          32.9
15: 114/08     1651         197        11.9           563          34.1
16: 114/09     2126         172         8.1           484          22.8
17: 114/10     2231         165         7.4           492          22.1
18: 114/11     1232         187        15.2           410          33.3
19: 114/12     2286         186         8.1           485          21.2
20: 115/01     2173         215         9.9           569          26.2
21: 115/02     2013         222        11.0           694          34.5
22: 115/03     2190         160         7.3           509          23.2
23: 115/04     2270         189         8.3           508          22.4
24: 115/05     2356         217         9.2           582          24.7
25: 115/06     2334         196         8.4           573          24.6
      月份 使用人數 僅一次_人數 僅一次_比例 二至四次_人數 二至四次_比例
    五次以上_人數 五次以上_比例 分類人數合計 人數檢查
            <int>         <num>        <int>   <lgcl>
 1:           942          68.3         1380     TRUE
 2:           726          59.1         1228     TRUE
 3:           763          54.1         1411     TRUE
 4:          1282          71.6         1791     TRUE
 5:          1256          70.4         1783     TRUE
 6:          1335          70.7         1887     TRUE
 7:          1393          73.4         1899     TRUE
 8:          1228          68.6         1789     TRUE
 9:          1229          67.6         1818     TRUE
10:          1443          73.4         1967     TRUE
11:          1363          71.4         1909     TRUE
12:          1447          74.1         1952     TRUE
13:          1306          66.4         1967     TRUE
14:           909          54.7         1661     TRUE
15:           891          54.0         1651     TRUE
16:          1470          69.1         2126     TRUE
17:          1574          70.6         2231     TRUE
18:           635          51.5         1232     TRUE
19:          1615          70.6         2286     TRUE
20:          1389          63.9         2173     TRUE
21:          1097          54.5         2013     TRUE
22:          1521          69.5         2190     TRUE
23:          1573          69.3         2270     TRUE
24:          1557          66.1         2356     TRUE
25:          1565          67.1         2334     TRUE
    五次以上_人數 五次以上_比例 分類人數合計 人數檢查

花蓮市區
      月份 使用人數 僅一次_人數 僅一次_比例 二至四次_人數 二至四次_比例
    <char>    <int>       <int>       <num>         <int>         <num>
 1: 113/06     2113         969        45.9          1138          53.9
 2: 113/07     1631         605        37.1          1023          62.7
 3: 113/08     1724         725        42.1           993          57.6
 4: 113/09     3390        1536        45.3          1846          54.5
 5: 113/10     3661        1545        42.2          2105          57.5
 6: 113/11     4155        1762        42.4          2381          57.3
 7: 113/12     4745        2039        43.0          2689          56.7
 8: 114/01     2550        1064        41.7          1480          58.0
 9: 114/02     3373        1352        40.1          2011          59.6
10: 114/03     5205        1993        38.3          3196          61.4
11: 114/04     4753        1977        41.6          2764          58.2
12: 114/05     4996        1987        39.8          2993          59.9
13: 114/06     4090        1681        41.1          2396          58.6
14: 114/07     2672        1063        39.8          1597          59.8
15: 114/08     2259         912        40.4          1343          59.5
16: 114/09     5307        2229        42.0          3051          57.5
17: 114/10     5983        2447        40.9          3518          58.8
18: 114/11     5799        2381        41.1          3402          58.7
19: 114/12     6530        2730        41.8          3776          57.8
20: 115/01     4068        1807        44.4          2238          55.0
21: 115/02     2721        1131        41.6          1583          58.2
22: 115/03     6438        2749        42.7          3683          57.2
23: 115/04     2236        1373        61.4           861          38.5
24: 115/05     1119         880        78.6           237          21.2
25: 115/06     1036         813        78.5           220          21.2
      月份 使用人數 僅一次_人數 僅一次_比例 二至四次_人數 二至四次_比例
    五次以上_人數 五次以上_比例 分類人數合計 人數檢查
            <int>         <num>        <int>   <lgcl>
 1:             6           0.3         2113     TRUE
 2:             3           0.2         1631     TRUE
 3:             6           0.3         1724     TRUE
 4:             8           0.2         3390     TRUE
 5:            11           0.3         3661     TRUE
 6:            12           0.3         4155     TRUE
 7:            17           0.4         4745     TRUE
 8:             6           0.2         2550     TRUE
 9:            10           0.3         3373     TRUE
10:            16           0.3         5205     TRUE
11:            12           0.3         4753     TRUE
12:            16           0.3         4996     TRUE
13:            13           0.3         4090     TRUE
14:            12           0.4         2672     TRUE
15:             4           0.2         2259     TRUE
16:            27           0.5         5307     TRUE
17:            18           0.3         5983     TRUE
18:            16           0.3         5799     TRUE
19:            24           0.4         6530     TRUE
20:            23           0.6         4068     TRUE
21:             7           0.3         2721     TRUE
22:             6           0.1         6438     TRUE
23:             2           0.1         2236     TRUE
24:             2           0.2         1119     TRUE
25:             3           0.3         1036     TRUE
    五次以上_人數 五次以上_比例 分類人數合計 人數檢查

臺東市區
      月份 使用人數 僅一次_人數 僅一次_比例 二至四次_人數 二至四次_比例
    <char>    <int>       <int>       <num>         <int>         <num>
 1: 113/06      215          77        35.8            52          24.2
 2: 113/07      160          54        33.8            59          36.9
 3: 113/08      229          96        41.9            84          36.7
 4: 113/09      304          82        27.0            89          29.3
 5: 113/10      302         100        33.1            75          24.8
 6: 113/11      329          89        27.1           102          31.0
 7: 113/12      309          87        28.2            84          27.2
 8: 114/01      288          86        29.9            85          29.5
 9: 114/02      299          82        27.4           102          34.1
10: 114/03      303          84        27.7            83          27.4
11: 114/04      338          91        26.9           115          34.0
12: 114/05      363         102        28.1           123          33.9
13: 114/06      362          95        26.2           128          35.4
14: 114/07      290          98        33.8           115          39.7
15: 114/08      351         138        39.3           142          40.5
16: 114/09      375         102        27.2           140          37.3
17: 114/10      403         107        26.6           150          37.2
18: 114/11      325         108        33.2           110          33.8
19: 114/12      330          98        29.7           114          34.5
20: 115/01      316          98        31.0           117          37.0
21: 115/02      280         103        36.8           121          43.2
22: 115/03      343         121        35.3           111          32.4
23: 115/04      339         133        39.2           106          31.3
24: 115/05      415         150        36.1           148          35.7
25: 115/06      430         140        32.6           167          38.8
      月份 使用人數 僅一次_人數 僅一次_比例 二至四次_人數 二至四次_比例
    五次以上_人數 五次以上_比例 分類人數合計 人數檢查
            <int>         <num>        <int>   <lgcl>
 1:            86          40.0          215     TRUE
 2:            47          29.4          160     TRUE
 3:            49          21.4          229     TRUE
 4:           133          43.8          304     TRUE
 5:           127          42.1          302     TRUE
 6:           138          41.9          329     TRUE
 7:           138          44.7          309     TRUE
 8:           117          40.6          288     TRUE
 9:           115          38.5          299     TRUE
10:           136          44.9          303     TRUE
11:           132          39.1          338     TRUE
12:           138          38.0          363     TRUE
13:           139          38.4          362     TRUE
14:            77          26.6          290     TRUE
15:            71          20.2          351     TRUE
16:           133          35.5          375     TRUE
17:           146          36.2          403     TRUE
18:           107          32.9          325     TRUE
19:           118          35.8          330     TRUE
20:           101          32.0          316     TRUE
21:            56          20.0          280     TRUE
22:           111          32.4          343     TRUE
23:           100          29.5          339     TRUE
24:           117          28.2          415     TRUE
25:           123          28.6          430     TRUE
    五次以上_人數 五次以上_比例 分類人數合計 人數檢查
花蓮市區筆數： 791910 
花蓮公路筆數： 904157 
花蓮地區合併後筆數： 1696067 

臺東市區筆數： 379783 
臺東公路筆數： 2248432 
臺東地區合併後筆數： 2628215 
      月份 總搭乘紀錄數 總轉乘次數 TPASS搭乘紀錄數 TPASS轉乘次數
    <char>        <int>      <int>           <int>         <int>
 1: 113/06        52581       2590            8042           262
 2: 113/07        44543       2270            6050           189
 3: 113/08        52135       2673            6319           245
 4: 113/09        65334       2732           11347           360
 5: 113/10        61107       2577           11421           373
 6: 113/11        69078       2677           12851           375
 7: 113/12        70274       2839           13510           398
 8: 114/01        46993       1833            8345           179
 9: 114/02        47089       1890           10216           266
10: 114/03        60770       2363           15500           381
11: 114/04        61179       2506           14130           325
12: 114/05        59473       2608           14927           439
13: 114/06        55756       2556           12556           330
14: 114/07        48535       2285            9046           333
15: 114/08        50385       2485            7651           285
16: 114/09        61038       2651           15329           445
17: 114/10        62662       2499           16657           435
18: 114/11        52856       2385           15676           438
19: 114/12        61303       2744           17964           435
20: 115/01        49529       2665           12577           438
21: 115/02        43503       2119            7867           258
22: 115/03        62941       2653           18292           428
23: 115/04        48451       2155           10296           242
24: 115/05        41526       2131            8348           252
25: 115/06        36263       2054            7154           266
      月份 總搭乘紀錄數 總轉乘次數 TPASS搭乘紀錄數 TPASS轉乘次數
    其他票種搭乘紀錄數 其他票種轉乘次數 平均轉乘次數 TPASS平均轉乘次數
                 <int>            <int>        <num>             <num>
 1:              44539             2328       0.0493            0.0326
 2:              38493             2081       0.0510            0.0312
 3:              45816             2428       0.0513            0.0388
 4:              53987             2372       0.0418            0.0317
 5:              49686             2204       0.0422            0.0327
 6:              56227             2302       0.0388            0.0292
 7:              56764             2441       0.0404            0.0295
 8:              38648             1654       0.0390            0.0214
 9:              36873             1624       0.0401            0.0260
10:              45270             1982       0.0389            0.0246
11:              47049             2181       0.0410            0.0230
12:              44546             2169       0.0439            0.0294
13:              43200             2226       0.0458            0.0263
14:              39489             1952       0.0471            0.0368
15:              42734             2200       0.0493            0.0373
16:              45709             2206       0.0434            0.0290
17:              46005             2064       0.0399            0.0261
18:              37180             1947       0.0451            0.0279
19:              43339             2309       0.0448            0.0242
20:              36952             2227       0.0538            0.0348
21:              35636             1861       0.0487            0.0328
22:              44649             2225       0.0422            0.0234
23:              38155             1913       0.0445            0.0235
24:              33178             1879       0.0513            0.0302
25:              29109             1788       0.0566            0.0372
    其他票種搭乘紀錄數 其他票種轉乘次數 平均轉乘次數 TPASS平均轉乘次數
    其他票種平均轉乘次數
                   <num>
 1:               0.0523
 2:               0.0541
 3:               0.0530
 4:               0.0439
 5:               0.0444
 6:               0.0409
 7:               0.0430
 8:               0.0428
 9:               0.0440
10:               0.0438
11:               0.0464
12:               0.0487
13:               0.0515
14:               0.0494
15:               0.0515
16:               0.0483
17:               0.0449
18:               0.0524
19:               0.0533
20:               0.0603
21:               0.0522
22:               0.0498
23:               0.0501
24:               0.0566
25:               0.0614
    其他票種平均轉乘次數
      月份 總搭乘紀錄數 總轉乘次數 TPASS搭乘紀錄數 TPASS轉乘次數
    <char>        <int>      <int>           <int>         <int>
 1: 113/06        82173       9149           20600          1950
 2: 113/07        73139       8646           13653          1447
 3: 113/08        88114      10327           15108          1540
 4: 113/09       101358      10563           29618          2508
 5: 113/10        91764       9795           27743          2051
 6: 113/11       108143      12075           31523          2360
 7: 113/12       107636      11321           35319          2678
 8: 114/01        82760       9643           24225          2148
 9: 114/02        78456       8555           23739          1974
10: 114/03        98406      10278           34808          2662
11: 114/04        97653      10171           32678          2413
12: 114/05        97488      10307           33829          2693
13: 114/06        92358      10124           29993          2782
14: 114/07        74013       8961           17353          1892
15: 114/08        77974       7811           15824          1473
16: 114/09        89640       7699           33090          1986
17: 114/10       101621      10450           35337          2629
18: 114/11        47004       4899           12462           845
19: 114/12       101973      10095           36966          2446
20: 115/01        81946       7411           28336          1898
21: 115/02        67155       6951           15867          1559
22: 115/03        93772       8186           35317          2041
23: 115/04        94357       8348           34038          1945
24: 115/05        93765       8452           33609          2000
25: 115/06        88058       8194           31791          2029
      月份 總搭乘紀錄數 總轉乘次數 TPASS搭乘紀錄數 TPASS轉乘次數
    其他票種搭乘紀錄數 其他票種轉乘次數 平均轉乘次數 TPASS平均轉乘次數
                 <int>            <int>        <num>             <num>
 1:              61573             7199       0.1113            0.0947
 2:              59486             7199       0.1182            0.1060
 3:              73006             8787       0.1172            0.1019
 4:              71740             8055       0.1042            0.0847
 5:              64021             7744       0.1067            0.0739
 6:              76620             9715       0.1117            0.0749
 7:              72317             8643       0.1052            0.0758
 8:              58535             7495       0.1165            0.0887
 9:              54717             6581       0.1090            0.0832
10:              63598             7616       0.1044            0.0765
11:              64975             7758       0.1042            0.0738
12:              63659             7614       0.1057            0.0796
13:              62365             7342       0.1096            0.0928
14:              56660             7069       0.1211            0.1090
15:              62150             6338       0.1002            0.0931
16:              56550             5713       0.0859            0.0600
17:              66284             7821       0.1028            0.0744
18:              34542             4054       0.1042            0.0678
19:              65007             7649       0.0990            0.0662
20:              53610             5513       0.0904            0.0670
21:              51288             5392       0.1035            0.0983
22:              58455             6145       0.0873            0.0578
23:              60319             6403       0.0885            0.0571
24:              60156             6452       0.0901            0.0595
25:              56267             6165       0.0931            0.0638
    其他票種搭乘紀錄數 其他票種轉乘次數 平均轉乘次數 TPASS平均轉乘次數
    其他票種平均轉乘次數
                   <num>
 1:               0.1169
 2:               0.1210
 3:               0.1204
 4:               0.1123
 5:               0.1210
 6:               0.1268
 7:               0.1195
 8:               0.1280
 9:               0.1203
10:               0.1198
11:               0.1194
12:               0.1196
13:               0.1177
14:               0.1248
15:               0.1020
16:               0.1010
17:               0.1180
18:               0.1174
19:               0.1177
20:               0.1028
21:               0.1051
22:               0.1051
23:               0.1062
24:               0.1073
25:               0.1096
    其他票種平均轉乘次數

============================
 花蓮地區
 ============================
   可追蹤搭乘紀錄數 可辨識轉乘事件數 轉乘比例 最小轉乘間隔 最大轉乘間隔
              <int>            <int>    <num>        <num>        <num>
1:          1365304            60940     4.46            0          120

============================
 臺東地區
 ============================
   可追蹤搭乘紀錄數 可辨識轉乘事件數 轉乘比例 最小轉乘間隔 最大轉乘間隔
              <int>            <int>    <num>        <num>        <num>
1:          2210726           228411    10.33            0          120

============================================================
完成。耗時： 5.2 mins 
fig： 22 張
tbl： 4 份
============================================================
