[結構差異] 平均每日使用次數及其族群分布.xlsx / 平均每日_花蓮市區 → 單日平均_花蓮市區：舊有新無 該月天數,平均每日使用次數；新有舊無 

===== 新舊 xlsx 差異摘要 =====
                                 檔案              分頁 差異儲存格數
                               <char>            <char>        <int>
 1:                TPASS使用比例.xlsx          花蓮公路           48
 2:                TPASS使用比例.xlsx          臺東公路            4
 3:                TPASS使用比例.xlsx          花蓮市區           33
 4:                TPASS使用比例.xlsx          臺東市區           24
 5:               月平均搭乘里程.xlsx          花蓮公路           72
 6:               月平均搭乘里程.xlsx          臺東公路            3
 7:               月平均搭乘里程.xlsx          花蓮市區            3
 8:               月平均搭乘里程.xlsx          臺東市區            4
 9: 平均每日使用次數及其族群分布.xlsx 平均每日_花蓮公路           39
10: 平均每日使用次數及其族群分布.xlsx 平均每日_臺東公路            4
11: 平均每日使用次數及其族群分布.xlsx 平均每日_花蓮市區           21
12: 平均每日使用次數及其族群分布.xlsx 平均每日_臺東市區           21
13: 平均每日使用次數及其族群分布.xlsx 全部乘客_花蓮公路           87
14: 平均每日使用次數及其族群分布.xlsx 全部乘客_臺東公路            4
15: 平均每日使用次數及其族群分布.xlsx 全部乘客_花蓮市區           38
16: 平均每日使用次數及其族群分布.xlsx 全部乘客_臺東市區           34
17: 平均每日使用次數及其族群分布.xlsx    TPASS_花蓮公路           26
18: 平均每日使用次數及其族群分布.xlsx    TPASS_臺東公路            6
19: 平均每日使用次數及其族群分布.xlsx    TPASS_花蓮市區           38
20: 平均每日使用次數及其族群分布.xlsx    TPASS_臺東市區           28
21:                 平均轉乘次數.xlsx          花蓮地區            0
22:                 平均轉乘次數.xlsx          臺東地區            0
                                 檔案              分頁 差異儲存格數
                                                                                                                                                                          差異月份
                                                                                                                                                                            <char>
 1: 113/06 113/07 113/08 113/09 113/10 113/11 113/12 114/01 114/02 114/03 114/04 114/05 114/06 114/07 114/08 114/09 114/10 114/11 114/12 115/01 115/02 115/03 115/04 115/05 115/06
 2:                                                                                                                                                                  114/10 115/04
 3:                                                         113/07 113/09 113/10 113/11 113/12 114/01 114/02 114/03 114/04 114/05 114/06 114/08 114/09 114/10 114/11 114/12 115/04
 4:                                                                                     113/06 113/07 113/08 113/09 113/11 113/12 114/01 114/02 114/03 114/06 114/07 114/09 114/10
 5: 113/06 113/07 113/08 113/09 113/10 113/11 113/12 114/01 114/02 114/03 114/04 114/05 114/06 114/07 114/08 114/09 114/10 114/11 114/12 115/01 115/02 115/03 115/04 115/05 115/06
 6:                                                                                                                                                                         115/04
 7:                                                                                                                                                                         115/04
 8:                                                                                                                                                                  113/07 114/02
 9: 113/06 113/07 113/08 113/09 113/10 113/11 113/12 114/01 114/02 114/03 114/04 114/05 114/06 114/07 114/08 114/09 114/10 114/11 114/12 115/01 115/02 115/03 115/04 115/05 115/06
10:                                                                                                                                                                  114/10 115/04
11:                                                         113/07 113/09 113/10 113/11 113/12 114/01 114/02 114/03 114/04 114/05 114/06 114/08 114/09 114/10 114/11 114/12 115/04
12:                                                                                     113/06 113/07 113/08 113/09 113/11 113/12 114/01 114/02 114/03 114/06 114/07 114/09 114/10
13:        113/06 113/08 113/10 113/11 113/12 114/01 114/02 114/03 114/04 114/06 114/07 114/08 114/10 114/11 114/12 115/03 115/04 115/05 115/06 113/07 113/09 114/05 114/09 115/02
14:                                                                                                                                                                         115/04
15:                                                                                                          113/10 113/11 114/02 114/03 114/04 114/06 114/08 114/09 114/10 115/04
16:                                                                                                                 113/06 113/07 114/01 114/02 114/06 114/09 114/10 113/08 113/09
17:                                                                                                                                      114/06 115/04 113/11 115/03 115/05 115/06
18:                                                                                                                                                                         115/04
19:                                                                                                          113/10 113/11 114/02 114/03 114/04 114/06 114/08 114/09 114/10 115/04
20:                                                                                                                                             113/07 114/02 114/09 114/10 113/08
21:                                                                                                                                                                               
22:                                                                                                                                                                               
                                                                                                                                                                          差異月份

===== 差異超過 0.5% 的儲存格 =====
                    檔案     分頁   月份              欄位      舊值      新值
                  <char>   <char> <char>            <char>     <num>     <num>
  1:  TPASS使用比例.xlsx 臺東公路 115/04        總搭乘人次  82504.00  81709.00
  2:  TPASS使用比例.xlsx 臺東公路 115/04         TPASS比例     39.30     39.60
  3:  TPASS使用比例.xlsx 臺東市區 113/07        總搭乘人次  23036.00  11517.00
  4:  TPASS使用比例.xlsx 臺東市區 113/07     TPASS搭乘人次   1704.00    852.00
  5:  TPASS使用比例.xlsx 臺東市區 114/02        總搭乘人次  20278.00  10139.00
 ---                                                                          
227: 月平均搭乘里程.xlsx 花蓮公路 115/06          搭乘人次  29551.00  29272.00
228: 月平均搭乘里程.xlsx 花蓮公路 115/06 平均搭乘里程_公里     22.03     22.17
229: 月平均搭乘里程.xlsx 花蓮市區 115/04          搭乘人次  19989.00  14121.00
230: 月平均搭乘里程.xlsx 花蓮市區 115/04        總延人公里 219869.94 161012.04
231: 月平均搭乘里程.xlsx 花蓮市區 115/04 平均搭乘里程_公里     11.00     11.40
          差異  差異%
         <num>  <num>
  1:   -795.00  -0.96
  2:      0.30   0.76
  3: -11519.00 -50.00
  4:   -852.00 -50.00
  5: -10139.00 -50.00
 ---                 
227:   -279.00  -0.94
228:      0.14   0.64
229:  -5868.00 -29.36
230: -58857.90 -26.77
231:      0.40   3.64

===== 與 review 獨立重算交叉比對 =====
  平均每日_花蓮公路 vs A4          該月總使用次數 vs 總使用次數_列數 最大差 3  不一致 10/25
  平均每日_花蓮公路 vs A4          該月使用人數 vs 使用人數 最大差 0  不一致 0/25
  平均每日_花蓮公路 vs A4          平均每日使用次數 vs 平均每日_列數基準 最大差 0.001  不一致 1/25
  全部乘客_花蓮公路 vs A4          僅一次_人數 vs 僅一次 最大差 1  不一致 1/25
  全部乘客_花蓮公路 vs A4          二至四次_人數 vs 二至四次 最大差 1  不一致 3/25
  全部乘客_花蓮公路 vs A4          五次以上_人數 vs 五次以上 最大差 1  不一致 2/25
  全部乘客_花蓮公路 vs A4          使用人數 vs rev_使用人數 最大差 0  不一致 0/25
  TPASS比例_花蓮市區 vs A7去重     總搭乘人次 vs 總使用次數 最大差 0  不一致 0/25
  TPASS比例_花蓮市區 vs A7去重     TPASS搭乘人次 vs TPASS人次 最大差 0  不一致 0/25
  全部乘客_花蓮市區 vs A7去重    僅一次_人數 vs 全部_僅一次 最大差 0  不一致 0/25
  全部乘客_花蓮市區 vs A7去重    二至四次_人數 vs 全部_二至四次 最大差 0  不一致 0/25
  全部乘客_花蓮市區 vs A7去重    五次以上_人數 vs 全部_五次以上 最大差 0  不一致 0/25
  TPASS_花蓮市區 vs A7去重           僅一次_人數 vs TPASS_僅一次 最大差 0  不一致 0/25
  TPASS_花蓮市區 vs A7去重           二至四次_人數 vs TPASS_二至四次 最大差 0  不一致 0/25
  TPASS_花蓮市區 vs A7去重           五次以上_人數 vs TPASS_五次以上 最大差 0  不一致 0/25
  TPASS比例_臺東市區 vs A7去重     總搭乘人次 vs 總使用次數 最大差 0  不一致 0/25
  TPASS比例_臺東市區 vs A7去重     TPASS搭乘人次 vs TPASS人次 最大差 0  不一致 0/25
  全部乘客_臺東市區 vs A7去重    僅一次_人數 vs 全部_僅一次 最大差 0  不一致 0/25
  全部乘客_臺東市區 vs A7去重    二至四次_人數 vs 全部_二至四次 最大差 0  不一致 0/25
  全部乘客_臺東市區 vs A7去重    五次以上_人數 vs 全部_五次以上 最大差 0  不一致 0/25
  TPASS_臺東市區 vs A7去重           僅一次_人數 vs TPASS_僅一次 最大差 0  不一致 0/25
  TPASS_臺東市區 vs A7去重           二至四次_人數 vs TPASS_二至四次 最大差 0  不一致 0/25
  TPASS_臺東市區 vs A7去重           五次以上_人數 vs TPASS_五次以上 最大差 0  不一致 0/25
  平均每日_臺東市區 vs A7去重    該月總使用次數 vs 總使用次數 最大差 0  不一致 0/25
  平均每日_臺東市區 vs A7去重    該月使用人數 vs 使用人數 最大差 0  不一致 0/25
  平均每日_臺東市區 vs A7去重    平均每日使用次數 vs rev_平均每日使用次數 最大差 0  不一致 0/25
  單日平均_花蓮市區 vs A7去重    該月總使用次數 vs 總使用次數 最大差 0  不一致 0/25
  單日平均_花蓮市區 vs A7去重    使用人合計日數 vs rev_使用人合計日數 最大差 0  不一致 0/25
  單日平均_花蓮市區 vs A7去重    單日平均使用次數 vs rev_單日平均使用次數 最大差 0  不一致 0/25
  花蓮市區里程 vs A6（加權版，僅供參考） 平均搭乘里程_公里 vs 全部_里程 最大差 0.4  不一致 1/25

已寫出： D:\Github\115_Final-Report/revise/output/數值對帳.csv 
